D/FluidRenderer(25030): cell: (45, 47)
D/FluidRenderer(25030): Force: (-5, 3)
D/FluidRenderer(25030): cell: (45, 48)
D/FluidRenderer(25030): Force: (-6, 3)
D/FluidRenderer(25030): cell: (44, 48)
D/FluidRenderer(25030): Force: (-8, 3)
D/FluidRenderer(25030): cell: (43, 48)
D/FluidRenderer(25030): Force: (-8, 2)
D/FluidRenderer(25030): cell: (43, 48)
D/FluidRenderer(25030): Force: (-6, 1)
D/FluidRenderer(25030): cell: (42, 49)
D/FluidRenderer(25030): Force: (-6, 1)
D/FluidRenderer(25030): cell: (42, 49)
D/FluidRenderer(25030): Force: (-6, 0)
D/FluidRenderer(25030): cell: (41, 49)
D/FluidRenderer(25030): Force: (-7, 0)
D/FluidRenderer(25030): cell: (40, 49)
D/FluidRenderer(25030): Force: (-8, 0)
D/FluidRenderer(25030): cell: (40, 49)
D/FluidRenderer(25030): Force: (-8, -1)
D/FluidRenderer(25030): cell: (39, 49)
D/FluidRenderer(25030): Force: (-8, -1)
D/FluidRenderer(25030): cell: (38, 49)
D/FluidRenderer(25030): Force: (-8, -1)
D/FluidRenderer(25030): cell: (38, 49)
D/FluidRenderer(25030): Force: (-11, -2)
D/FluidRenderer(25030): cell: (36, 49)
D/FluidRenderer(25030): Force: (-11, -4)
D/FluidRenderer(25030): cell: (35, 49)
D/FluidRenderer(25030): Force: (-15, -7)
D/FluidRenderer(25030): cell: (34, 48)
D/FluidRenderer(25030): Force: (-18, -9)
D/FluidRenderer(25030): cell: (32, 48)
D/FluidRenderer(25030): Force: (-19, -9)
D/FluidRenderer(25030): cell: (30, 47)
D/FluidRenderer(25030): Force: (-17, -13)
D/FluidRenderer(25030): cell: (29, 46)
D/FluidRenderer(25030): Force: (-15, -12)
D/FluidRenderer(25030): cell: (27, 45)
D/FluidRenderer(25030): Force: (-23, -19)
D/FluidRenderer(25030): cell: (25, 44)
D/FluidRenderer(25030): Force: (-21, -21)
D/FluidRenderer(25030): cell: (23, 43)
D/FluidRenderer(25030): Force: (-10, -12)
D/FluidRenderer(25030): cell: (22, 42)
D/FluidRenderer(25030): Force: (-11, -16)
D/FluidRenderer(25030): cell: (21, 41)
D/FluidRenderer(25030): Force: (-13, -18)
D/FluidRenderer(25030): cell: (20, 40)
D/FluidRenderer(25030): Force: (-10, -17)
D/FluidRenderer(25030): cell: (19, 39)
D/FluidRenderer(25030): Force: (-10, -19)
D/FluidRenderer(25030): cell: (18, 37)
D/FluidRenderer(25030): Force: (-10, -21)
D/FluidRenderer(25030): cell: (17, 36)
D/FluidRenderer(25030): Force: (-8, -24)
D/FluidRenderer(25030): cell: (16, 34)
D/FluidRenderer(25030): Force: (-8, -22)
D/FluidRenderer(25030): cell: (15, 33)
D/FluidRenderer(25030): Force: (-8, -20)
D/FluidRenderer(25030): cell: (14, 32)
D/FluidRenderer(25030): Force: (-8, -21)
D/FluidRenderer(25030): cell: (14, 30)
D/FluidRenderer(25030): Force: (-6, -24)
D/FluidRenderer(25030): cell: (13, 29)
D/FluidRenderer(25030): Force: (-4, -23)
D/FluidRenderer(25030): cell: (13, 27)
D/FluidRenderer(25030): Force: (-5, -34)
D/FluidRenderer(25030): cell: (12, 25)
D/FluidRenderer(25030): Force: (-4, -46)
D/FluidRenderer(25030): cell: (12, 22)
D/FluidRenderer(25030): Force: (0, -46)
D/FluidRenderer(25030): cell: (12, 19)
D/FluidRenderer(25030): Force: (0, -35)
D/FluidRenderer(25030): cell: (12, 17)
D/FluidRenderer(25030): Force: (0, -20)
D/FluidRenderer(25030): cell: (12, 15)
D/FluidRenderer(25030): Force: (0, -5)
D/FluidRenderer(25030): 300 frame in 5.003 seconds = 59.964024 FPS
D/FluidRenderer(25030): cell: (12, 15)
D/FluidRenderer(25030): Force: (84, -45)
D/FluidRenderer(25030): cell: (21, 12)
D/FluidRenderer(25030): Force: (-3, 1)
D/FluidRenderer(25030): cell: (21, 12)
D/FluidRenderer(25030): Force: (-2, 6)
D/FluidRenderer(25030): cell: (20, 13)
D/FluidRenderer(25030): Force: (-3, 11)
D/FluidRenderer(25030): cell: (20, 13)
D/FluidRenderer(25030): Force: (-4, 15)
D/FluidRenderer(25030): cell: (20, 15)
D/FluidRenderer(25030): Force: (-3, 7)
D/FluidRenderer(25030): cell: (20, 15)
D/FluidRenderer(25030): Force: (-1, 8)
D/FluidRenderer(25030): cell: (20, 16)
D/FluidRenderer(25030): Force: (-3, 14)
D/FluidRenderer(25030): cell: (19, 17)
D/FluidRenderer(25030): Force: (-2, 8)
D/FluidRenderer(25030): cell: (19, 17)
D/FluidRenderer(25030): Force: (-1, 2)
D/FluidRenderer(25030): cell: (19, 18)
D/FluidRenderer(25030): Force: (-2, 9)
D/FluidRenderer(25030): cell: (19, 18)
D/FluidRenderer(25030): Force: (-1, 12)
D/FluidRenderer(25030): cell: (19, 19)
D/FluidRenderer(25030): Force: (-1, 14)
D/FluidRenderer(25030): cell: (19, 20)
D/FluidRenderer(25030): Force: (-1, 5)
D/FluidRenderer(25030): cell: (19, 21)
D/FluidRenderer(25030): Force: (-1, 7)
D/FluidRenderer(25030): cell: (19, 21)
D/FluidRenderer(25030): Force: (-1, 13)
D/FluidRenderer(25030): cell: (19, 22)
D/FluidRenderer(25030): Force: (-1, 9)
D/FluidRenderer(25030): cell: (19, 23)
D/FluidRenderer(25030): Force: (-1, 12)
D/FluidRenderer(25030): cell: (19, 24)
D/FluidRenderer(25030): Force: (0, 12)
D/FluidRenderer(25030): cell: (19, 25)
D/FluidRenderer(25030): Force: (0, 9)
D/FluidRenderer(25030): cell: (19, 25)
D/FluidRenderer(25030): Force: (3, 15)
D/FluidRenderer(25030): cell: (19, 27)
D/FluidRenderer(25030): Force: (1, 7)
D/FluidRenderer(25030): cell: (20, 27)
D/FluidRenderer(25030): Force: (2, 7)
D/FluidRenderer(25030): cell: (20, 28)
D/FluidRenderer(25030): Force: (3, 10)
D/FluidRenderer(25030): cell: (20, 29)
D/FluidRenderer(25030): Force: (3, 10)
D/FluidRenderer(25030): cell: (21, 29)
D/FluidRenderer(25030): Force: (3, 13)
D/FluidRenderer(25030): cell: (21, 30)
D/FluidRenderer(25030): Force: (5, 11)
D/FluidRenderer(25030): cell: (22, 31)
D/FluidRenderer(25030): Force: (4, 6)
D/FluidRenderer(25030): cell: (23, 32)
D/FluidRenderer(25030): Force: (3, 7)
D/FluidRenderer(25030): cell: (23, 32)
D/FluidRenderer(25030): Force: (9, 16)
D/FluidRenderer(25030): cell: (24, 33)
D/FluidRenderer(25030): Force: (8, 11)
D/FluidRenderer(25030): cell: (25, 34)
D/FluidRenderer(25030): Force: (10, 13)
D/FluidRenderer(25030): cell: (26, 35)
D/FluidRenderer(25030): Force: (9, 9)
D/FluidRenderer(25030): cell: (27, 36)
D/FluidRenderer(25030): Force: (7, 8)
D/FluidRenderer(25030): cell: (28, 37)
D/FluidRenderer(25030): Force: (14, 13)
D/FluidRenderer(25030): cell: (30, 37)
D/FluidRenderer(25030): Force: (12, 8)
D/FluidRenderer(25030): cell: (31, 38)
D/FluidRenderer(25030): Force: (2, 1)
D/FluidRenderer(25030): cell: (31, 38)
D/FluidRenderer(25030): Force: (8, 5)
D/FluidRenderer(25030): cell: (32, 39)
D/FluidRenderer(25030): Force: (23, 12)
D/FluidRenderer(25030): cell: (35, 40)
D/FluidRenderer(25030): Force: (15, 5)
D/FluidRenderer(25030): cell: (37, 40)
D/FluidRenderer(25030): Force: (8, 0)
D/FluidRenderer(25030): cell: (38, 40)
D/FluidRenderer(25030): Force: (16, 1)
D/FluidRenderer(25030): cell: (39, 40)
D/FluidRenderer(25030): Force: (9, -1)
D/FluidRenderer(25030): cell: (40, 40)
D/FluidRenderer(25030): Force: (13, -5)
D/FluidRenderer(25030): cell: (42, 40)
D/FluidRenderer(25030): Force: (16, -9)
D/FluidRenderer(25030): cell: (44, 39)
D/FluidRenderer(25030): Force: (15, -11)
D/FluidRenderer(25030): cell: (45, 39)
D/FluidRenderer(25030): Force: (15, -18)
D/FluidRenderer(25030): cell: (47, 38)
D/FluidRenderer(25030): Force: (16, -26)
D/FluidRenderer(25030): cell: (49, 36)
D/FluidRenderer(25030): Force: (12, -30)
D/FluidRenderer(25030): cell: (50, 34)
D/FluidRenderer(25030): Force: (4, -19)
D/FluidRenderer(25030): cell: (51, 33)
D/FluidRenderer(25030): Force: (1, -20)
D/FluidRenderer(25030): cell: (51, 31)
D/FluidRenderer(25030): Force: (-3, -14)
D/FluidRenderer(25030): cell: (51, 30)
D/FluidRenderer(25030): Force: (-11, -18)
D/FluidRenderer(25030): cell: (50, 29)
D/FluidRenderer(25030): Force: (-23, -23)
D/FluidRenderer(25030): cell: (47, 28)
D/FluidRenderer(25030): Force: (-41, -25)
D/FluidRenderer(25030): cell: (43, 26)
D/FluidRenderer(25030): Force: (-38, -24)
D/FluidRenderer(25030): cell: (39, 25)
D/FluidRenderer(25030): Force: (-41, -16)
D/FluidRenderer(25030): cell: (35, 23)
D/FluidRenderer(25030): Force: (-41, -7)
D/FluidRenderer(25030): cell: (31, 23)
D/FluidRenderer(25030): Force: (-34, -1)
D/FluidRenderer(25030): cell: (28, 23)
D/FluidRenderer(25030): Force: (-22, 4)
D/FluidRenderer(25030): cell: (25, 23)
D/FluidRenderer(25030): Force: (-28, 27)
D/FluidRenderer(25030): cell: (23, 25)
D/FluidRenderer(25030): Force: (-13, 39)
D/FluidRenderer(25030): cell: (21, 28)
D/FluidRenderer(25030): Force: (1, 38)
D/FluidRenderer(25030): cell: (22, 31)
D/FluidRenderer(25030): Force: (2, 16)
D/FluidRenderer(25030): cell: (22, 32)
D/FluidRenderer(25030): Force: (20, 33)
D/FluidRenderer(25030): cell: (24, 34)
D/FluidRenderer(25030): Force: (45, 50)
D/FluidRenderer(25030): cell: (29, 38)
D/FluidRenderer(25030): Force: (43, 22)
D/FluidRenderer(25030): cell: (33, 39)
D/FluidRenderer(25030): Force: (40, -8)
D/FluidRenderer(25030): cell: (38, 39)
D/FluidRenderer(25030): Force: (33, -33)
D/FluidRenderer(25030): cell: (41, 37)
D/FluidRenderer(25030): Force: (18, -38)
D/FluidRenderer(25030): cell: (43, 34)
D/FluidRenderer(25030): Force: (0, -44)
D/FluidRenderer(25030): cell: (43, 31)
D/FluidRenderer(25030): Force: (-17, -43)
D/FluidRenderer(25030): cell: (42, 28)
D/FluidRenderer(25030): Force: (-38, -47)
D/FluidRenderer(25030): cell: (38, 25)
D/FluidRenderer(25030): Force: (-54, -30)
D/FluidRenderer(25030): cell: (32, 23)
D/FluidRenderer(25030): Force: (-51, -13)
D/FluidRenderer(25030): cell: (27, 22)
D/FluidRenderer(25030): Force: (-47, 6)
D/FluidRenderer(25030): cell: (22, 23)
D/FluidRenderer(25030): Force: (-33, 16)
D/FluidRenderer(25030): cell: (19, 24)
D/FluidRenderer(25030): Force: (-6, 18)
D/FluidRenderer(25030): cell: (19, 25)
D/FluidRenderer(25030): Force: (6, 40)
D/FluidRenderer(25030): cell: (19, 28)
D/FluidRenderer(25030): Force: (25, 40)
D/FluidRenderer(25030): cell: (22, 31)
D/FluidRenderer(25030): Force: (38, 40)
D/FluidRenderer(25030): cell: (26, 34)
D/FluidRenderer(25030): Force: (40, 26)
D/FluidRenderer(25030): cell: (30, 36)
D/FluidRenderer(25030): Force: (42, 1)
D/FluidRenderer(25030): cell: (35, 36)
D/FluidRenderer(25030): Force: (26, -17)
D/FluidRenderer(25030): cell: (37, 35)
D/FluidRenderer(25030): Force: (26, -42)
D/FluidRenderer(25030): cell: (40, 32)
D/FluidRenderer(25030): Force: (3, -48)
D/FluidRenderer(25030): cell: (41, 29)
D/FluidRenderer(25030): Force: (-17, -46)
D/FluidRenderer(25030): cell: (39, 26)
D/FluidRenderer(25030): Force: (-33, -43)
D/FluidRenderer(25030): cell: (36, 23)
D/FluidRenderer(25030): Force: (-46, -26)
D/FluidRenderer(25030): cell: (31, 21)
D/FluidRenderer(25030): Force: (-45, -10)
D/FluidRenderer(25030): cell: (26, 20)
D/FluidRenderer(25030): Force: (-13, -2)
D/FluidRenderer(25030): cell: (25, 20)
D/FluidRenderer(25030): Force: (-35, 12)
D/FluidRenderer(25030): cell: (22, 21)
D/FluidRenderer(25030): Force: (-34, 46)
D/FluidRenderer(25030): cell: (18, 24)
D/FluidRenderer(25030): Force: (-9, 42)
D/FluidRenderer(25030): cell: (18, 27)
D/FluidRenderer(25030): Force: (5, 41)
D/FluidRenderer(25030): cell: (18, 30)
D/FluidRenderer(25030): Force: (24, 34)
D/FluidRenderer(25030): cell: (21, 33)
D/FluidRenderer(25030): Force: (28, 26)
D/FluidRenderer(25030): cell: (24, 34)
D/FluidRenderer(25030): Force: (31, 4)
D/FluidRenderer(25030): cell: (27, 35)
D/FluidRenderer(25030): Force: (32, -17)
D/FluidRenderer(25030): cell: (30, 34)
D/FluidRenderer(25030): Force: (33, -36)
D/FluidRenderer(25030): cell: (34, 31)
D/FluidRenderer(25030): Force: (8, -37)
D/FluidRenderer(25030): cell: (35, 29)
D/FluidRenderer(25030): Force: (-7, -45)
D/FluidRenderer(25030): cell: (34, 26)
D/FluidRenderer(25030): Force: (-26, -46)
D/FluidRenderer(25030): cell: (32, 23)
D/FluidRenderer(25030): Force: (-37, -34)
D/FluidRenderer(25030): cell: (28, 20)
D/FluidRenderer(25030): Force: (-45, -16)
D/FluidRenderer(25030): cell: (23, 19)
D/FluidRenderer(25030): Force: (-41, -2)
D/FluidRenderer(25030): cell: (19, 19)
D/FluidRenderer(25030): Force: (-27, 10)
D/FluidRenderer(25030): cell: (17, 20)
D/FluidRenderer(25030): Force: (-25, 24)
D/FluidRenderer(25030): cell: (14, 22)
D/FluidRenderer(25030): Force: (-14, 37)
D/FluidRenderer(25030): cell: (13, 24)
D/FluidRenderer(25030): Force: (0, 31)
D/FluidRenderer(25030): cell: (13, 27)
D/FluidRenderer(25030): Force: (14, 41)
D/FluidRenderer(25030): cell: (14, 29)
D/FluidRenderer(25030): Force: (28, 37)
D/FluidRenderer(25030): cell: (17, 32)
D/FluidRenderer(25030): Force: (36, 27)
D/FluidRenderer(25030): cell: (21, 34)
D/FluidRenderer(25030): Force: (43, 10)
D/FluidRenderer(25030): cell: (26, 35)
D/FluidRenderer(25030): Force: (39, -9)
D/FluidRenderer(25030): cell: (30, 34)
D/FluidRenderer(25030): Force: (23, -16)
D/FluidRenderer(25030): cell: (32, 33)
D/FluidRenderer(25030): Force: (12, -21)
D/FluidRenderer(25030): cell: (34, 32)
D/FluidRenderer(25030): Force: (2, -8)
D/FluidRenderer(25030): cell: (34, 31)
D/FluidRenderer(25030): Force: (-6, -36)
D/FluidRenderer(25030): cell: (34, 29)
D/FluidRenderer(25030): Force: (-39, -55)
D/FluidRenderer(25030): cell: (30, 25)
D/FluidRenderer(25030): Force: (-43, -37)
D/FluidRenderer(25030): cell: (25, 23)
D/FluidRenderer(25030): Force: (-42, -16)
D/FluidRenderer(25030): cell: (21, 22)
D/FluidRenderer(25030): Force: (-30, -3)
D/FluidRenderer(25030): cell: (18, 21)
D/FluidRenderer(25030): Force: (-21, 7)
D/FluidRenderer(25030): cell: (16, 22)
D/FluidRenderer(25030): Force: (-19, 16)
D/FluidRenderer(25030): cell: (14, 23)
D/FluidRenderer(25030): Force: (-13, 46)
D/FluidRenderer(25030): cell: (13, 26)
D/FluidRenderer(25030): Force: (8, 49)
D/FluidRenderer(25030): cell: (14, 30)
D/FluidRenderer(25030): Force: (23, 54)
D/FluidRenderer(25030): cell: (16, 34)
D/FluidRenderer(25030): Force: (35, 49)
D/FluidRenderer(25030): cell: (20, 37)
D/FluidRenderer(25030): Force: (40, 35)
D/FluidRenderer(25030): cell: (24, 39)
D/FluidRenderer(25030): Force: (43, 20)
D/FluidRenderer(25030): cell: (29, 41)
D/FluidRenderer(25030): Force: (39, 1)
D/FluidRenderer(25030): cell: (33, 41)
D/FluidRenderer(25030): Force: (19, -11)
D/FluidRenderer(25030): cell: (35, 40)
D/FluidRenderer(25030): Force: (15, -21)
D/FluidRenderer(25030): cell: (37, 39)
D/FluidRenderer(25030): Force: (4, -46)
D/FluidRenderer(25030): cell: (37, 36)
D/FluidRenderer(25030): Force: (-16, -50)
D/FluidRenderer(25030): cell: (36, 32)
D/FluidRenderer(25030): Force: (-32, -53)
D/FluidRenderer(25030): cell: (33, 29)
D/FluidRenderer(25030): Force: (-45, -53)
D/FluidRenderer(25030): cell: (28, 25)
D/FluidRenderer(25030): Force: (-52, -44)
D/FluidRenderer(25030): cell: (23, 23)
D/FluidRenderer(25030): Force: (-46, -23)
D/FluidRenderer(25030): cell: (18, 21)
D/FluidRenderer(25030): Force: (-27, -3)
D/FluidRenderer(25030): cell: (15, 21)
D/FluidRenderer(25030): Force: (-20, 5)
D/FluidRenderer(25030): cell: (13, 21)
D/FluidRenderer(25030): Force: (-22, 21)
D/FluidRenderer(25030): cell: (11, 23)
D/FluidRenderer(25030): Force: (-16, 36)
D/FluidRenderer(25030): cell: (10, 25)
D/FluidRenderer(25030): Force: (-4, 28)
D/FluidRenderer(25030): cell: (9, 27)
D/FluidRenderer(25030): Force: (0, 17)
D/FluidRenderer(25030): cell: (10, 29)
D/FluidRenderer(25030): Force: (31, 80)
D/FluidRenderer(25030): cell: (13, 34)
D/FluidRenderer(25030): Force: (37, 58)
D/FluidRenderer(25030): cell: (17, 38)
D/FluidRenderer(25030): Force: (39, 33)
D/FluidRenderer(25030): cell: (21, 40)
D/FluidRenderer(25030): Force: (44, 22)
D/FluidRenderer(25030): cell: (26, 42)
D/FluidRenderer(25030): Force: (54, 7)
D/FluidRenderer(25030): cell: (31, 42)
D/FluidRenderer(25030): Force: (44, -6)
D/FluidRenderer(25030): cell: (36, 42)
D/FluidRenderer(25030): Force: (36, -20)
D/FluidRenderer(25030): cell: (40, 41)
D/FluidRenderer(25030): Force: (25, -34)
D/FluidRenderer(25030): cell: (42, 39)
D/FluidRenderer(25030): Force: (11, -38)
D/FluidRenderer(25030): cell: (44, 36)
D/FluidRenderer(25030): Force: (-2, -43)
D/FluidRenderer(25030): 301 frame in 5.014 seconds = 60.03191 FPS
D/FluidRenderer(25030): cell: (43, 33)
D/FluidRenderer(25030): Force: (-15, -42)
D/FluidRenderer(25030): cell: (42, 30)
D/FluidRenderer(25030): Force: (-28, -45)
D/FluidRenderer(25030): cell: (39, 27)
D/FluidRenderer(25030): Force: (-40, -42)
D/FluidRenderer(25030): cell: (35, 24)
D/FluidRenderer(25030): Force: (-47, -35)
D/FluidRenderer(25030): cell: (30, 22)
D/FluidRenderer(25030): Force: (-41, -21)
D/FluidRenderer(25030): cell: (26, 21)
D/FluidRenderer(25030): Force: (-39, -9)
D/FluidRenderer(25030): cell: (22, 20)
D/FluidRenderer(25030): Force: (-25, 1)
D/FluidRenderer(25030): cell: (20, 20)
D/FluidRenderer(25030): Force: (-36, 18)
D/FluidRenderer(25030): cell: (16, 22)
D/FluidRenderer(25030): Force: (-29, 27)
D/FluidRenderer(25030): cell: (13, 24)
D/FluidRenderer(25030): Force: (-17, 38)
D/FluidRenderer(25030): cell: (12, 26)
D/FluidRenderer(25030): Force: (-7, 37)
D/FluidRenderer(25030): cell: (11, 29)
D/FluidRenderer(25030): Force: (0, 33)
D/FluidRenderer(25030): cell: (11, 31)
D/FluidRenderer(25030): Force: (5, 35)
D/FluidRenderer(25030): cell: (12, 34)
D/FluidRenderer(25030): Force: (14, 35)
D/FluidRenderer(25030): cell: (13, 36)
D/FluidRenderer(25030): Force: (14, 19)
D/FluidRenderer(25030): cell: (15, 37)
D/FluidRenderer(25030): Force: (13, 14)
D/FluidRenderer(25030): cell: (17, 38)
D/FluidRenderer(25030): Force: (15, 5)
D/FluidRenderer(25030): cell: (18, 39)
D/FluidRenderer(25030): Force: (51, 2)
D/FluidRenderer(25030): cell: (24, 39)
D/FluidRenderer(25030): Force: (44, -10)
D/FluidRenderer(25030): cell: (28, 39)
D/FluidRenderer(25030): Force: (21, -12)
D/FluidRenderer(25030): cell: (30, 38)
D/FluidRenderer(25030): Force: (22, -28)
D/FluidRenderer(25030): cell: (33, 36)
D/FluidRenderer(25030): Force: (6, -25)
D/FluidRenderer(25030): cell: (34, 34)
D/FluidRenderer(25030): Force: (-5, -25)
D/FluidRenderer(25030): cell: (33, 33)
D/FluidRenderer(25030): Force: (-21, -43)
D/FluidRenderer(25030): cell: (31, 30)
D/FluidRenderer(25030): Force: (-32, -37)
D/FluidRenderer(25030): cell: (28, 27)
D/FluidRenderer(25030): Force: (-38, -33)
D/FluidRenderer(25030): cell: (24, 25)
D/FluidRenderer(25030): Force: (-40, -27)
D/FluidRenderer(25030): cell: (20, 23)
D/FluidRenderer(25030): Force: (-35, -12)
D/FluidRenderer(25030): cell: (17, 23)
D/FluidRenderer(25030): Force: (-21, -3)
D/FluidRenderer(25030): cell: (15, 22)
D/FluidRenderer(25030): Force: (-17, 1)
D/FluidRenderer(25030): cell: (13, 23)
D/FluidRenderer(25030): Force: (-12, 7)
D/FluidRenderer(25030): cell: (12, 23)
D/FluidRenderer(25030): Force: (-13, 21)
D/FluidRenderer(25030): cell: (10, 25)
D/FluidRenderer(25030): Force: (-6, 29)
D/FluidRenderer(25030): cell: (10, 27)
D/FluidRenderer(25030): Force: (3, 22)
D/FluidRenderer(25030): cell: (10, 28)
D/FluidRenderer(25030): Force: (8, 25)
D/FluidRenderer(25030): cell: (11, 30)
D/FluidRenderer(25030): Force: (4, 14)
D/FluidRenderer(25030): cell: (12, 31)
D/FluidRenderer(25030): Force: (0, 3)
D/FluidRenderer(25030): cell: (12, 31)
D/FluidRenderer(25030): Force: (80, -139)
D/FluidRenderer(25030): cell: (20, 22)
D/FluidRenderer(25030): Force: (17, 15)
D/FluidRenderer(25030): cell: (22, 23)
D/FluidRenderer(25030): Force: (39, 27)
D/FluidRenderer(25030): cell: (26, 25)
D/FluidRenderer(25030): Force: (31, 6)
D/FluidRenderer(25030): cell: (29, 26)
D/FluidRenderer(25030): Force: (10, 0)
D/FluidRenderer(25030): cell: (31, 26)
D/FluidRenderer(25030): Force: (43, -15)
D/FluidRenderer(25030): cell: (35, 25)
D/FluidRenderer(25030): Force: (29, -28)
D/FluidRenderer(25030): cell: (38, 23)
D/FluidRenderer(25030): Force: (8, -17)
D/FluidRenderer(25030): cell: (39, 22)
D/FluidRenderer(25030): Force: (-4, -15)
D/FluidRenderer(25030): cell: (39, 21)
D/FluidRenderer(25030): Force: (-15, -23)
D/FluidRenderer(25030): cell: (37, 19)
D/FluidRenderer(25030): Force: (-34, -28)
D/FluidRenderer(25030): cell: (34, 17)
D/FluidRenderer(25030): Force: (-42, -18)
D/FluidRenderer(25030): cell: (30, 16)
D/FluidRenderer(25030): Force: (-42, -8)
D/FluidRenderer(25030): cell: (26, 16)
D/FluidRenderer(25030): Force: (-43, 0)
D/FluidRenderer(25030): cell: (21, 16)
D/FluidRenderer(25030): Force: (-30, 7)
D/FluidRenderer(25030): cell: (18, 16)
D/FluidRenderer(25030): Force: (-19, 10)
D/FluidRenderer(25030): cell: (16, 17)
D/FluidRenderer(25030): Force: (-15, 20)
D/FluidRenderer(25030): cell: (15, 19)
D/FluidRenderer(25030): Force: (-10, 39)
D/FluidRenderer(25030): cell: (14, 21)
D/FluidRenderer(25030): Force: (5, 46)
D/FluidRenderer(25030): cell: (15, 25)
D/FluidRenderer(25030): Force: (18, 44)
D/FluidRenderer(25030): cell: (17, 28)
D/FluidRenderer(25030): Force: (31, 29)
D/FluidRenderer(25030): cell: (20, 30)
D/FluidRenderer(25030): Force: (38, 21)
D/FluidRenderer(25030): cell: (24, 31)
D/FluidRenderer(25030): Force: (41, 3)
D/FluidRenderer(25030): cell: (28, 31)
D/FluidRenderer(25030): Force: (42, -12)
D/FluidRenderer(25030): cell: (33, 31)
D/FluidRenderer(25030): Force: (30, -24)
D/FluidRenderer(25030): cell: (36, 29)
D/FluidRenderer(25030): Force: (13, -27)
D/FluidRenderer(25030): cell: (37, 27)
D/FluidRenderer(25030): Force: (1, -40)
D/FluidRenderer(25030): cell: (38, 25)
D/FluidRenderer(25030): Force: (-13, -50)
D/FluidRenderer(25030): cell: (36, 21)
D/FluidRenderer(25030): Force: (-28, -41)
D/FluidRenderer(25030): cell: (34, 19)
D/FluidRenderer(25030): Force: (-40, -32)
D/FluidRenderer(25030): cell: (30, 16)
D/FluidRenderer(25030): Force: (-32, -13)
D/FluidRenderer(25030): cell: (26, 16)
D/FluidRenderer(25030): Force: (-14, -2)
D/FluidRenderer(25030): cell: (25, 15)
D/FluidRenderer(25030): Force: (-52, 11)
D/FluidRenderer(25030): cell: (20, 16)
D/FluidRenderer(25030): Force: (-33, 35)
D/FluidRenderer(25030): cell: (16, 19)
D/FluidRenderer(25030): Force: (-15, 43)
D/FluidRenderer(25030): cell: (15, 22)
D/FluidRenderer(25030): Force: (1, 49)
D/FluidRenderer(25030): cell: (15, 25)
D/FluidRenderer(25030): Force: (20, 40)
D/FluidRenderer(25030): cell: (17, 28)
D/FluidRenderer(25030): Force: (33, 20)
D/FluidRenderer(25030): cell: (21, 29)
D/FluidRenderer(25030): Force: (31, 7)
D/FluidRenderer(25030): cell: (24, 30)
D/FluidRenderer(25030): Force: (24, -2)
D/FluidRenderer(25030): cell: (27, 30)
D/FluidRenderer(25030): Force: (21, -10)
D/FluidRenderer(25030): cell: (29, 29)
D/FluidRenderer(25030): Force: (14, -13)
D/FluidRenderer(25030): cell: (30, 28)
D/FluidRenderer(25030): Force: (7, -18)
D/FluidRenderer(25030): cell: (31, 27)
D/FluidRenderer(25030): Force: (0, -17)
D/FluidRenderer(25030): cell: (31, 26)
D/FluidRenderer(25030): Force: (-7, -44)
D/FluidRenderer(25030): cell: (31, 23)
D/FluidRenderer(25030): Force: (-3, -18)
D/FluidRenderer(25030): cell: (30, 22)
D/FluidRenderer(25030): Force: (-1, -5)
D/dalvikvm(25030): GC_CONCURRENT freed 387K, 6% free 8366K/8900K, paused 4ms+1ms, total 26ms
D/FluidRenderer(25030): cell: (30, 22)
D/FluidRenderer(25030): Force: (-50, -98)
D/FluidRenderer(25030): cell: (25, 15)
D/FluidRenderer(25030): Force: (-9, 1)
D/FluidRenderer(25030): cell: (25, 15)
D/FluidRenderer(25030): Force: (-21, 14)
D/FluidRenderer(25030): cell: (23, 16)
D/FluidRenderer(25030): Force: (-22, 21)
D/FluidRenderer(25030): cell: (20, 18)
D/FluidRenderer(25030): Force: (-9, 21)
D/FluidRenderer(25030): cell: (19, 19)
D/FluidRenderer(25030): Force: (-1, 19)
D/FluidRenderer(25030): cell: (19, 21)
D/FluidRenderer(25030): Force: (6, 20)
D/FluidRenderer(25030): cell: (20, 22)
D/FluidRenderer(25030): Force: (10, 12)
D/FluidRenderer(25030): cell: (21, 23)
D/FluidRenderer(25030): Force: (15, 6)
D/FluidRenderer(25030): cell: (23, 24)
D/FluidRenderer(25030): Force: (20, -3)
D/FluidRenderer(25030): cell: (25, 23)
D/FluidRenderer(25030): Force: (19, -17)
D/FluidRenderer(25030): cell: (27, 22)
D/FluidRenderer(25030): Force: (17, -44)
D/FluidRenderer(25030): cell: (29, 19)
D/FluidRenderer(25030): Force: (-1, -40)
D/FluidRenderer(25030): cell: (29, 17)
D/FluidRenderer(25030): Force: (-11, -30)
D/FluidRenderer(25030): cell: (28, 15)
D/FluidRenderer(25030): Force: (-18, -16)
D/FluidRenderer(25030): cell: (26, 14)
D/FluidRenderer(25030): Force: (-23, -8)
D/FluidRenderer(25030): cell: (24, 13)
D/FluidRenderer(25030): Force: (-12, 0)
D/FluidRenderer(25030): cell: (23, 13)
D/FluidRenderer(25030): Force: (-7, 1)
D/FluidRenderer(25030): cell: (22, 13)
D/FluidRenderer(25030): Force: (-29, 38)
D/FluidRenderer(25030): cell: (19, 16)
D/FluidRenderer(25030): Force: (-11, 33)
D/FluidRenderer(25030): cell: (18, 18)
D/FluidRenderer(25030): Force: (-4, 10)
D/FluidRenderer(25030): cell: (18, 19)
D/FluidRenderer(25030): Force: (-1, 0)
D/FluidRenderer(25030): 300 frame in 5.003 seconds = 59.964024 FPS
D/FluidRenderer(25030): 300 frame in 5.0 seconds = 60.0 FPS
D/FluidRenderer(25030): 300 frame in 5.001 seconds = 59.988003 FPS
D/FluidRenderer(25030): 300 frame in 5.0 seconds = 60.0 FPS
D/dalvikvm(25030): GC_CONCURRENT freed 387K, 6% free 8366K/8900K, paused 2ms+3ms, total 29ms
D/FluidRenderer(25030): 300 frame in 5.001 seconds = 59.988003 FPS
D/FluidRenderer(25030): 300 frame in 5.001 seconds = 59.988003 FPS
D/dalvikvm(19269): GC_CONCURRENT freed 3368K, 19% free 17585K/21520K, paused 14ms+12ms, total 151ms
D/dalvikvm(19269): WAIT_FOR_CONCURRENT_GC blocked 138ms
D/dalvikvm(19269): WAIT_FOR_CONCURRENT_GC blocked 84ms
D/FluidRenderer(25030): 300 frame in 5.0 seconds = 60.0 FPS
D/FluidRenderer(25030): 300 frame in 5.001 seconds = 59.988003 FPS
D/dalvikvm(25030): GC_CONCURRENT freed 387K, 6% free 8366K/8900K, paused 3ms+3ms, total 35ms
D/FluidRenderer(25030): 300 frame in 5.0 seconds = 60.0 FPS
D/FluidRenderer(25030): 301 frame in 5.017 seconds = 59.99601 FPS
D/FluidRenderer(25030): 300 frame in 5.003 seconds = 59.964024 FPS
D/FluidRenderer(25030): cell: (18, 19)
D/FluidRenderer(25030): Force: (-55, 201)
D/FluidRenderer(25030): cell: (12, 33)
D/FluidRenderer(25030): Force: (2, -1)
D/FluidRenderer(25030): cell: (13, 33)
D/FluidRenderer(25030): Force: (3, -3)
D/FluidRenderer(25030): cell: (13, 33)
D/FluidRenderer(25030): Force: (17, -15)
D/FluidRenderer(25030): cell: (15, 32)
D/FluidRenderer(25030): Force: (34, -39)
D/FluidRenderer(25030): cell: (19, 29)
D/FluidRenderer(25030): Force: (29, -37)
D/FluidRenderer(25030): cell: (22, 27)
D/FluidRenderer(25030): Force: (18, -21)
D/FluidRenderer(25030): cell: (24, 25)
D/FluidRenderer(25030): Force: (3, -5)
D/FluidRenderer(25030): cell: (24, 25)
D/FluidRenderer(25030): Force: (92, -143)
D/FluidRenderer(25030): cell: (34, 15)
D/FluidRenderer(25030): Force: (-1, -3)
D/FluidRenderer(25030): cell: (34, 15)
D/FluidRenderer(25030): Force: (-8, -4)
D/FluidRenderer(25030): cell: (33, 15)
D/FluidRenderer(25030): Force: (-16, -6)
D/FluidRenderer(25030): cell: (31, 15)
D/FluidRenderer(25030): Force: (-23, -6)
D/FluidRenderer(25030): cell: (29, 14)
D/FluidRenderer(25030): Force: (-25, 2)
D/FluidRenderer(25030): cell: (27, 14)
D/FluidRenderer(25030): Force: (-23, 6)
D/FluidRenderer(25030): cell: (24, 15)
D/FluidRenderer(25030): Force: (-21, 6)
D/FluidRenderer(25030): cell: (22, 15)
D/FluidRenderer(25030): Force: (-22, 9)
D/FluidRenderer(25030): cell: (20, 16)
D/FluidRenderer(25030): Force: (-12, 4)
D/FluidRenderer(25030): cell: (19, 17)
D/FluidRenderer(25030): Force: (-9, 3)
D/FluidRenderer(25030): cell: (18, 17)
D/FluidRenderer(25030): Force: (-29, 18)
D/FluidRenderer(25030): cell: (15, 18)
D/FluidRenderer(25030): Force: (-34, 30)
D/FluidRenderer(25030): cell: (12, 20)
D/FluidRenderer(25030): Force: (-17, 16)
D/FluidRenderer(25030): cell: (10, 21)
D/FluidRenderer(25030): Force: (-11, 13)
D/FluidRenderer(25030): cell: (9, 22)
D/FluidRenderer(25030): Force: (-15, 17)
D/FluidRenderer(25030): cell: (8, 24)
D/FluidRenderer(25030): Force: (-12, 17)
D/FluidRenderer(25030): cell: (6, 25)
D/FluidRenderer(25030): Force: (-7, 13)
D/FluidRenderer(25030): cell: (6, 26)
D/FluidRenderer(25030): Force: (-6, 11)
D/FluidRenderer(25030): cell: (5, 27)
D/FluidRenderer(25030): Force: (-2, 12)
D/FluidRenderer(25030): cell: (5, 28)
D/FluidRenderer(25030): Force: (2, 16)
D/FluidRenderer(25030): cell: (6, 29)
D/FluidRenderer(25030): Force: (4, 8)
D/FluidRenderer(25030): cell: (6, 30)
D/FluidRenderer(25030): Force: (9, 11)
D/FluidRenderer(25030): cell: (7, 30)
D/FluidRenderer(25030): Force: (12, 10)
D/FluidRenderer(25030): cell: (9, 31)
D/FluidRenderer(25030): Force: (15, 4)
D/FluidRenderer(25030): cell: (10, 32)
D/FluidRenderer(25030): Force: (19, 3)
D/FluidRenderer(25030): cell: (12, 32)
D/FluidRenderer(25030): Force: (19, 1)
D/FluidRenderer(25030): cell: (14, 32)
D/FluidRenderer(25030): Force: (18, 0)
D/FluidRenderer(25030): cell: (16, 32)
D/FluidRenderer(25030): Force: (20, -1)
D/FluidRenderer(25030): cell: (19, 32)
D/FluidRenderer(25030): Force: (19, -1)
D/FluidRenderer(25030): cell: (21, 32)
D/FluidRenderer(25030): Force: (19, -2)
D/FluidRenderer(25030): cell: (23, 32)
D/FluidRenderer(25030): Force: (15, -3)
D/FluidRenderer(25030): cell: (25, 32)
D/FluidRenderer(25030): Force: (17, -4)
D/FluidRenderer(25030): cell: (26, 32)
D/FluidRenderer(25030): Force: (13, -6)
D/FluidRenderer(25030): cell: (28, 31)
D/FluidRenderer(25030): Force: (12, -6)
D/FluidRenderer(25030): cell: (29, 31)
D/FluidRenderer(25030): Force: (9, -5)
D/FluidRenderer(25030): cell: (30, 31)
D/FluidRenderer(25030): Force: (2, -2)
D/FluidRenderer(25030): cell: (31, 30)
D/FluidRenderer(25030): Force: (14, -11)
D/FluidRenderer(25030): cell: (32, 30)
D/FluidRenderer(25030): Force: (35, -36)
D/FluidRenderer(25030): cell: (36, 27)
D/FluidRenderer(25030): Force: (12, -13)
D/FluidRenderer(25030): cell: (37, 27)
D/FluidRenderer(25030): Force: (1, -2)
D/FluidRenderer(25030): cell: (37, 26)
D/FluidRenderer(25030): Force: (-5, -120)
D/FluidRenderer(25030): cell: (37, 18)
D/FluidRenderer(25030): Force: (-3, 5)
D/FluidRenderer(25030): cell: (37, 19)
D/FluidRenderer(25030): Force: (-2, 7)
D/FluidRenderer(25030): cell: (37, 19)
D/FluidRenderer(25030): Force: (-5, 13)
D/FluidRenderer(25030): cell: (36, 20)
D/FluidRenderer(25030): Force: (-15, 68)
D/FluidRenderer(25030): cell: (35, 25)
D/FluidRenderer(25030): Force: (-17, 50)
D/FluidRenderer(25030): cell: (33, 28)
D/FluidRenderer(25030): Force: (-14, 36)
D/FluidRenderer(25030): cell: (32, 31)
D/FluidRenderer(25030): Force: (-9, 19)
D/FluidRenderer(25030): cell: (31, 32)
D/FluidRenderer(25030): Force: (-13, 17)
D/FluidRenderer(25030): cell: (29, 34)
D/FluidRenderer(25030): Force: (-13, 19)
D/FluidRenderer(25030): cell: (28, 35)
D/FluidRenderer(25030): Force: (-23, 36)
D/FluidRenderer(25030): cell: (26, 38)
D/FluidRenderer(25030): Force: (-15, 21)
D/FluidRenderer(25030): cell: (24, 39)
D/FluidRenderer(25030): Force: (-18, 21)
D/FluidRenderer(25030): cell: (23, 41)
D/FluidRenderer(25030): Force: (-39, 40)
D/FluidRenderer(25030): cell: (19, 43)
D/FluidRenderer(25030): Force: (-37, 31)
D/FluidRenderer(25030): cell: (15, 46)
D/FluidRenderer(25030): Force: (-43, 36)
D/FluidRenderer(25030): cell: (11, 48)
D/FluidRenderer(25030): Force: (-43, 31)
D/FluidRenderer(25030): cell: (6, 50)
D/FluidRenderer(25030): Force: (-52, 36)
D/FluidRenderer(25030): cell: (1, 53)
D/FluidRenderer(25030): Force: (-18, 9)
D/FluidRenderer(25030): cell: (1, 54)
D/FluidRenderer(25030): Force: (-10, 6)
D/FluidRenderer(25030): cell: (1, 54)
D/FluidRenderer(25030): Force: (401, -514)
D/FluidRenderer(25030): cell: (39, 19)
D/FluidRenderer(25030): Force: (-3, -1)
D/FluidRenderer(25030): cell: (39, 19)
D/FluidRenderer(25030): Force: (-4, 2)
D/FluidRenderer(25030): cell: (39, 20)
D/FluidRenderer(25030): Force: (-5, 6)
D/FluidRenderer(25030): cell: (38, 20)
D/FluidRenderer(25030): Force: (-5, 6)
D/FluidRenderer(25030): cell: (38, 21)
D/FluidRenderer(25030): Force: (-6, 8)
D/FluidRenderer(25030): cell: (37, 21)
D/FluidRenderer(25030): Force: (-4, 4)
D/FluidRenderer(25030): cell: (37, 22)
D/FluidRenderer(25030): Force: (-2, 3)
D/FluidRenderer(25030): cell: (37, 22)
D/FluidRenderer(25030): Force: (-4, 5)
D/FluidRenderer(25030): cell: (36, 22)
D/FluidRenderer(25030): Force: (-4, 3)
D/FluidRenderer(25030): cell: (36, 23)
D/FluidRenderer(25030): Force: (-3, 1)
D/FluidRenderer(25030): cell: (36, 23)
D/FluidRenderer(25030): Force: (-2, 0)
D/FluidRenderer(25030): cell: (36, 23)
D/FluidRenderer(25030): Force: (-2, 1)
D/FluidRenderer(25030): cell: (36, 23)
D/FluidRenderer(25030): Force: (-2, 1)
D/FluidRenderer(25030): cell: (35, 23)
D/FluidRenderer(25030): Force: (-2, 2)
D/FluidRenderer(25030): cell: (35, 24)
D/FluidRenderer(25030): Force: (-2, 1)
D/FluidRenderer(25030): cell: (35, 24)
D/FluidRenderer(25030): Force: (-2, 0)
D/FluidRenderer(25030): cell: (35, 24)
D/FluidRenderer(25030): Force: (-2, 1)
D/FluidRenderer(25030): cell: (35, 24)
D/FluidRenderer(25030): Force: (-2, 1)
D/FluidRenderer(25030): cell: (35, 24)
D/FluidRenderer(25030): Force: (-1, 1)
D/FluidRenderer(25030): cell: (34, 24)
D/FluidRenderer(25030): Force: (0, 1)
D/FluidRenderer(25030): cell: (35, 25)
D/FluidRenderer(25030): Force: (-1, 1)
D/FluidRenderer(25030): cell: (34, 25)
D/FluidRenderer(25030): Force: (-1, 1)
D/FluidRenderer(25030): 301 frame in 5.011 seconds = 60.06785 FPS
D/FluidRenderer(25030): cell: (34, 25)
D/FluidRenderer(25030): Force: (-1, 1)
D/dalvikvm(25030): GC_CONCURRENT freed 386K, 6% free 8366K/8900K, paused 2ms+2ms, total 18ms
D/FluidRenderer(25030): cell: (34, 25)
D/FluidRenderer(25030): Force: (-1, 1)
D/FluidRenderer(25030): cell: (34, 25)
D/FluidRenderer(25030): Force: (-2, 1)
D/FluidRenderer(25030): cell: (34, 25)
D/FluidRenderer(25030): Force: (-3, 1)
D/FluidRenderer(25030): cell: (34, 25)
D/FluidRenderer(25030): Force: (-3, 1)
D/FluidRenderer(25030): cell: (34, 26)
D/FluidRenderer(25030): Force: (-3, 1)
D/FluidRenderer(25030): cell: (33, 26)
D/FluidRenderer(25030): Force: (-3, 1)
D/FluidRenderer(25030): cell: (33, 26)
D/FluidRenderer(25030): Force: (-2, 3)
D/FluidRenderer(25030): cell: (33, 26)
D/FluidRenderer(25030): Force: (-1, 0)
D/FluidRenderer(25030): cell: (33, 26)
D/FluidRenderer(25030): Force: (-1, 0)
D/FluidRenderer(25030): cell: (33, 26)
D/FluidRenderer(25030): Force: (-3, 1)
D/FluidRenderer(25030): cell: (33, 27)
D/FluidRenderer(25030): Force: (-3, 0)
D/FluidRenderer(25030): cell: (32, 27)
D/FluidRenderer(25030): Force: (-4, 1)
D/FluidRenderer(25030): cell: (32, 27)
D/FluidRenderer(25030): Force: (-2, 0)
D/FluidRenderer(25030): cell: (32, 27)
D/FluidRenderer(25030): Force: (-2, 1)
D/FluidRenderer(25030): cell: (32, 27)
D/FluidRenderer(25030): Force: (-3, 0)
D/FluidRenderer(25030): cell: (31, 27)
D/FluidRenderer(25030): Force: (-2, 1)
D/FluidRenderer(25030): cell: (31, 28)
D/FluidRenderer(25030): Force: (-3, 0)
D/FluidRenderer(25030): cell: (31, 28)
D/FluidRenderer(25030): Force: (-3, 1)
D/FluidRenderer(25030): cell: (31, 28)
D/FluidRenderer(25030): Force: (-3, 1)
D/FluidRenderer(25030): cell: (31, 28)
D/FluidRenderer(25030): Force: (-2, 1)
D/FluidRenderer(25030): cell: (30, 28)
D/FluidRenderer(25030): Force: (-2, 2)
D/FluidRenderer(25030): cell: (30, 28)
D/FluidRenderer(25030): Force: (-1, 1)
D/FluidRenderer(25030): cell: (30, 29)
D/FluidRenderer(25030): Force: (0, 1)
D/FluidRenderer(25030): cell: (30, 29)
D/FluidRenderer(25030): Force: (-2, 1)
D/FluidRenderer(25030): cell: (30, 29)
D/FluidRenderer(25030): Force: (-1, 1)
D/FluidRenderer(25030): cell: (30, 29)
D/FluidRenderer(25030): Force: (-3, 1)
D/FluidRenderer(25030): cell: (30, 29)
D/FluidRenderer(25030): Force: (-3, 1)
D/FluidRenderer(25030): cell: (30, 29)
D/FluidRenderer(25030): Force: (-2, 1)
D/FluidRenderer(25030): cell: (29, 30)
D/FluidRenderer(25030): Force: (-3, 0)
D/FluidRenderer(25030): cell: (29, 30)
D/FluidRenderer(25030): Force: (-3, 0)
D/FluidRenderer(25030): cell: (29, 30)
D/FluidRenderer(25030): Force: (-2, 1)
D/FluidRenderer(25030): cell: (29, 30)
D/FluidRenderer(25030): Force: (-1, 1)
D/FluidRenderer(25030): cell: (29, 30)
D/FluidRenderer(25030): Force: (-2, 1)
D/FluidRenderer(25030): cell: (28, 30)
D/FluidRenderer(25030): Force: (-3, 1)
D/FluidRenderer(25030): cell: (28, 30)
D/FluidRenderer(25030): Force: (-2, 1)
D/FluidRenderer(25030): cell: (28, 31)
D/FluidRenderer(25030): Force: (-1, 1)
D/FluidRenderer(25030): cell: (28, 31)
D/FluidRenderer(25030): Force: (-2, 1)
D/FluidRenderer(25030): cell: (28, 31)
D/FluidRenderer(25030): Force: (-2, 1)
D/FluidRenderer(25030): cell: (28, 31)
D/FluidRenderer(25030): Force: (-3, 0)
D/FluidRenderer(25030): cell: (27, 31)
D/FluidRenderer(25030): Force: (-2, 1)
D/FluidRenderer(25030): cell: (27, 31)
D/FluidRenderer(25030): Force: (-3, 1)
D/FluidRenderer(25030): cell: (27, 32)
D/FluidRenderer(25030): Force: (-3, 0)
D/FluidRenderer(25030): cell: (27, 32)
D/FluidRenderer(25030): Force: (-3, 1)
D/FluidRenderer(25030): cell: (27, 32)
D/FluidRenderer(25030): Force: (-3, 1)
D/FluidRenderer(25030): cell: (26, 32)
D/FluidRenderer(25030): Force: (-3, 0)
D/FluidRenderer(25030): cell: (26, 32)
D/FluidRenderer(25030): Force: (-3, 1)
D/FluidRenderer(25030): cell: (26, 32)
D/FluidRenderer(25030): Force: (-3, 1)
D/FluidRenderer(25030): cell: (26, 32)
D/FluidRenderer(25030): Force: (-3, 1)
D/FluidRenderer(25030): cell: (25, 32)
D/FluidRenderer(25030): Force: (-2, 1)
D/FluidRenderer(25030): cell: (25, 33)
D/FluidRenderer(25030): Force: (-3, 0)
D/FluidRenderer(25030): cell: (25, 33)
D/FluidRenderer(25030): Force: (-2, 2)
D/FluidRenderer(25030): cell: (25, 33)
D/FluidRenderer(25030): Force: (-2, 1)
D/FluidRenderer(25030): cell: (25, 33)
D/FluidRenderer(25030): Force: (-2, 2)
D/FluidRenderer(25030): cell: (24, 33)
D/FluidRenderer(25030): Force: (-3, 1)
D/FluidRenderer(25030): cell: (24, 33)
D/FluidRenderer(25030): Force: (-1, 1)
D/FluidRenderer(25030): cell: (24, 34)
D/FluidRenderer(25030): Force: (-3, 0)
D/FluidRenderer(25030): cell: (24, 34)
D/FluidRenderer(25030): Force: (-2, 1)
D/FluidRenderer(25030): cell: (24, 34)
D/FluidRenderer(25030): Force: (-3, 0)
D/FluidRenderer(25030): cell: (23, 34)
D/FluidRenderer(25030): Force: (-3, 0)
D/FluidRenderer(25030): cell: (23, 34)
D/FluidRenderer(25030): Force: (-3, 2)
D/FluidRenderer(25030): cell: (23, 34)
D/FluidRenderer(25030): Force: (-3, 1)
D/FluidRenderer(25030): cell: (23, 34)
D/FluidRenderer(25030): Force: (-3, 0)
D/FluidRenderer(25030): cell: (22, 34)
D/FluidRenderer(25030): Force: (-3, 1)
D/FluidRenderer(25030): cell: (22, 35)
D/FluidRenderer(25030): Force: (-2, 1)
D/FluidRenderer(25030): cell: (22, 35)
D/FluidRenderer(25030): Force: (-2, 1)
D/FluidRenderer(25030): cell: (22, 35)
D/FluidRenderer(25030): Force: (-2, 1)
D/FluidRenderer(25030): cell: (22, 35)
D/FluidRenderer(25030): Force: (-3, 0)
D/FluidRenderer(25030): cell: (21, 35)
D/FluidRenderer(25030): Force: (-3, 1)
D/FluidRenderer(25030): cell: (21, 35)
D/FluidRenderer(25030): Force: (-3, 0)
D/FluidRenderer(25030): cell: (21, 35)
D/FluidRenderer(25030): Force: (-3, 1)
D/FluidRenderer(25030): cell: (21, 36)
D/FluidRenderer(25030): Force: (-3, 1)
D/FluidRenderer(25030): cell: (20, 36)
D/FluidRenderer(25030): Force: (-3, 0)
D/FluidRenderer(25030): cell: (20, 36)
D/FluidRenderer(25030): Force: (-4, 1)
D/FluidRenderer(25030): cell: (20, 36)
D/FluidRenderer(25030): Force: (-3, 1)
D/FluidRenderer(25030): cell: (20, 36)
D/FluidRenderer(25030): Force: (-3, 1)
D/FluidRenderer(25030): cell: (19, 36)
D/FluidRenderer(25030): Force: (-2, 1)
D/FluidRenderer(25030): cell: (19, 37)
D/FluidRenderer(25030): Force: (-2, 2)
D/FluidRenderer(25030): cell: (19, 37)
D/FluidRenderer(25030): Force: (-2, 2)
D/FluidRenderer(25030): cell: (19, 37)
D/FluidRenderer(25030): Force: (-3, 1)
D/FluidRenderer(25030): cell: (19, 37)
D/FluidRenderer(25030): Force: (-5, 4)
D/FluidRenderer(25030): 300 frame in 5.001 seconds = 59.988003 FPS
D/FluidRenderer(25030): cell: (18, 38)
D/FluidRenderer(25030): Force: (-5, 5)
D/FluidRenderer(25030): cell: (18, 38)
D/FluidRenderer(25030): Force: (-16, 30)
D/FluidRenderer(25030): cell: (16, 40)
D/FluidRenderer(25030): Force: (-12, 23)
D/FluidRenderer(25030): cell: (15, 42)
D/FluidRenderer(25030): Force: (-3, 5)
D/FluidRenderer(25030): 300 frame in 5.002 seconds = 59.976013 FPS
D/FluidRenderer(25030): 300 frame in 5.002 seconds = 59.976013 FPS
D/dalvikvm(25030): GC_CONCURRENT freed 387K, 6% free 8366K/8900K, paused 4ms+2ms, total 26ms
D/FluidRenderer(25030): 300 frame in 5.002 seconds = 59.976013 FPS
D/FluidRenderer(25030): 301 frame in 5.016 seconds = 60.007977 FPS
D/FluidRenderer(25030): 300 frame in 5.0 seconds = 60.0 FPS
D/FluidRenderer(25030): 300 frame in 5.001 seconds = 59.988003 FPS
D/dalvikvm(25030): GC_CONCURRENT freed 387K, 6% free 8366K/8900K, paused 4ms+1ms, total 27ms
D/GCM     ( 6032): Ignoring attempt to send heartbeat on dead connection.
D/FluidRenderer(25030): 300 frame in 5.001 seconds = 59.988003 FPS
D/FluidRenderer(25030): 300 frame in 5.0 seconds = 60.0 FPS
D/FluidRenderer(25030): 300 frame in 5.0 seconds = 60.0 FPS
I/WSJ_ServicE(23802): WSJData_BootReceiver No Action
I/WSJ_ServicE(23842): onStartCommand(restart) start id 2277: Intent { act=wsj.reader_t3_data_service.DataService } Count:2302
I/WSJ_ServicE(23842): ==>> run_DP called
D/FluidRenderer(25030): 300 frame in 5.001 seconds = 59.988003 FPS
I/WSJ_ServicE(23842): verifyProcessStarted : bStarted =false
I/WSJ_ServicE(23842): verifyProcessStarted : setting bStarted to true 
I/WSJ_ServicE(23842): ==>> ProcessStartup called from run_DP
I/WSJ_ServicE(23842): ==> Download Now options is set as every 30 minutes.
I/WSJ_ServicE(23842): ProcessStartup-Start
E/WSJ_SqlDBAd(23842): ===> upd_ART run ok.
E/WSJ_SqlDBAd(23842): ===> upd_noCIOCFO run ok.
E/WSJ_SqlDBAd(23842): ===> upd_noRandC run ok.
E/WSJ_SqlDBAd(23842): ===> upd_FEEDS run ok.
I/WSJ_ServicE(23842): ==>> NOW updated on 2013-07-14 09:30:04 -0400 1 back periods.
I/WSJ_ServicE(23842): ==>> isNewNowAvailable: Next 14 Last: 14
I/WSJ_ServicE(23842): NumberOfIssues:9
I/WSJ_ServicE(23842): ====>>> calling getIssueStatus 1373813230242 (240) with 9 for  USA
I/WSJ_SqlDBAd(23842): ==>> getIssueStatus called with 9 days
I/WSJ_SqlDBAd(23842): ====>>> records: 11
I/WSJ_ServicE(23842): ==>>Dnld sched rec:0 Dt:2099-12-30 Rdy:1 B: A: R: #Files:14 TS:date:20130714 revision:14 
I/WSJ_ServicE(23842): ==>>Dnld sched rec:1 Dt:2013-07-13 Rdy:1 B: A: R: #Files:29 TS:stamp.1373688559902 
I/WSJ_ServicE(23842): sendRemoteMessage: verifyTodaySlot 20130713 14
I/WSJ_Start__(23802): receivingRemoteMessage 14 20130713 14
I/WSJ_ServicE(23842): ==>>Dnld sched rec:2 Dt:2013-07-12 Rdy:1 B: A: R: #Files:33 TS:stamp.1373640568348 
I/WSJ_ServicE(23842): ==>>Dnld sched rec:3 Dt:2013-07-11 Rdy:1 B: A: R: #Files:29 TS:stamp.1373518444820 
I/WSJ_ServicE(23842): ==>>Dnld sched rec:4 Dt:2013-07-10 Rdy:1 B: A: R: #Files:29 TS:stamp.1373430175005 
I/WSJ_ServicE(23842): ==>>Dnld sched rec:5 Dt:2013-07-09 Rdy:1 B: A: R: #Files:29 TS:stamp.1373344668169 
I/WSJ_ServicE(23842): ==>>Dnld sched rec:6 Dt:2013-07-08 Rdy:1 B: A: R: #Files:29 TS:stamp.1373259129502 
I/WSJ_ServicE(23842): ==>>Dnld sched rec:7 Dt:2013-07-06 Rdy:1 B: A: R: #Files:29 TS:stamp.1373083675138 
I/WSJ_ServicE(23842): ==>>Dnld sched rec:8 Dt:2013-07-05 Rdy:1 B: A: R: #Files:33 TS: 
I/WSJ_ServicE(23842): sToDo:2099-12-30/U/14//
I/WSJ_Start__(23802): receivingRemoteMessage 4 0 100
I/WSJ_ServicE(23842): **SHP:wsj_lastinitfilterNow Incr Synched
I/WSJ_ServicE(23842): Edition:  USA- (T3) (14=>14)
I/WSJ_ServicE(23842): ToDo: (30)	
I/WSJ_ServicE(23842): sendRemoteMessage: Edition:  USA- (T3) (14=>14)
I/WSJ_ServicE(23842): ToDo: (30)	
I/WSJ_ServicE(23842):  0 17
I/WSJ_Start__(23802): receivingRemoteMessage 17 0 0
I/WSJ_ServicE(23842): ProcessStartup - begSendToDo:
I/WSJ_ServicE(23842): ---- ProcessToDoList: start  with bStarted = true
I/WSJ_ServicE(23842): ---- ProcessToDoList: setting bStarted to false
I/WSJ_ServicE(23842): ProcessStartup-End
I/WSJ_ServicE(23842): ended ProcessStartup
I/WSJ_ServicE(23842): reauth bypassed. Anonymous user
D/dalvikvm(25030): GC_CONCURRENT freed 387K, 6% free 8366K/8900K, paused 3ms+2ms, total 32ms
D/FluidRenderer(25030): 300 frame in 5.0 seconds = 60.0 FPS
I/WSJ_ServicE(23842): Handler received msg 102
I/WSJ_ServicE(23842): Waiting for 7:AM or 4:00PM. It's now 07-14//1047
I/WSJ_ServicE(23842): Waiting for 4:00PM. It's now 1047
E/WSJ_ServicE(23842): download quotes
I/WSJ_ServicE(23842): Watchlist update: 19898 bytes read
E/WSJ_ServicE(23842): data length:19898
E/WSJ_ServicE(23842): data is null
D/dalvikvm(23842): GC_CONCURRENT freed 766K, 49% free 10159K/19848K, paused 4ms+3ms, total 33ms
D/dalvikvm(23842): WAIT_FOR_CONCURRENT_GC blocked 25ms
E/WSJ_MarketData(23842): ===>>>> updateQuotesStatus started....
I/SQLDbAdapter(23842): UpdateQuotesStatus beginTransaction(0) threadId: 10579
I/SQLDbAdapter(23842): beginTransaction took 0 msecs and 0 retries
E/WSJ_MarketData(23842): ===>>>> updateQuotesStatus begTran....
I/WSJ_MarketData(23842): UpdateQuotesStatus - setTransactionSuccessful
I/SQLDbAdapter(23842): endTransaction took 29 msecs
I/SQLDbAdapter(23842): UpdateQuotesStatus endTransaction(0) threadId: 10579
I/WSJ_ServicE(23842): Handler received msg 105
D/FluidRenderer(25030): 300 frame in 5.003 seconds = 59.964024 FPS
D/FluidRenderer(25030): 301 frame in 5.015 seconds = 60.019943 FPS
D/FluidRenderer(25030): 300 frame in 5.0 seconds = 60.0 FPS
D/dalvikvm(25030): GC_CONCURRENT freed 387K, 6% free 8366K/8900K, paused 4ms+6ms, total 33ms
D/FluidRenderer(25030): 300 frame in 5.0 seconds = 60.0 FPS
D/FluidRenderer(25030): 300 frame in 5.002 seconds = 59.976013 FPS
D/FluidRenderer(25030): 300 frame in 5.001 seconds = 59.988003 FPS
D/FluidRenderer(25030): 301 frame in 5.016 seconds = 60.007977 FPS
D/dalvikvm(25030): GC_CONCURRENT freed 387K, 6% free 8366K/8900K, paused 3ms+2ms, total 24ms
D/FluidRenderer(25030): 300 frame in 5.0 seconds = 60.0 FPS
D/FluidRenderer(25030): 300 frame in 5.001 seconds = 59.988003 FPS
D/FluidRenderer(25030): 300 frame in 5.0 seconds = 60.0 FPS
D/FluidRenderer(25030): 300 frame in 5.001 seconds = 59.988003 FPS
D/dalvikvm(25030): GC_CONCURRENT freed 387K, 6% free 8366K/8900K, paused 4ms+1ms, total 29ms
D/FluidRenderer(25030): 300 frame in 5.0 seconds = 60.0 FPS
D/FluidRenderer(25030): 300 frame in 5.001 seconds = 59.988003 FPS
D/FluidRenderer(25030): 300 frame in 5.0 seconds = 60.0 FPS
D/FluidRenderer(25030): 300 frame in 5.001 seconds = 59.988003 FPS
D/dalvikvm(25030): GC_CONCURRENT freed 387K, 6% free 8366K/8900K, paused 3ms+3ms, total 30ms
D/FluidRenderer(25030): 300 frame in 5.0 seconds = 60.0 FPS
D/FluidRenderer(25030): 300 frame in 5.001 seconds = 59.988003 FPS
D/FluidRenderer(25030): 300 frame in 5.0 seconds = 60.0 FPS
D/FluidRenderer(25030): 300 frame in 5.0 seconds = 60.0 FPS
D/dalvikvm(25030): GC_CONCURRENT freed 387K, 6% free 8366K/8900K, paused 2ms+2ms, total 27ms
D/FluidRenderer(25030): 300 frame in 5.001 seconds = 59.988003 FPS
D/FluidRenderer(25030): 300 frame in 5.0 seconds = 60.0 FPS
I/ActivityManager(  443): No longer want com.google.android.music:main (pid 23756): empty for 1837s
W/ActivityManager(  443): Scheduling restart of crashed service com.google.android.music/.playback.MusicPlaybackService in 5000ms
D/FluidRenderer(25030): 300 frame in 5.001 seconds = 59.988003 FPS
I/ActivityManager(  443): Start proc com.google.android.music:main for service com.google.android.music/.playback.MusicPlaybackService: pid=25320 uid=10036 gids={50036, 3003, 1015, 1028}
I/MusicStore(25320): Database version: 69
D/dalvikvm(25320): GC_CONCURRENT freed 278K, 6% free 7500K/7932K, paused 3ms+2ms, total 27ms
W/RemoteControlCompat(25320): Could not get real field: FLAG_KEY_MEDIA_POSITION_UPDATE
D/SystemUtils(25320): getSystemProperty: lpa.decode=null
D/CacheService(25320): onCreate
D/CacheService(25320): onBind
I/LocalDevicePlayback(25320): Streaming client created.
D/dalvikvm(25320): GC_CONCURRENT freed 258K, 5% free 7734K/8140K, paused 3ms+2ms, total 25ms
I/MediaStoreImporter(25320): Update: incremental Added music: 0 Updated music: 0 Deleted music: 0 Created playlists: 0 Updated playlists: 0 Deleted playlists: 0 Inserted playlist items: 0 Deleted playlist items: 0 Removed orphaned playlist items: 0
D/FluidRenderer(25030): 300 frame in 5.0 seconds = 60.0 FPS
I/MusicLeanback(25320): Conditions not met for autocaching.
I/MusicLeanback(25320): Stop autocaching.
D/dalvikvm(25030): GC_CONCURRENT freed 387K, 6% free 8366K/8900K, paused 3ms+1ms, total 24ms
D/FluidRenderer(25030): 300 frame in 5.0 seconds = 60.0 FPS
D/FluidRenderer(25030): 300 frame in 5.001 seconds = 59.988003 FPS
D/FluidRenderer(25030): 300 frame in 5.001 seconds = 59.988003 FPS
D/ConnectivityService(  443): Captive portal check NetworkInfo: type: WIFI[], state: CONNECTING/CAPTIVE_PORTAL_CHECK, reason: (unspecified), extra: "SantaFe", roaming: false, failover: false, isAvailable: true
D/ConnectivityService(  443): Captive portal check NetworkInfo: type: WIFI[], state: CONNECTING/CAPTIVE_PORTAL_CHECK, reason: (unspecified), extra: "SantaFe", roaming: false, failover: false, isAvailable: true
D/ConnectivityService(  443): ConnectivityChange for WIFI: CONNECTED/CONNECTED
D/ConnectivityService(  443): handleConnectivityChange: address are the same reset per doReset linkProperty[1]: resetMask=0
D/ConnectivityService(  443): ConnectivityChange for WIFI: CONNECTED/CONNECTED
D/ConnectivityService(  443): handleConnectivityChange: address are the same reset per doReset linkProperty[1]: resetMask=0
D/FluidRenderer(25030): 300 frame in 5.001 seconds = 59.988003 FPS
D/ConnectivityService(  443): NetTransition Wakelock for WifiStateMachine released by timeout
D/Tethering(  443): MasterInitialState.processMessage what=3
D/Tethering(  443): MasterInitialState.processMessage what=3
I/ActivityManager(  443): Start proc com.google.android.apps.uploader for broadcast com.google.android.apps.uploader/com.google.android.picasasync.ConnectivityReceiver: pid=25423 uid=10035 gids={50035, 3003, 1015, 1028}
D/libgps  (  443): proxy_agps_ril_update_network_state()
D/libgps  (  443): proxy_agps_ril_request_setid_cb()
D/libgps  (  443): proxy_agps_ril_set_set_id()
D/libgps  (  443): proxy_agps_ril_update_network_state: called
D/libgps  (  443): proxy_agps_ril_update_network_availability()
D/libgps  (  443): proxy_agps_ril_update_network_state()
D/libgps  (  443): proxy_agps_ril_request_setid_cb()
D/libgps  (  443): proxy_agps_ril_update_network_state: called
D/libgps  (  443): proxy_agps_ril_update_network_availability()
D/libgps  (  443): proxy_agps_ril_set_set_id()
D/dalvikvm(25423): GC_CONCURRENT freed 404K, 7% free 7321K/7872K, paused 4ms+9ms, total 35ms
I/ActivityManager(  443): No longer want com.android.keychain (pid 24838): empty #17
D/PicasaUploader(25423):    wifiOnlyPhoto changed to true
