D/PicasaUploader(25423):    wifiOnlyVideo changed to true
D/PicasaUploader(25423):    syncOnBattery changed to true
D/PicasaUploaderSync(25423): sync account database
I/ActivityManager(  443): Start proc com.google.android.apps.walletnfcrel for broadcast com.google.android.apps.walletnfcrel/com.google.android.apps.wallet.util.WalletNetworkAccessReceiver: pid=25451 uid=10057 gids={50057, 3003, 1028}
D/PicasaUploaderSync(25423): accounts in DB=1
D/PicasaUploaderSyncManager(25423): active network: NetworkInfo: type: WIFI[], state: CONNECTED/CONNECTED, reason: (unspecified), extra: "SantaFe", roaming: false, failover: false, isAvailable: true
D/PicasaUploaderSyncManager(25423): background data: true
D/PicasaUploaderSyncManager(25423): battery info: true
D/ConnectivityService(  443): handleInetConditionHoldEnd: net=1, condition=100, published condition=0
I/ActivityManager(  443): No longer want jp.co.omronsoft.iwnnime.ml (pid 24852): empty #17
D/GCM     ( 6032): GcmService start Intent { act=android.net.conn.CONNECTIVITY_CHANGE flg=0x8000010 cmp=com.google.android.gms/.gcm.GcmService (has extras) } android.net.conn.CONNECTIVITY_CHANGE
D/dalvikvm(24118): GC_FOR_ALLOC freed 380K, 9% free 7572K/8240K, paused 93ms, total 94ms
D/GCM     ( 6032): GcmService start Intent { act=android.net.conn.CONNECTIVITY_CHANGE flg=0x8000010 cmp=com.google.android.gms/.gcm.GcmService (has extras) } android.net.conn.CONNECTIVITY_CHANGE
W/PodcastAddictService(24118): shutDownService()
W/PodcastAddictService(24118): onDestroy()
W/PodcastAddictService(24118): shutDownService()
W/PodcastAddictService(24118): onDestroy()
D/dalvikvm(25030): GC_CONCURRENT freed 387K, 6% free 8366K/8900K, paused 4ms+2ms, total 27ms
D/FluidRenderer(25030): 299 frame in 5.0 seconds = 59.8 FPS
D/FluidRenderer(25030): 300 frame in 5.0 seconds = 60.0 FPS
D/FluidRenderer(25030): 300 frame in 5.001 seconds = 59.988003 FPS
D/FluidRenderer(25030): 300 frame in 5.0 seconds = 60.0 FPS
D/dalvikvm(25030): GC_CONCURRENT freed 387K, 6% free 8366K/8900K, paused 4ms+1ms, total 34ms
D/FluidRenderer(25030): 300 frame in 5.001 seconds = 59.988003 FPS
D/FluidRenderer(25030): 300 frame in 5.0 seconds = 60.0 FPS
D/FluidRenderer(25030): 300 frame in 5.0 seconds = 60.0 FPS
D/FluidRenderer(25030): 300 frame in 5.001 seconds = 59.988003 FPS
D/dalvikvm(25030): GC_CONCURRENT freed 387K, 6% free 8366K/8900K, paused 3ms+2ms, total 24ms
D/FluidRenderer(25030): 300 frame in 5.0 seconds = 60.0 FPS
D/FluidRenderer(25030): 300 frame in 5.001 seconds = 59.988003 FPS
D/FluidRenderer(25030): 300 frame in 5.0 seconds = 60.0 FPS
D/FluidRenderer(25030): 300 frame in 5.001 seconds = 59.988003 FPS
D/dalvikvm(25030): GC_CONCURRENT freed 387K, 6% free 8366K/8900K, paused 3ms+2ms, total 28ms
D/FluidRenderer(25030): 300 frame in 5.0 seconds = 60.0 FPS
D/FluidRenderer(25030): 301 frame in 5.016 seconds = 60.007977 FPS
D/FluidRenderer(25030): 300 frame in 5.001 seconds = 59.988003 FPS
D/FluidRenderer(25030): 300 frame in 5.001 seconds = 59.988003 FPS
D/dalvikvm(  443): GC_CONCURRENT freed 4017K, 34% free 22380K/33792K, paused 6ms+14ms, total 126ms
D/dalvikvm(25030): GC_CONCURRENT freed 387K, 6% free 8366K/8900K, paused 3ms+2ms, total 28ms
D/FluidRenderer(25030): 300 frame in 5.001 seconds = 59.988003 FPS
D/FluidRenderer(25030): 301 frame in 5.016 seconds = 60.007977 FPS
D/FluidRenderer(25030): 300 frame in 5.001 seconds = 59.988003 FPS
D/FluidRenderer(25030): 301 frame in 5.02 seconds = 59.96016 FPS
D/dalvikvm(25030): GC_CONCURRENT freed 387K, 6% free 8366K/8900K, paused 4ms+1ms, total 26ms
D/FluidRenderer(25030): 301 frame in 5.015 seconds = 60.019943 FPS
D/FluidRenderer(25030): 300 frame in 5.0 seconds = 60.0 FPS
D/FluidRenderer(25030): 300 frame in 5.001 seconds = 59.988003 FPS
W/IdleConnectionHandler(19269): Removing a connection that never existed!
D/FluidRenderer(25030): 300 frame in 5.0 seconds = 60.0 FPS
W/ThrottleService(  443): unable to find stats for iface rmnet0
D/dalvikvm(25030): GC_CONCURRENT freed 387K, 6% free 8366K/8900K, paused 3ms+2ms, total 26ms
D/FluidRenderer(25030): 301 frame in 5.014 seconds = 60.03191 FPS
D/FluidRenderer(25030): 300 frame in 5.004 seconds = 59.952038 FPS
D/FluidRenderer(25030): 300 frame in 5.0 seconds = 60.0 FPS
D/FluidRenderer(25030): 300 frame in 5.001 seconds = 59.988003 FPS
D/dalvikvm(25030): GC_CONCURRENT freed 387K, 6% free 8366K/8900K, paused 3ms+2ms, total 30ms
D/FluidRenderer(25030): 300 frame in 5.0 seconds = 60.0 FPS
D/FluidRenderer(25030): 300 frame in 5.001 seconds = 59.988003 FPS
D/FluidRenderer(25030): 300 frame in 5.0 seconds = 60.0 FPS
I/WSJ_ServicE(23802): WSJData_BootReceiver No Action
I/WSJ_ServicE(23842): onStartCommand(restart) start id 2278: Intent { act=wsj.reader_t3_data_service.DataService } Count:2303
I/WSJ_ServicE(23842): ==>> run_DP called
D/FluidRenderer(25030): 300 frame in 5.001 seconds = 59.988003 FPS
I/WSJ_ServicE(23842): verifyProcessStarted : bStarted =false
I/WSJ_ServicE(23842): verifyProcessStarted : setting bStarted to true 
I/WSJ_ServicE(23842): ==>> ProcessStartup called from run_DP
I/WSJ_ServicE(23842): ==> Download Now options is set as every 30 minutes.
I/WSJ_ServicE(23842): ProcessStartup-Start
E/WSJ_SqlDBAd(23842): ===> upd_ART run ok.
E/WSJ_SqlDBAd(23842): ===> upd_noCIOCFO run ok.
E/WSJ_SqlDBAd(23842): ===> upd_noRandC run ok.
E/WSJ_SqlDBAd(23842): ===> upd_FEEDS run ok.
I/WSJ_ServicE(23842): ==>> NOW updated on 2013-07-14 09:30:04 -0400 1 back periods.
I/WSJ_ServicE(23842): ==>> isNewNowAvailable: Next 14 Last: 14
I/WSJ_ServicE(23842): NumberOfIssues:9
I/WSJ_ServicE(23842): ====>>> calling getIssueStatus 1373813530237 (240) with 9 for  USA
I/WSJ_SqlDBAd(23842): ==>> getIssueStatus called with 9 days
I/WSJ_SqlDBAd(23842): ====>>> records: 11
I/WSJ_ServicE(23842): ==>>Dnld sched rec:0 Dt:2099-12-30 Rdy:1 B: A: R: #Files:14 TS:date:20130714 revision:14 
I/WSJ_ServicE(23842): ==>>Dnld sched rec:1 Dt:2013-07-13 Rdy:1 B: A: R: #Files:29 TS:stamp.1373688559902 
I/WSJ_ServicE(23842): sendRemoteMessage: verifyTodaySlot 20130713 14
I/WSJ_Start__(23802): receivingRemoteMessage 14 20130713 14
I/WSJ_ServicE(23842): ==>>Dnld sched rec:2 Dt:2013-07-12 Rdy:1 B: A: R: #Files:33 TS:stamp.1373640568348 
I/WSJ_ServicE(23842): ==>>Dnld sched rec:3 Dt:2013-07-11 Rdy:1 B: A: R: #Files:29 TS:stamp.1373518444820 
I/WSJ_ServicE(23842): ==>>Dnld sched rec:4 Dt:2013-07-10 Rdy:1 B: A: R: #Files:29 TS:stamp.1373430175005 
I/WSJ_ServicE(23842): ==>>Dnld sched rec:5 Dt:2013-07-09 Rdy:1 B: A: R: #Files:29 TS:stamp.1373344668169 
I/WSJ_ServicE(23842): ==>>Dnld sched rec:6 Dt:2013-07-08 Rdy:1 B: A: R: #Files:29 TS:stamp.1373259129502 
I/WSJ_ServicE(23842): ==>>Dnld sched rec:7 Dt:2013-07-06 Rdy:1 B: A: R: #Files:29 TS:stamp.1373083675138 
I/WSJ_ServicE(23842): ==>>Dnld sched rec:8 Dt:2013-07-05 Rdy:1 B: A: R: #Files:33 TS: 
I/WSJ_ServicE(23842): sToDo:2099-12-30/U/14//
I/WSJ_Start__(23802): receivingRemoteMessage 4 0 100
D/dalvikvm(23842): GC_CONCURRENT freed 859K, 49% free 10211K/19848K, paused 4ms+6ms, total 49ms
I/WSJ_ServicE(23842): **SHP:wsj_lastinitfilterNow Incr Synched
I/WSJ_ServicE(23842): Edition:  USA- (T3) (14=>14)
I/WSJ_ServicE(23842): ToDo: (30)	
I/WSJ_ServicE(23842): sendRemoteMessage: Edition:  USA- (T3) (14=>14)
I/WSJ_ServicE(23842): ToDo: (30)	
I/WSJ_ServicE(23842):  0 17
I/WSJ_Start__(23802): receivingRemoteMessage 17 0 0
I/WSJ_ServicE(23842): ProcessStartup - begSendToDo:
I/WSJ_ServicE(23842): ---- ProcessToDoList: start  with bStarted = true
I/WSJ_ServicE(23842): ---- ProcessToDoList: setting bStarted to false
I/WSJ_ServicE(23842): ProcessStartup-End
I/WSJ_ServicE(23842): ended ProcessStartup
I/WSJ_ServicE(23842): reauth bypassed. Anonymous user
D/dalvikvm(25030): GC_CONCURRENT freed 387K, 6% free 8366K/8900K, paused 4ms+2ms, total 31ms
I/WSJ_ServicE(23842): Handler received msg 102
D/FluidRenderer(25030): 300 frame in 5.0 seconds = 60.0 FPS
D/FluidRenderer(25030): 300 frame in 5.001 seconds = 59.988003 FPS
D/FluidRenderer(25030): 300 frame in 5.0 seconds = 60.0 FPS
D/FluidRenderer(25030): 300 frame in 5.0 seconds = 60.0 FPS
D/dalvikvm(25030): GC_CONCURRENT freed 387K, 6% free 8366K/8900K, paused 4ms+2ms, total 30ms
D/FluidRenderer(25030): 300 frame in 5.001 seconds = 59.988003 FPS
D/FluidRenderer(25030): 300 frame in 5.0 seconds = 60.0 FPS
D/FluidRenderer(25030): 300 frame in 5.001 seconds = 59.988003 FPS
D/FluidRenderer(25030): 300 frame in 5.0 seconds = 60.0 FPS
D/dalvikvm(25030): GC_CONCURRENT freed 387K, 6% free 8366K/8900K, paused 2ms+2ms, total 24ms
D/FluidRenderer(25030): 300 frame in 5.003 seconds = 59.964024 FPS
D/FluidRenderer(25030): 301 frame in 5.015 seconds = 60.019943 FPS
D/dalvikvm(  566): GC_CONCURRENT freed 1333K, 38% free 11651K/18668K, paused 4ms+4ms, total 69ms
D/FluidRenderer(25030): 300 frame in 5.001 seconds = 59.988003 FPS
D/FluidRenderer(25030): 300 frame in 5.0 seconds = 60.0 FPS
D/dalvikvm(25030): GC_CONCURRENT freed 387K, 6% free 8366K/8900K, paused 4ms+2ms, total 25ms
D/FluidRenderer(25030): 300 frame in 5.0 seconds = 60.0 FPS
D/FluidRenderer(25030): 301 frame in 5.016 seconds = 60.007977 FPS
D/FluidRenderer(25030): 300 frame in 5.002 seconds = 59.976013 FPS
D/FluidRenderer(25030): 300 frame in 5.0 seconds = 60.0 FPS
D/dalvikvm(25030): GC_CONCURRENT freed 387K, 6% free 8366K/8900K, paused 3ms+2ms, total 25ms
D/FluidRenderer(25030): 300 frame in 5.0 seconds = 60.0 FPS
D/FluidRenderer(25030): 300 frame in 5.007 seconds = 59.91612 FPS
D/FluidRenderer(25030): 301 frame in 5.01 seconds = 60.079838 FPS
D/FluidRenderer(25030): 300 frame in 5.002 seconds = 59.976013 FPS
D/FluidRenderer(25030): 300 frame in 5.001 seconds = 59.988003 FPS
D/dalvikvm(25030): GC_CONCURRENT freed 387K, 6% free 8366K/8900K, paused 3ms+2ms, total 25ms
D/FluidRenderer(25030): 300 frame in 5.0 seconds = 60.0 FPS
D/FluidRenderer(25030): 300 frame in 5.003 seconds = 59.964024 FPS
D/FluidRenderer(25030): 301 frame in 5.015 seconds = 60.019943 FPS
D/FluidRenderer(25030): 300 frame in 5.0 seconds = 60.0 FPS
D/dalvikvm(25030): GC_CONCURRENT freed 387K, 6% free 8366K/8900K, paused 3ms+2ms, total 31ms
D/FluidRenderer(25030): 301 frame in 5.019 seconds = 59.972107 FPS
D/FluidRenderer(25030): 301 frame in 5.015 seconds = 60.019943 FPS
D/FluidRenderer(25030): 300 frame in 5.001 seconds = 59.988003 FPS
D/FluidRenderer(25030): 300 frame in 5.0 seconds = 60.0 FPS
D/dalvikvm(25030): GC_CONCURRENT freed 387K, 6% free 8366K/8900K, paused 4ms+2ms, total 28ms
D/FluidRenderer(25030): 300 frame in 5.001 seconds = 59.988003 FPS
D/FluidRenderer(25030): 300 frame in 5.0 seconds = 60.0 FPS
D/FluidRenderer(25030): 300 frame in 5.001 seconds = 59.988003 FPS
D/FluidRenderer(25030): 300 frame in 5.0 seconds = 60.0 FPS
D/dalvikvm(25030): GC_CONCURRENT freed 387K, 6% free 8366K/8900K, paused 3ms+1ms, total 25ms
D/FluidRenderer(25030): 300 frame in 5.0 seconds = 60.0 FPS
D/FluidRenderer(25030): 300 frame in 5.001 seconds = 59.988003 FPS
D/FluidRenderer(25030): 301 frame in 5.016 seconds = 60.007977 FPS
D/FluidRenderer(25030): 300 frame in 5.002 seconds = 59.976013 FPS
D/dalvikvm(25030): GC_CONCURRENT freed 387K, 6% free 8366K/8900K, paused 3ms+1ms, total 24ms
D/FluidRenderer(25030): 301 frame in 5.019 seconds = 59.972107 FPS
D/FluidRenderer(25030): 301 frame in 5.015 seconds = 60.019943 FPS
D/FluidRenderer(25030): 300 frame in 5.0 seconds = 60.0 FPS
D/FluidRenderer(25030): 300 frame in 5.001 seconds = 59.988003 FPS
D/dalvikvm(25030): GC_CONCURRENT freed 387K, 6% free 8366K/8900K, paused 2ms+2ms, total 33ms
D/FluidRenderer(25030): 300 frame in 5.0 seconds = 60.0 FPS
D/FluidRenderer(25030): 300 frame in 5.001 seconds = 59.988003 FPS
D/FluidRenderer(25030): 300 frame in 5.0 seconds = 60.0 FPS
D/FluidRenderer(25030): 300 frame in 5.001 seconds = 59.988003 FPS
D/dalvikvm(25030): GC_CONCURRENT freed 387K, 6% free 8366K/8900K, paused 4ms+1ms, total 28ms
D/FluidRenderer(25030): 300 frame in 5.003 seconds = 59.964024 FPS
D/FluidRenderer(25030): 301 frame in 5.015 seconds = 60.019943 FPS
D/FluidRenderer(25030): 300 frame in 5.0 seconds = 60.0 FPS
D/FluidRenderer(25030): 300 frame in 5.0 seconds = 60.0 FPS
D/dalvikvm(25030): GC_CONCURRENT freed 387K, 6% free 8366K/8900K, paused 3ms+3ms, total 30ms
D/FluidRenderer(25030): 300 frame in 5.001 seconds = 59.988003 FPS
D/FluidRenderer(25030): 300 frame in 5.0 seconds = 60.0 FPS
D/dalvikvm(24444): GC_CONCURRENT freed 589K, 8% free 9552K/10288K, paused 4ms+3ms, total 73ms
W/fb4a(:<default>):ImmutableBundle(19269): Unsupported value type in bundle for key fb4a_new with value {"new_version":"154780","min_version":"148914","new_version_url":"https://m.facebook.com/mobile_builds?build_number=154780&no_fw=1","new_version_notes":"","everstore_handle":"FuuCCQA5cQwCBxEkAFAANnxuPwYAAAA:"}
W/fb4a(:<default>):ImmutableBundle(19269): Unsupported value type in bundle for key fb4a_master_new with value {"new_version":"130613","new_version_url":"https://m.facebook.com/mobile_builds?build_number=130613&no_fw=1"}
W/IdleConnectionHandler(19269): Removing a connection that never existed!
D/dalvikvm(19269): GC_FOR_ALLOC freed 2629K, 19% free 17552K/21520K, paused 94ms, total 94ms
D/FluidRenderer(25030): 300 frame in 5.001 seconds = 59.988003 FPS
D/FluidRenderer(25030): 300 frame in 5.0 seconds = 60.0 FPS
D/dalvikvm(25030): GC_CONCURRENT freed 387K, 6% free 8366K/8900K, paused 2ms+1ms, total 25ms
D/FluidRenderer(25030): 300 frame in 5.001 seconds = 59.988003 FPS
D/FluidRenderer(25030): 300 frame in 5.001 seconds = 59.988003 FPS
D/FluidRenderer(25030): 300 frame in 5.0 seconds = 60.0 FPS
D/FluidRenderer(25030): 300 frame in 5.0 seconds = 60.0 FPS
D/dalvikvm(25030): GC_CONCURRENT freed 387K, 6% free 8366K/8900K, paused 2ms+1ms, total 28ms
D/FluidRenderer(25030): 300 frame in 5.001 seconds = 59.988003 FPS
D/FluidRenderer(25030): 301 frame in 5.019 seconds = 59.972107 FPS
I/WSJ_ServicE(23802): WSJData_BootReceiver No Action
I/WSJ_ServicE(23842): onStartCommand(restart) start id 2279: Intent { act=wsj.reader_t3_data_service.DataService } Count:2304
I/WSJ_ServicE(23842): ==>> run_DP called
D/FluidRenderer(25030): 301 frame in 5.015 seconds = 60.019943 FPS
I/WSJ_ServicE(23842): verifyProcessStarted : bStarted =false
I/WSJ_ServicE(23842): verifyProcessStarted : setting bStarted to true 
I/WSJ_ServicE(23842): ==>> ProcessStartup called from run_DP
I/WSJ_ServicE(23842): ==> Download Now options is set as every 30 minutes.
I/WSJ_ServicE(23842): ProcessStartup-Start
E/WSJ_SqlDBAd(23842): ===> upd_ART run ok.
E/WSJ_SqlDBAd(23842): ===> upd_noCIOCFO run ok.
E/WSJ_SqlDBAd(23842): ===> upd_noRandC run ok.
E/WSJ_SqlDBAd(23842): ===> upd_FEEDS run ok.
I/WSJ_ServicE(23842): ==>> NOW updated on 2013-07-14 09:30:04 -0400 1 back periods.
I/WSJ_ServicE(23842): ==>> isNewNowAvailable: Next 14 Last: 14
I/WSJ_ServicE(23842): NumberOfIssues:9
I/WSJ_ServicE(23842): ====>>> calling getIssueStatus 1373813830244 (240) with 9 for  USA
I/WSJ_SqlDBAd(23842): ==>> getIssueStatus called with 9 days
I/WSJ_SqlDBAd(23842): ====>>> records: 11
I/WSJ_ServicE(23842): ==>>Dnld sched rec:0 Dt:2099-12-30 Rdy:1 B: A: R: #Files:14 TS:date:20130714 revision:14 
I/WSJ_ServicE(23842): ==>>Dnld sched rec:1 Dt:2013-07-13 Rdy:1 B: A: R: #Files:29 TS:stamp.1373688559902 
I/WSJ_ServicE(23842): sendRemoteMessage: verifyTodaySlot 20130713 14
I/WSJ_Start__(23802): receivingRemoteMessage 14 20130713 14
I/WSJ_ServicE(23842): ==>>Dnld sched rec:2 Dt:2013-07-12 Rdy:1 B: A: R: #Files:33 TS:stamp.1373640568348 
I/WSJ_ServicE(23842): ==>>Dnld sched rec:3 Dt:2013-07-11 Rdy:1 B: A: R: #Files:29 TS:stamp.1373518444820 
I/WSJ_ServicE(23842): ==>>Dnld sched rec:4 Dt:2013-07-10 Rdy:1 B: A: R: #Files:29 TS:stamp.1373430175005 
I/WSJ_ServicE(23842): ==>>Dnld sched rec:5 Dt:2013-07-09 Rdy:1 B: A: R: #Files:29 TS:stamp.1373344668169 
I/WSJ_ServicE(23842): ==>>Dnld sched rec:6 Dt:2013-07-08 Rdy:1 B: A: R: #Files:29 TS:stamp.1373259129502 
I/WSJ_ServicE(23842): ==>>Dnld sched rec:7 Dt:2013-07-06 Rdy:1 B: A: R: #Files:29 TS:stamp.1373083675138 
I/WSJ_ServicE(23842): ==>>Dnld sched rec:8 Dt:2013-07-05 Rdy:1 B: A: R: #Files:33 TS: 
I/WSJ_ServicE(23842): sToDo:2099-12-30/U/14//
I/WSJ_Start__(23802): receivingRemoteMessage 4 0 100
I/WSJ_ServicE(23842): **SHP:wsj_lastinitfilterNow Incr Synched
I/WSJ_ServicE(23842): Edition:  USA- (T3) (14=>14)
I/WSJ_ServicE(23842): ToDo: (30)	
I/WSJ_ServicE(23842): sendRemoteMessage: Edition:  USA- (T3) (14=>14)
I/WSJ_ServicE(23842): ToDo: (30)	
I/WSJ_ServicE(23842):  0 17
I/WSJ_Start__(23802): receivingRemoteMessage 17 0 0
I/WSJ_ServicE(23842): ProcessStartup - begSendToDo:
I/WSJ_ServicE(23842): ---- ProcessToDoList: start  with bStarted = true
I/WSJ_ServicE(23842): ---- ProcessToDoList: setting bStarted to false
I/WSJ_ServicE(23842): ProcessStartup-End
I/WSJ_ServicE(23842): ended ProcessStartup
I/WSJ_ServicE(23842): reauth bypassed. Anonymous user
I/WSJ_ServicE(23842): Handler received msg 102
D/FluidRenderer(25030): 300 frame in 5.0 seconds = 60.0 FPS
D/dalvikvm(25030): GC_CONCURRENT freed 387K, 6% free 8366K/8900K, paused 3ms+3ms, total 36ms
D/FluidRenderer(25030): 301 frame in 5.019 seconds = 59.972107 FPS
D/FluidRenderer(25030): 301 frame in 5.015 seconds = 60.019943 FPS
D/FluidRenderer(25030): 300 frame in 5.001 seconds = 59.988003 FPS
D/FluidRenderer(25030): 300 frame in 5.001 seconds = 59.988003 FPS
D/dalvikvm(25030): GC_CONCURRENT freed 387K, 6% free 8366K/8900K, paused 3ms+1ms, total 24ms
D/FluidRenderer(25030): 300 frame in 5.0 seconds = 60.0 FPS
D/FluidRenderer(25030): 301 frame in 5.019 seconds = 59.972107 FPS
D/FluidRenderer(25030): 301 frame in 5.015 seconds = 60.019943 FPS
D/FluidRenderer(25030): 301 frame in 5.016 seconds = 60.007977 FPS
D/dalvikvm(25030): GC_CONCURRENT freed 387K, 6% free 8366K/8900K, paused 3ms+2ms, total 30ms
D/FluidRenderer(25030): 300 frame in 5.001 seconds = 59.988003 FPS
D/FluidRenderer(25030): 300 frame in 5.001 seconds = 59.988003 FPS
D/FluidRenderer(25030): 300 frame in 5.001 seconds = 59.988003 FPS
D/FluidRenderer(25030): 300 frame in 5.001 seconds = 59.988003 FPS
D/dalvikvm(25030): GC_CONCURRENT freed 387K, 6% free 8366K/8900K, paused 6ms+4ms, total 32ms
D/FluidRenderer(25030): 300 frame in 5.0 seconds = 60.0 FPS
D/FluidRenderer(25030): 300 frame in 5.0 seconds = 60.0 FPS
D/FluidRenderer(25030): 300 frame in 5.001 seconds = 59.988003 FPS
D/FluidRenderer(25030): 301 frame in 5.015 seconds = 60.019943 FPS
D/dalvikvm(25030): GC_CONCURRENT freed 387K, 6% free 8366K/8900K, paused 4ms+2ms, total 22ms
D/FluidRenderer(25030): 300 frame in 5.002 seconds = 59.976013 FPS
D/FluidRenderer(25030): 300 frame in 5.001 seconds = 59.988003 FPS
D/FluidRenderer(25030): 300 frame in 5.0 seconds = 60.0 FPS
D/FluidRenderer(25030): 300 frame in 5.001 seconds = 59.988003 FPS
D/dalvikvm(25030): GC_CONCURRENT freed 387K, 6% free 8366K/8900K, paused 4ms+1ms, total 25ms
D/FluidRenderer(25030): 300 frame in 5.0 seconds = 60.0 FPS
I/ActivityManager(  443): No longer want com.google.android.partnersetup (pid 24513): empty #17
D/FluidRenderer(25030): 300 frame in 5.001 seconds = 59.988003 FPS
D/FluidRenderer(25030): 300 frame in 5.0 seconds = 60.0 FPS
D/FluidRenderer(25030): 300 frame in 5.001 seconds = 59.988003 FPS
D/dalvikvm(25030): GC_CONCURRENT freed 387K, 6% free 8366K/8900K, paused 2ms+2ms, total 27ms
D/FluidRenderer(25030): 300 frame in 5.0 seconds = 60.0 FPS
D/FluidRenderer(25030): 300 frame in 5.001 seconds = 59.988003 FPS
D/FluidRenderer(25030): 300 frame in 5.0 seconds = 60.0 FPS
D/FluidRenderer(25030): 300 frame in 5.0 seconds = 60.0 FPS
D/dalvikvm(25030): GC_CONCURRENT freed 387K, 6% free 8366K/8900K, paused 2ms+2ms, total 24ms
D/FluidRenderer(25030): 300 frame in 5.001 seconds = 59.988003 FPS
D/FluidRenderer(25030): 300 frame in 5.001 seconds = 59.988003 FPS
D/FluidRenderer(25030): 300 frame in 5.0 seconds = 60.0 FPS
D/FluidRenderer(25030): 300 frame in 5.0 seconds = 60.0 FPS
D/dalvikvm(25030): GC_CONCURRENT freed 387K, 6% free 8366K/8900K, paused 2ms+2ms, total 31ms
D/FluidRenderer(25030): 300 frame in 5.003 seconds = 59.964024 FPS
D/FluidRenderer(25030): 301 frame in 5.015 seconds = 60.019943 FPS
D/FluidRenderer(25030): 300 frame in 5.0 seconds = 60.0 FPS
D/FluidRenderer(25030): 300 frame in 5.001 seconds = 59.988003 FPS
D/dalvikvm(25030): GC_CONCURRENT freed 387K, 6% free 8366K/8900K, paused 2ms+4ms, total 30ms
D/FluidRenderer(25030): 300 frame in 5.001 seconds = 59.988003 FPS
D/FluidRenderer(25030): 300 frame in 5.0 seconds = 60.0 FPS
D/FluidRenderer(25030): 300 frame in 5.001 seconds = 59.988003 FPS
I/VS.GrammarCompilationService(14949): Compiling grammar for: en-US, type=HANDS_FREE_COMMANDS
D/dalvikvm(14949): GC_FOR_ALLOC freed 230K, 24% free 10296K/13472K, paused 32ms, total 32ms
I/dalvikvm-heap(14949): Grow heap (frag case) to 11.197MB for 1048592-byte allocation
D/dalvikvm(14949): GC_FOR_ALLOC freed <1K, 22% free 11320K/14500K, paused 26ms, total 26ms
D/dalvikvm(14949): GC_CONCURRENT freed 34K, 22% free 11312K/14500K, paused 2ms+3ms, total 37ms
D/FluidRenderer(25030): 300 frame in 5.0 seconds = 60.0 FPS
D/dalvikvm(25030): GC_CONCURRENT freed 387K, 6% free 8366K/8900K, paused 4ms+1ms, total 23ms
D/FluidRenderer(25030): 300 frame in 5.0 seconds = 60.0 FPS
D/FluidRenderer(25030): 300 frame in 5.001 seconds = 59.988003 FPS
D/FluidRenderer(25030): 300 frame in 5.0 seconds = 60.0 FPS
D/FluidRenderer(25030): 300 frame in 5.001 seconds = 59.988003 FPS
D/dalvikvm(25030): GC_CONCURRENT freed 387K, 6% free 8366K/8900K, paused 3ms+1ms, total 26ms
D/FluidRenderer(25030): 300 frame in 5.0 seconds = 60.0 FPS
W/SystemClock(  443): time going backwards: prev 2007013381018003(ioctl) vs now 2007013380888004(ioctl), tid=503
D/FluidRenderer(25030): 300 frame in 5.0 seconds = 60.0 FPS
D/FluidRenderer(25030): 301 frame in 5.016 seconds = 60.007977 FPS
D/FluidRenderer(25030): 300 frame in 5.002 seconds = 59.976013 FPS
D/dalvikvm(25030): GC_CONCURRENT freed 387K, 6% free 8366K/8900K, paused 3ms+2ms, total 25ms
D/FluidRenderer(25030): 300 frame in 5.001 seconds = 59.988003 FPS
D/FluidRenderer(25030): 300 frame in 5.001 seconds = 59.988003 FPS
D/FluidRenderer(25030): 300 frame in 5.0 seconds = 60.0 FPS
W/ThrottleService(  443): unable to find stats for iface rmnet0
D/FluidRenderer(25030): 300 frame in 5.0 seconds = 60.0 FPS
D/dalvikvm(25030): GC_CONCURRENT freed 387K, 6% free 8366K/8900K, paused 3ms+3ms, total 31ms
D/FluidRenderer(25030): 300 frame in 5.001 seconds = 59.988003 FPS
D/FluidRenderer(25030): 300 frame in 5.003 seconds = 59.964024 FPS
D/FluidRenderer(25030): 301 frame in 5.013 seconds = 60.043884 FPS
D/GCM     ( 6032): Ignoring attempt to send heartbeat on dead connection.
D/FluidRenderer(25030): 300 frame in 5.002 seconds = 59.976013 FPS
D/dalvikvm(25030): GC_CONCURRENT freed 387K, 6% free 8366K/8900K, paused 4ms+2ms, total 27ms
V/BackupServiceBinder(  443): doBackup() invoked
D/PerformBackupTask(  443): starting agent for backup of BackupRequest{pkg=android}
D/BackupManagerService(  443): awaiting agent for ApplicationInfo{42651fa8 android}
V/BackupServiceBinder(  443): doBackup() invoked
D/BackupManagerService(  443): agentConnected pkg=android agent=android.app.backup.BackupAgent$BackupServiceBinder@43115678
D/BackupHelperDispatcher(  443): handling existing helper 'wallpaper' android.app.backup.WallpaperBackupHelper@432ee4d8
I/ActivityManager(  443): Start proc com.google.android.gsf.login for service com.google.android.gsf.login/com.google.android.gsf.loginservice.GoogleLoginService: pid=26259 uid=10019 gids={50019, 3003, 1007, 1028, 1015, 1006, 2001, 3006}
D/FluidRenderer(25030): 300 frame in 5.0 seconds = 60.0 FPS
I/PerformBackupTask(  443): Backup pass finished.
D/FluidRenderer(25030): 301 frame in 5.017 seconds = 59.99601 FPS
I/WSJ_ServicE(23802): WSJData_BootReceiver No Action
I/WSJ_ServicE(23842): onStartCommand(restart) start id 2280: Intent { act=wsj.reader_t3_data_service.DataService } Count:2305
I/WSJ_ServicE(23842): ==>> run_DP called
D/FluidRenderer(25030): 300 frame in 5.001 seconds = 59.988003 FPS
I/WSJ_ServicE(23842): verifyProcessStarted : bStarted =false
I/WSJ_ServicE(23842): verifyProcessStarted : setting bStarted to true 
I/WSJ_ServicE(23842): ==>> ProcessStartup called from run_DP
I/WSJ_ServicE(23842): ==> Download Now options is set as every 30 minutes.
I/WSJ_ServicE(23842): ProcessStartup-Start
E/WSJ_SqlDBAd(23842): ===> upd_ART run ok.
E/WSJ_SqlDBAd(23842): ===> upd_noCIOCFO run ok.
E/WSJ_SqlDBAd(23842): ===> upd_noRandC run ok.
E/WSJ_SqlDBAd(23842): ===> upd_FEEDS run ok.
I/WSJ_ServicE(23842): ==>> NOW updated on 2013-07-14 09:30:04 -0400 2 back periods.
I/WSJ_ServicE(23842): ==>> isNewNowAvailable: Next 14 Last: 14
I/WSJ_ServicE(23842): NumberOfIssues:9
I/WSJ_ServicE(23842): ====>>> calling getIssueStatus 1373814130254 (240) with 9 for  USA
I/WSJ_SqlDBAd(23842): ==>> getIssueStatus called with 9 days
I/WSJ_SqlDBAd(23842): ====>>> records: 11
I/WSJ_ServicE(23842): ==>>Dnld sched rec:0 Dt:2099-12-30 Rdy:1 B: A: R: #Files:14 TS:date:20130714 revision:14 
I/WSJ_ServicE(23842): ==>>Dnld sched rec:1 Dt:2013-07-13 Rdy:1 B: A: R: #Files:29 TS:stamp.1373688559902 
I/WSJ_ServicE(23842): sendRemoteMessage: verifyTodaySlot 20130713 14
I/WSJ_Start__(23802): receivingRemoteMessage 14 20130713 14
I/WSJ_ServicE(23842): ==>>Dnld sched rec:2 Dt:2013-07-12 Rdy:1 B: A: R: #Files:33 TS:stamp.1373640568348 
I/WSJ_ServicE(23842): ==>>Dnld sched rec:3 Dt:2013-07-11 Rdy:1 B: A: R: #Files:29 TS:stamp.1373518444820 
I/WSJ_ServicE(23842): ==>>Dnld sched rec:4 Dt:2013-07-10 Rdy:1 B: A: R: #Files:29 TS:stamp.1373430175005 
I/WSJ_ServicE(23842): ==>>Dnld sched rec:5 Dt:2013-07-09 Rdy:1 B: A: R: #Files:29 TS:stamp.1373344668169 
I/WSJ_ServicE(23842): ==>>Dnld sched rec:6 Dt:2013-07-08 Rdy:1 B: A: R: #Files:29 TS:stamp.1373259129502 
I/WSJ_ServicE(23842): ==>>Dnld sched rec:7 Dt:2013-07-06 Rdy:1 B: A: R: #Files:29 TS:stamp.1373083675138 
I/WSJ_ServicE(23842): ==>>Dnld sched rec:8 Dt:2013-07-05 Rdy:1 B: A: R: #Files:33 TS: 
I/WSJ_ServicE(23842): sToDo:2099-12-30/U/14//
I/WSJ_Start__(23802): receivingRemoteMessage 4 0 100
I/WSJ_ServicE(23842): **SHP:wsj_lastinitfilterNow Incr Synched
I/WSJ_ServicE(23842): Edition:  USA- (T3) (14=>14)
I/WSJ_ServicE(23842): ToDo: (30)	
I/WSJ_ServicE(23842): sendRemoteMessage: Edition:  USA- (T3) (14=>14)
I/WSJ_ServicE(23842): ToDo: (30)	
I/WSJ_ServicE(23842):  0 17
I/WSJ_Start__(23802): receivingRemoteMessage 17 0 0
I/WSJ_ServicE(23842): ProcessStartup - begSendToDo:
I/WSJ_ServicE(23842): ---- ProcessToDoList: start  with bStarted = true
I/WSJ_ServicE(23842): ---- ProcessToDoList: setting bStarted to false
I/WSJ_ServicE(23842): ProcessStartup-End
I/WSJ_ServicE(23842): ended ProcessStartup
I/WSJ_ServicE(23842): reauth bypassed. Anonymous user
I/WSJ_ServicE(23842): Handler received msg 102
D/FluidRenderer(25030): 300 frame in 5.0 seconds = 60.0 FPS
D/dalvikvm(25030): GC_CONCURRENT freed 387K, 6% free 8366K/8900K, paused 3ms+2ms, total 31ms
D/FluidRenderer(25030): 300 frame in 5.001 seconds = 59.988003 FPS
D/FluidRenderer(25030): 300 frame in 5.0 seconds = 60.0 FPS
D/FluidRenderer(25030): 300 frame in 5.001 seconds = 59.988003 FPS
D/FluidRenderer(25030): 300 frame in 5.0 seconds = 60.0 FPS
D/dalvikvm(25030): GC_CONCURRENT freed 387K, 6% free 8366K/8900K, paused 3ms+1ms, total 26ms
D/FluidRenderer(25030): 300 frame in 5.003 seconds = 59.964024 FPS
D/FluidRenderer(25030): 300 frame in 5.001 seconds = 59.988003 FPS
D/FluidRenderer(25030): 301 frame in 5.014 seconds = 60.03191 FPS
D/FluidRenderer(25030): 300 frame in 5.0 seconds = 60.0 FPS
D/dalvikvm(25030): GC_CONCURRENT freed 387K, 6% free 8366K/8900K, paused 2ms+1ms, total 25ms
I/ActivityManager(  443): Start proc com.google.android.apps.currents for service com.google.android.apps.currents/com.google.apps.dots.android.app.service.SyncService: pid=26338 uid=10010 gids={50010, 3003, 1015, 1028}
D/dalvikvm(21113): GC_CONCURRENT freed 1990K, 25% free 13240K/17568K, paused 5ms+4ms, total 111ms
D/dalvikvm(26338): GC_CONCURRENT freed 293K, 6% free 7473K/7912K, paused 3ms+5ms, total 24ms
D/ActivityThread(26338): Loading provider com.google.android.apps.currents: com.google.apps.dots.android.currents.provider.CurrentsContentProvider
W/GAV2    (26338): Thread[main,5,main]: Need to call initialize() and be in fallback mode to start dispatch.
D/dalvikvm( 6032): GC_EXPLICIT freed 306K, 7% free 8383K/8956K, paused 2ms+3ms, total 52ms
I/DotsApplication(26338): Starting up...
D/dalvikvm(26338): GC_CONCURRENT freed 307K, 6% free 7599K/8052K, paused 2ms+4ms, total 23ms
I/SyncService(26338): Starting background sync (11:02:57)
D/dalvikvm(26338): GC_CONCURRENT freed 232K, 5% free 7764K/8144K, paused 3ms+2ms, total 20ms
D/dalvikvm(26338): GC_CONCURRENT freed 372K, 7% free 7789K/8308K, paused 3ms+3ms, total 22ms
D/dalvikvm(26338): GC_CONCURRENT freed 383K, 7% free 7835K/8368K, paused 2ms+3ms, total 22ms
D/dalvikvm(26338): GC_FOR_ALLOC freed 86K, 6% free 8002K/8488K, paused 16ms, total 16ms
D/dalvikvm(26338): GC_CONCURRENT freed 444K, 8% free 7995K/8660K, paused 3ms+2ms, total 23ms
D/dalvikvm(26338): WAIT_FOR_CONCURRENT_GC blocked 15ms
D/dalvikvm(  443): GC_CONCURRENT freed 3782K, 35% free 22263K/33792K, paused 5ms+10ms, total 133ms
D/dalvikvm(26338): GC_CONCURRENT freed 226K, 5% free 8232K/8660K, paused 1ms+1ms, total 19ms
D/dalvikvm(26338): WAIT_FOR_CONCURRENT_GC blocked 15ms
D/FluidRenderer(25030): 301 frame in 5.016 seconds = 60.007977 FPS
D/dalvikvm(26338): GC_CONCURRENT freed 339K, 6% free 8347K/8832K, paused 4ms+4ms, total 32ms
D/dalvikvm(26338): GC_CONCURRENT freed 428K, 7% free 8396K/8972K, paused 3ms+4ms, total 25ms
D/dalvikvm(26338): GC_CONCURRENT freed 379K, 6% free 8468K/8996K, paused 1ms+3ms, total 22ms
D/dalvikvm(26338): GC_CONCURRENT freed 451K, 7% free 8509K/9108K, paused 3ms+2ms, total 23ms
D/dalvikvm(26338): GC_CONCURRENT freed 453K, 7% free 8551K/9148K, paused 1ms+2ms, total 23ms
D/dalvikvm(26338): GC_CONCURRENT freed 443K, 7% free 8584K/9176K, paused 3ms+3ms, total 27ms
D/dalvikvm(26338): GC_CONCURRENT freed 354K, 6% free 8644K/9176K, paused 3ms+3ms, total 26ms
D/dalvikvm(26338): GC_CONCURRENT freed 430K, 7% free 8685K/9264K, paused 2ms+3ms, total 27ms
D/dalvikvm(26338): GC_CONCURRENT freed 608K, 9% free 8469K/9272K, paused 2ms+2ms, total 27ms
D/dalvikvm(26338): GC_FOR_ALLOC freed 180K, 9% free 8506K/9272K, paused 23ms, total 23ms
D/dalvikvm(26338): GC_FOR_ALLOC freed 14K, 9% free 8517K/9272K, paused 18ms, total 18ms
D/dalvikvm(26338): GC_FOR_ALLOC freed 24K, 9% free 8514K/9272K, paused 18ms, total 18ms
D/dalvikvm(26338): GC_FOR_ALLOC freed 171K, 9% free 8512K/9272K, paused 18ms, total 18ms
D/dalvikvm(26338): GC_FOR_ALLOC freed 111K, 9% free 8518K/9272K, paused 18ms, total 18ms
D/dalvikvm(26338): GC_FOR_ALLOC freed 80K, 9% free 8519K/9272K, paused 17ms, total 17ms
D/dalvikvm(26338): GC_FOR_ALLOC freed 80K, 9% free 8522K/9272K, paused 18ms, total 18ms
D/dalvikvm(26338): GC_FOR_ALLOC freed 86K, 8% free 8530K/9272K, paused 18ms, total 18ms
D/dalvikvm(26338): GC_CONCURRENT freed 422K, 8% free 8551K/9272K, paused 2ms+3ms, total 25ms
D/dalvikvm(26338): GC_CONCURRENT freed 305K, 7% free 8648K/9272K, paused 4ms+2ms, total 25ms
D/dalvikvm(26338): GC_CONCURRENT freed 507K, 8% free 8607K/9272K, paused 1ms+2ms, total 25ms
D/dalvikvm(26338): GC_CONCURRENT freed 447K, 8% free 8606K/9272K, paused 3ms+2ms, total 25ms
D/dalvikvm(26338): GC_FOR_ALLOC freed 192K, 8% free 8553K/9272K, paused 19ms, total 19ms
D/dalvikvm(26338): GC_FOR_ALLOC freed 82K, 8% free 8560K/9272K, paused 18ms, total 18ms
I/dalvikvm-heap(26338): Grow heap (frag case) to 8.509MB for 11546-byte allocation
D/dalvikvm(26338): GC_FOR_ALLOC freed 5K, 8% free 8566K/9284K, paused 19ms, total 19ms
D/dalvikvm(26338): GC_FOR_ALLOC freed 4K, 8% free 8562K/9284K, paused 17ms, total 18ms
I/dalvikvm-heap(26338): Grow heap (frag case) to 8.510MB for 10507-byte allocation
D/dalvikvm(26338): GC_FOR_ALLOC freed 0K, 8% free 8572K/9296K, paused 19ms, total 19ms
D/dalvikvm(26338): GC_FOR_ALLOC freed 87K, 8% free 8563K/9296K, paused 18ms, total 18ms
D/dalvikvm(26338): GC_FOR_ALLOC freed 54K, 8% free 8575K/9296K, paused 18ms, total 19ms
D/dalvikvm(26338): GC_FOR_ALLOC freed 53K, 8% free 8571K/9296K, paused 18ms, total 18ms
D/dalvikvm(26338): GC_FOR_ALLOC freed 118K, 8% free 8574K/9296K, paused 18ms, total 18ms
D/dalvikvm(26338): GC_CONCURRENT freed 391K, 8% free 8643K/9296K, paused 2ms+2ms, total 23ms
D/dalvikvm(26338): GC_CONCURRENT freed 543K, 8% free 8569K/9296K, paused 2ms+3ms, total 25ms
W/GAV2    (26338): Thread[DotsAsyncTask (SYNC) #1,1,SYNC]: dispatch call queued.  Need to call GAServiceManager.getInstance().initialize().
D/dalvikvm(26338): GC_CONCURRENT freed 415K, 9% free 8541K/9296K, paused 3ms+2ms, total 26ms
W/GAV2    (26338): Thread[GAThread,5,main]: Service unavailable (code=1), will retry.
W/ActivityManager(  443): Unable to start service Intent { act=com.google.android.gms.analytics.service.START (has extras) } U=0: not found
I/GAV2    (26338): Thread[GAThread,5,main]: No campaign data found.
D/dalvikvm(26338): GC_CONCURRENT freed 181K, 6% free 8778K/9296K, paused 3ms+3ms, total 29ms
D/dalvikvm(26338): GC_CONCURRENT freed 736K, 10% free 8553K/9436K, paused 3ms+3ms, total 25ms
D/dalvikvm(26338): WAIT_FOR_CONCURRENT_GC blocked 9ms
D/dalvikvm(26338): GC_CONCURRENT freed 673K, 12% free 8391K/9436K, paused 4ms+3ms, total 27ms
D/dalvikvm(26338): GC_CONCURRENT freed 453K, 11% free 8449K/9436K, paused 2ms+3ms, total 25ms
D/dalvikvm(26338): WAIT_FOR_CONCURRENT_GC blocked 8ms
I/SyncService(26338): sync service finished (11:03:03)
D/dalvikvm(26338): GC_CONCURRENT freed 406K, 11% free 8446K/9436K, paused 2ms+2ms, total 24ms
D/FluidRenderer(25030): 301 frame in 5.016 seconds = 60.007977 FPS
W/GAV2    (26338): Thread[Service Reconnect,5,main]: Service unavailable (code=1), using local store.
W/ActivityManager(  443): Unable to start service Intent { act=com.google.android.gms.analytics.service.START (has extras) } U=0: not found
D/FluidRenderer(25030): 300 frame in 5.0 seconds = 60.0 FPS
D/FluidRenderer(25030): 300 frame in 5.0 seconds = 60.0 FPS
D/dalvikvm(25030): GC_CONCURRENT freed 386K, 6% free 8366K/8900K, paused 2ms+1ms, total 16ms
D/FluidRenderer(25030): 300 frame in 5.001 seconds = 59.988003 FPS
D/FluidRenderer(25030): 300 frame in 5.001 seconds = 59.988003 FPS
D/FluidRenderer(25030): 300 frame in 5.0 seconds = 60.0 FPS
D/FluidRenderer(25030): 300 frame in 5.0 seconds = 60.0 FPS
D/dalvikvm(25030): GC_CONCURRENT freed 386K, 6% free 8366K/8900K, paused 2ms+5ms, total 20ms
D/FluidRenderer(25030): 300 frame in 5.001 seconds = 59.988003 FPS
D/FluidRenderer(25030): 300 frame in 5.0 seconds = 60.0 FPS
D/FluidRenderer(25030): 300 frame in 5.001 seconds = 59.988003 FPS
D/FluidRenderer(25030): 300 frame in 5.0 seconds = 60.0 FPS
D/dalvikvm(25030): GC_CONCURRENT freed 386K, 6% free 8366K/8900K, paused 2ms+1ms, total 16ms
D/FluidRenderer(25030): 300 frame in 5.001 seconds = 59.988003 FPS
D/FluidRenderer(25030): 300 frame in 5.0 seconds = 60.0 FPS
D/FluidRenderer(25030): 300 frame in 5.001 seconds = 59.988003 FPS
D/FluidRenderer(25030): 300 frame in 5.001 seconds = 59.988003 FPS
D/dalvikvm(25030): GC_CONCURRENT freed 386K, 6% free 8366K/8900K, paused 3ms+5ms, total 20ms
D/FluidRenderer(25030): 300 frame in 5.0 seconds = 60.0 FPS
D/FluidRenderer(25030): 300 frame in 5.0 seconds = 60.0 FPS
D/FluidRenderer(25030): 300 frame in 5.001 seconds = 59.988003 FPS
D/FluidRenderer(25030): 300 frame in 5.0 seconds = 60.0 FPS
D/dalvikvm(25030): GC_CONCURRENT freed 387K, 6% free 8366K/8900K, paused 1ms+1ms, total 22ms
D/dalvikvm(21113): GC_CONCURRENT freed 1906K, 25% free 13323K/17568K, paused 4ms+3ms, total 68ms
D/dalvikvm(21113): WAIT_FOR_CONCURRENT_GC blocked 36ms
D/dalvikvm(21113): WAIT_FOR_CONCURRENT_GC blocked 35ms
D/FluidRenderer(25030): 300 frame in 5.0 seconds = 60.0 FPS
D/FluidRenderer(25030): 300 frame in 5.007 seconds = 59.91612 FPS
D/FluidRenderer(25030): 301 frame in 5.015 seconds = 60.019943 FPS
D/FluidRenderer(25030): 300 frame in 5.0 seconds = 60.0 FPS
D/dalvikvm(25030): GC_CONCURRENT freed 387K, 6% free 8366K/8900K, paused 3ms+2ms, total 24ms
D/FluidRenderer(25030): 300 frame in 5.001 seconds = 59.988003 FPS
D/FluidRenderer(25030): 300 frame in 5.0 seconds = 60.0 FPS
D/FluidRenderer(25030): 300 frame in 5.0 seconds = 60.0 FPS
D/FluidRenderer(25030): 300 frame in 5.001 seconds = 59.988003 FPS
D/dalvikvm(25030): GC_CONCURRENT freed 387K, 6% free 8366K/8900K, paused 2ms+1ms, total 24ms
D/FluidRenderer(25030): 300 frame in 5.0 seconds = 60.0 FPS
D/FluidRenderer(25030): 300 frame in 5.001 seconds = 59.988003 FPS
D/FluidRenderer(25030): 301 frame in 5.016 seconds = 60.007977 FPS
D/FluidRenderer(25030): 300 frame in 5.002 seconds = 59.976013 FPS
D/dalvikvm(25030): GC_CONCURRENT freed 387K, 6% free 8366K/8900K, paused 3ms+1ms, total 25ms
I/EventLogService( 6032): Aggregate from 1373812535610 (log), 1373812535610 (data)
I/ServiceDumpSys( 6032): dumping service [account]
D/FluidRenderer(25030): 300 frame in 5.0 seconds = 60.0 FPS
D/FluidRenderer(25030): 300 frame in 5.003 seconds = 59.964024 FPS
D/FluidRenderer(25030): 300 frame in 5.0 seconds = 60.0 FPS
D/FluidRenderer(25030): 301 frame in 5.015 seconds = 60.019943 FPS
D/dalvikvm(25030): GC_CONCURRENT freed 387K, 6% free 8366K/8900K, paused 3ms+2ms, total 31ms
D/FluidRenderer(25030): 300 frame in 5.002 seconds = 59.976013 FPS
D/FluidRenderer(25030): 301 frame in 5.016 seconds = 60.007977 FPS
D/FluidRenderer(25030): 300 frame in 5.0 seconds = 60.0 FPS
D/FluidRenderer(25030): 300 frame in 5.0 seconds = 60.0 FPS
D/dalvikvm(25030): GC_CONCURRENT freed 387K, 6% free 8366K/8900K, paused 3ms+3ms, total 31ms
D/FluidRenderer(25030): 300 frame in 5.0 seconds = 60.0 FPS
D/FluidRenderer(25030): 300 frame in 5.003 seconds = 59.964024 FPS
D/FluidRenderer(25030): 300 frame in 5.001 seconds = 59.988003 FPS
D/FluidRenderer(25030): 300 frame in 5.0 seconds = 60.0 FPS
D/dalvikvm(25030): GC_CONCURRENT freed 387K, 6% free 8366K/8900K, paused 3ms+1ms, total 23ms
D/FluidRenderer(25030): 300 frame in 5.001 seconds = 59.988003 FPS
D/FluidRenderer(25030): 300 frame in 5.002 seconds = 59.976013 FPS
D/FluidRenderer(25030): 301 frame in 5.015 seconds = 60.019943 FPS
D/FluidRenderer(25030): 300 frame in 5.001 seconds = 59.988003 FPS
D/dalvikvm(25030): GC_CONCURRENT freed 387K, 6% free 8366K/8900K, paused 3ms+1ms, total 26ms
D/FluidRenderer(25030): 300 frame in 5.0 seconds = 60.0 FPS
D/FluidRenderer(25030): 300 frame in 5.003 seconds = 59.964024 FPS
I/WSJ_ServicE(23802): WSJData_BootReceiver No Action
I/WSJ_ServicE(23842): onStartCommand(restart) start id 2281: Intent { act=wsj.reader_t3_data_service.DataService } Count:2306
I/WSJ_ServicE(23842): ==>> run_DP called
D/FluidRenderer(25030): 301 frame in 5.013 seconds = 60.043884 FPS
I/WSJ_ServicE(23842): verifyProcessStarted : bStarted =false
I/WSJ_ServicE(23842): verifyProcessStarted : setting bStarted to true 
I/WSJ_ServicE(23842): ==>> ProcessStartup called from run_DP
I/WSJ_ServicE(23842): ==> Download Now options is set as every 30 minutes.
I/WSJ_ServicE(23842): ProcessStartup-Start
E/WSJ_SqlDBAd(23842): ===> upd_ART run ok.
E/WSJ_SqlDBAd(23842): ===> upd_noCIOCFO run ok.
E/WSJ_SqlDBAd(23842): ===> upd_noRandC run ok.
E/WSJ_SqlDBAd(23842): ===> upd_FEEDS run ok.
I/WSJ_ServicE(23842): ==>> NOW updated on 2013-07-14 09:30:04 -0400 2 back periods.
I/WSJ_ServicE(23842): ==>> isNewNowAvailable: Next 14 Last: 14
I/WSJ_ServicE(23842): NumberOfIssues:9
I/WSJ_ServicE(23842): ====>>> calling getIssueStatus 1373814430236 (240) with 9 for  USA
I/WSJ_SqlDBAd(23842): ==>> getIssueStatus called with 9 days
I/WSJ_SqlDBAd(23842): ====>>> records: 11
I/WSJ_ServicE(23842): ==>>Dnld sched rec:0 Dt:2099-12-30 Rdy:1 B: A: R: #Files:14 TS:date:20130714 revision:14 
I/WSJ_ServicE(23842): ==>>Dnld sched rec:1 Dt:2013-07-13 Rdy:1 B: A: R: #Files:29 TS:stamp.1373688559902 
I/WSJ_ServicE(23842): sendRemoteMessage: verifyTodaySlot 20130713 14
I/WSJ_Start__(23802): receivingRemoteMessage 14 20130713 14
I/WSJ_ServicE(23842): ==>>Dnld sched rec:2 Dt:2013-07-12 Rdy:1 B: A: R: #Files:33 TS:stamp.1373640568348 
I/WSJ_ServicE(23842): ==>>Dnld sched rec:3 Dt:2013-07-11 Rdy:1 B: A: R: #Files:29 TS:stamp.1373518444820 
I/WSJ_ServicE(23842): ==>>Dnld sched rec:4 Dt:2013-07-10 Rdy:1 B: A: R: #Files:29 TS:stamp.1373430175005 
I/WSJ_ServicE(23842): ==>>Dnld sched rec:5 Dt:2013-07-09 Rdy:1 B: A: R: #Files:29 TS:stamp.1373344668169 
I/WSJ_ServicE(23842): ==>>Dnld sched rec:6 Dt:2013-07-08 Rdy:1 B: A: R: #Files:29 TS:stamp.1373259129502 
I/WSJ_ServicE(23842): ==>>Dnld sched rec:7 Dt:2013-07-06 Rdy:1 B: A: R: #Files:29 TS:stamp.1373083675138 
I/WSJ_ServicE(23842): ==>>Dnld sched rec:8 Dt:2013-07-05 Rdy:1 B: A: R: #Files:33 TS: 
I/WSJ_ServicE(23842): sToDo:2099-12-30/U/14//
I/WSJ_Start__(23802): receivingRemoteMessage 4 0 100
I/WSJ_ServicE(23842): **SHP:wsj_lastinitfilterNow Incr Synched
I/WSJ_ServicE(23842): Edition:  USA- (T3) (14=>14)
I/WSJ_ServicE(23842): ToDo: (30)	
I/WSJ_ServicE(23842): sendRemoteMessage: Edition:  USA- (T3) (14=>14)
I/WSJ_ServicE(23842): ToDo: (30)	
I/WSJ_ServicE(23842):  0 17
I/WSJ_Start__(23802): receivingRemoteMessage 17 0 0
I/WSJ_ServicE(23842): ProcessStartup - begSendToDo:
I/WSJ_ServicE(23842): ---- ProcessToDoList: start  with bStarted = true
I/WSJ_ServicE(23842): ---- ProcessToDoList: setting bStarted to false
I/WSJ_ServicE(23842): ProcessStartup-End
I/WSJ_ServicE(23842): ended ProcessStartup
I/WSJ_ServicE(23842): reauth bypassed. Anonymous user
I/WSJ_ServicE(23842): Handler received msg 102
I/WSJ_ServicE(23842): Waiting for 7:AM or 4:00PM. It's now 07-14//1107
I/WSJ_ServicE(23842): Waiting for 4:00PM. It's now 1107
E/WSJ_ServicE(23842): download quotes
D/dalvikvm(23842): GC_CONCURRENT freed 1153K, 50% free 9987K/19848K, paused 6ms+4ms, total 50ms
I/WSJ_ServicE(23842): Watchlist update: 19898 bytes read
E/WSJ_ServicE(23842): data length:19898
E/WSJ_ServicE(23842): data is null
D/FluidRenderer(25030): 300 frame in 5.001 seconds = 59.988003 FPS
D/dalvikvm(25030): GC_CONCURRENT freed 386K, 6% free 8367K/8900K, paused 4ms+2ms, total 26ms
D/dalvikvm(23842): GC_CONCURRENT freed 627K, 49% free 10165K/19848K, paused 3ms+6ms, total 48ms
E/WSJ_MarketData(23842): ===>>>> updateQuotesStatus started....
I/SQLDbAdapter(23842): UpdateQuotesStatus beginTransaction(0) threadId: 10588
I/SQLDbAdapter(23842): beginTransaction took 0 msecs and 0 retries
E/WSJ_MarketData(23842): ===>>>> updateQuotesStatus begTran....
I/WSJ_MarketData(23842): UpdateQuotesStatus - setTransactionSuccessful
I/SQLDbAdapter(23842): endTransaction took 31 msecs
I/SQLDbAdapter(23842): UpdateQuotesStatus endTransaction(0) threadId: 10588
I/WSJ_ServicE(23842): Handler received msg 105
D/FluidRenderer(25030): 300 frame in 5.002 seconds = 59.976013 FPS
D/FluidRenderer(25030): 300 frame in 5.0 seconds = 60.0 FPS
D/FluidRenderer(25030): 300 frame in 5.003 seconds = 59.964024 FPS
D/FluidRenderer(25030): 301 frame in 5.015 seconds = 60.019943 FPS
D/dalvikvm(25030): GC_CONCURRENT freed 387K, 6% free 8366K/8900K, paused 3ms+1ms, total 26ms
D/FluidRenderer(25030): 300 frame in 5.002 seconds = 59.976013 FPS
D/FluidRenderer(25030): 300 frame in 5.002 seconds = 59.976013 FPS
D/FluidRenderer(25030): 301 frame in 5.016 seconds = 60.007977 FPS
D/FluidRenderer(25030): 301 frame in 5.015 seconds = 60.019943 FPS
D/dalvikvm(25030): GC_CONCURRENT freed 387K, 6% free 8366K/8900K, paused 2ms+3ms, total 29ms
D/FluidRenderer(25030): 301 frame in 5.019 seconds = 59.972107 FPS
I/ActivityManager(  443): No longer want com.facebook.katana:dash (pid 24444): empty #17
D/FluidRenderer(25030): 301 frame in 5.015 seconds = 60.019943 FPS
D/FluidRenderer(25030): 300 frame in 5.003 seconds = 59.964024 FPS
D/FluidRenderer(25030): cell: (15, 42)
D/FluidRenderer(25030): Force: (-13, 27)
D/FluidRenderer(25030): cell: (13, 44)
D/FluidRenderer(25030): Force: (-3, -4)
D/FluidRenderer(25030): cell: (13, 44)
D/FluidRenderer(25030): Force: (-3, 0)
D/FluidRenderer(25030): cell: (13, 44)
D/FluidRenderer(25030): Force: (-5, 1)
D/FluidRenderer(25030): cell: (12, 44)
D/FluidRenderer(25030): Force: (-3, 0)
D/FluidRenderer(25030): cell: (12, 44)
D/FluidRenderer(25030): Force: (-7, 0)
D/FluidRenderer(25030): cell: (11, 44)
D/FluidRenderer(25030): Force: (-8, 0)
D/FluidRenderer(25030): cell: (11, 44)
D/FluidRenderer(25030): Force: (-4, -1)
D/FluidRenderer(25030): cell: (10, 44)
D/FluidRenderer(25030): Force: (-4, -1)
D/FluidRenderer(25030): cell: (10, 44)
D/FluidRenderer(25030): Force: (-4, -6)
D/FluidRenderer(25030): cell: (10, 44)
D/FluidRenderer(25030): Force: (-2, -4)
D/FluidRenderer(25030): cell: (9, 44)
D/FluidRenderer(25030): Force: (-5, -6)
D/FluidRenderer(25030): cell: (9, 43)
D/FluidRenderer(25030): Force: (-5, -6)
D/FluidRenderer(25030): cell: (9, 43)
D/FluidRenderer(25030): Force: (-5, -2)
D/FluidRenderer(25030): cell: (8, 43)
D/FluidRenderer(25030): Force: (-11, 0)
D/FluidRenderer(25030): cell: (7, 43)
D/FluidRenderer(25030): Force: (-19, 9)
D/FluidRenderer(25030): cell: (5, 44)
D/FluidRenderer(25030): Force: (-19, 9)
D/FluidRenderer(25030): cell: (3, 44)
D/FluidRenderer(25030): Force: (-5, 6)
D/FluidRenderer(25030): cell: (3, 45)
D/FluidRenderer(25030): Force: (-9, 12)
D/FluidRenderer(25030): cell: (2, 46)
D/FluidRenderer(25030): Force: (-3, 2)
D/FluidRenderer(25030): cell: (2, 46)
D/FluidRenderer(25030): Force: (-2, 0)
D/FluidRenderer(25030): cell: (2, 46)
D/FluidRenderer(25030): Force: (-2, 0)
D/FluidRenderer(25030): cell: (1, 46)
D/FluidRenderer(25030): Force: (0, -1)
D/FluidRenderer(25030): cell: (1, 46)
D/FluidRenderer(25030): Force: (-1, -1)
D/FluidRenderer(25030): 301 frame in 5.014 seconds = 60.03191 FPS
D/dalvikvm(25030): GC_CONCURRENT freed 387K, 6% free 8366K/8900K, paused 3ms+1ms, total 17ms
D/FluidRenderer(25030): cell: (1, 46)
D/FluidRenderer(25030): Force: (1, 8)
D/FluidRenderer(25030): cell: (2, 47)
D/FluidRenderer(25030): Force: (-3, 29)
D/FluidRenderer(25030): cell: (1, 49)
D/FluidRenderer(25030): Force: (2, -2)
D/FluidRenderer(25030): cell: (2, 49)
D/FluidRenderer(25030): Force: (-2, -1)
D/FluidRenderer(25030): 300 frame in 5.001 seconds = 59.988003 FPS
D/FluidRenderer(25030): cell: (2, 49)
D/FluidRenderer(25030): Force: (2, -27)
D/FluidRenderer(25030): 300 frame in 5.001 seconds = 59.988003 FPS
D/FluidRenderer(25030): cell: (2, 47)
D/FluidRenderer(25030): Force: (0, -1)
D/FluidRenderer(25030): cell: (2, 47)
D/FluidRenderer(25030): Force: (2, -17)
D/FluidRenderer(25030): cell: (2, 46)
D/FluidRenderer(25030): Force: (1, -694)
D/FluidRenderer(25030): cell: (3, 1)
D/FluidRenderer(25030): Force: (-1, -3)
D/FluidRenderer(25030): cell: (3, 1)
D/FluidRenderer(25030): Force: (-1, -5)
D/FluidRenderer(25030): cell: (3, 1)
D/FluidRenderer(25030): Force: (-1, -5)
D/FluidRenderer(25030): cell: (2, 1)
D/FluidRenderer(25030): Force: (-1, -2)
D/FluidRenderer(25030): cell: (2, 1)
D/FluidRenderer(25030): Force: (-1, -3)
D/FluidRenderer(25030): cell: (2, 1)
D/FluidRenderer(25030): Force: (-1, -3)
D/FluidRenderer(25030): cell: (2, 1)
D/FluidRenderer(25030): Force: (0, 0)
D/FluidRenderer(25030): cell: (2, 1)
D/FluidRenderer(25030): Force: (-1, -3)
D/FluidRenderer(25030): cell: (2, 1)
D/FluidRenderer(25030): Force: (-1, 0)
D/FluidRenderer(25030): cell: (2, 1)
D/FluidRenderer(25030): Force: (-1, -1)
D/FluidRenderer(25030): cell: (2, 1)
D/FluidRenderer(25030): Force: (-1, -3)
D/FluidRenderer(25030): cell: (2, 1)
D/FluidRenderer(25030): Force: (0, 3)
D/FluidRenderer(25030): cell: (2, 1)
D/FluidRenderer(25030): Force: (0, 2)
D/FluidRenderer(25030): cell: (3, 1)
D/FluidRenderer(25030): Force: (0, 1)
D/FluidRenderer(25030): cell: (3, 1)
D/FluidRenderer(25030): Force: (0, 0)
D/FluidRenderer(25030): cell: (3, 1)
D/FluidRenderer(25030): Force: (-1, 1)
D/FluidRenderer(25030): cell: (3, 1)
D/FluidRenderer(25030): Force: (-1, -1)
D/FluidRenderer(25030): cell: (3, 1)
D/FluidRenderer(25030): Force: (-1, -1)
D/FluidRenderer(25030): cell: (3, 1)
D/FluidRenderer(25030): Force: (-1, -1)
D/FluidRenderer(25030): cell: (3, 1)
D/FluidRenderer(25030): Force: (-1, 1)
D/FluidRenderer(25030): cell: (3, 1)
D/FluidRenderer(25030): Force: (-1, -1)
D/FluidRenderer(25030): cell: (3, 1)
D/FluidRenderer(25030): Force: (-1, -1)
D/FluidRenderer(25030): cell: (3, 1)
D/FluidRenderer(25030): Force: (-1, -1)
D/FluidRenderer(25030): cell: (3, 1)
D/FluidRenderer(25030): Force: (-1, -1)
D/FluidRenderer(25030): cell: (3, 1)
D/FluidRenderer(25030): Force: (0, 2)
D/FluidRenderer(25030): cell: (3, 1)
D/FluidRenderer(25030): Force: (4, 0)
D/FluidRenderer(25030): cell: (3, 1)
D/FluidRenderer(25030): Force: (1, 0)
D/FluidRenderer(25030): cell: (4, 1)
D/FluidRenderer(25030): Force: (-2, -1)
D/FluidRenderer(25030): cell: (4, 1)
D/FluidRenderer(25030): Force: (3, 0)
D/FluidRenderer(25030): cell: (4, 1)
D/FluidRenderer(25030): Force: (0, -1)
D/FluidRenderer(25030): cell: (4, 1)
D/FluidRenderer(25030): Force: (-1, -1)
D/FluidRenderer(25030): cell: (4, 1)
D/FluidRenderer(25030): Force: (-4, -1)
D/FluidRenderer(25030): cell: (4, 1)
D/FluidRenderer(25030): Force: (-3, -1)
D/FluidRenderer(25030): cell: (4, 1)
D/FluidRenderer(25030): Force: (0, -1)
D/FluidRenderer(25030): cell: (4, 1)
D/FluidRenderer(25030): Force: (-1, -1)
D/FluidRenderer(25030): cell: (4, 1)
D/FluidRenderer(25030): Force: (-4, -1)
D/FluidRenderer(25030): cell: (3, 1)
D/FluidRenderer(25030): Force: (0, -1)
D/FluidRenderer(25030): cell: (3, 1)
D/FluidRenderer(25030): Force: (-4, -3)
D/FluidRenderer(25030): cell: (3, 1)
D/FluidRenderer(25030): Force: (-2, -8)
D/FluidRenderer(25030): cell: (3, 1)
D/FluidRenderer(25030): Force: (-2, -5)
D/FluidRenderer(25030): cell: (3, 1)
D/FluidRenderer(25030): Force: (-2, -5)
D/FluidRenderer(25030): cell: (2, 1)
D/FluidRenderer(25030): Force: (-2, -3)
D/FluidRenderer(25030): cell: (2, 1)
D/FluidRenderer(25030): Force: (-1, -2)
D/FluidRenderer(25030): cell: (2, 1)
D/FluidRenderer(25030): Force: (-1, -3)
D/FluidRenderer(25030): cell: (2, 1)
D/FluidRenderer(25030): Force: (0, 0)
D/FluidRenderer(25030): cell: (2, 1)
D/FluidRenderer(25030): Force: (-1, -1)
D/FluidRenderer(25030): cell: (2, 1)
D/FluidRenderer(25030): Force: (-1, -1)
D/FluidRenderer(25030): cell: (2, 1)
