--------- beginning of /dev/log/main
I/Process (24893): Sending signal. PID: 24893 SIG: 9
--------- beginning of /dev/log/system
I/ActivityManager(  443): Process com.tstine.fluidapp (pid 24893) has died.
W/InputMethodManagerService(  443): Got RemoteException sending setActive(false) notification to pid 24893 uid 10080
I/ActivityManager(  443): START u0 {act=android.intent.action.MAIN cat=[android.intent.category.LAUNCHER] flg=0x10200000 cmp=com.tstine.fluidapp/.MainActivity} from pid 20790
D/dalvikvm(24919): Late-enabling CheckJNI
I/ActivityManager(  443): Start proc com.tstine.fluidapp for activity com.tstine.fluidapp/.MainActivity: pid=24919 uid=10080 gids={50080, 1015, 1028}
D/dalvikvm(24919): GC_FOR_ALLOC freed 38K, 3% free 7320K/7504K, paused 19ms, total 19ms
I/dalvikvm-heap(24919): Grow heap (frag case) to 8.288MB for 1048592-byte allocation
D/dalvikvm(24919): GC_FOR_ALLOC freed 0K, 3% free 8344K/8532K, paused 18ms, total 18ms
D/dalvikvm(24919): GC_CONCURRENT freed 1K, 3% free 8350K/8532K, paused 7ms+18ms, total 45ms
V/PhoneStatusBar(  566): setLightsOn(true)
D/libEGL  (24919): loaded /system/lib/egl/libEGL_tegra.so
D/libEGL  (24919): loaded /system/lib/egl/libGLESv1_CM_tegra.so
D/libEGL  (24919): loaded /system/lib/egl/libGLESv2_tegra.so
I/ActivityManager(  443): Displayed com.tstine.fluidapp/.MainActivity: +301ms
D/FluidRenderer(24919): Program for simulate_vertex_shader.glsl advect_frag_shader.glsl loaded!
D/FluidRenderer(24919): Program for simulate_vertex_shader.glsl jacobi_frag_shader.glsl loaded!
D/FluidRenderer(24919): Program for simulate_vertex_shader.glsl force_frag_shader.glsl loaded!
D/FluidRenderer(24919): Program for simulate_vertex_shader.glsl div_frag_shader.glsl loaded!
D/FluidRenderer(24919): Program for simulate_vertex_shader.glsl grad_frag_shader.glsl loaded!
D/FluidRenderer(24919): Program for simulate_vertex_shader.glsl boundary_frag_shader.glsl loaded!
D/FluidRenderer(24919): Shader Failure info:
D/FluidRenderer(24919):  (9) : error C0000: syntax error, unexpected reserved word "void", expecting ',' or ';' at token "void"
D/dalvikvm(24919): GC_CONCURRENT freed 393K, 7% free 8387K/8932K, paused 3ms+4ms, total 29ms
W/dalvikvm(24919): threadid=11: thread exiting with uncaught exception (group=0x41e05930)
E/AndroidRuntime(24919): FATAL EXCEPTION: GLThread 8433
E/AndroidRuntime(24919): java.lang.RuntimeException: Frag shader compile failed: add_color_frag_shader.glsl
E/AndroidRuntime(24919): 	at com.tstine.fluidapp.ShaderLoader.load(ShaderLoader.java:65)
E/AndroidRuntime(24919): 	at com.tstine.fluidapp.FluidRenderer.initializeShaderPrograms(FluidRenderer.java:280)
E/AndroidRuntime(24919): 	at com.tstine.fluidapp.FluidRenderer.onSurfaceCreated(FluidRenderer.java:127)
E/AndroidRuntime(24919): 	at android.opengl.GLSurfaceView$GLThread.guardedRun(GLSurfaceView.java:1494)
E/AndroidRuntime(24919): 	at android.opengl.GLSurfaceView$GLThread.run(GLSurfaceView.java:1240)
W/ActivityManager(  443):   Force finishing activity com.tstine.fluidapp/.MainActivity
D/dalvikvm(24354): GC_CONCURRENT freed 444K, 7% free 7996K/8592K, paused 2ms+3ms, total 24ms
D/Finsky  (24354): [1] 5.onFinished: Installation state replication succeeded.
D/AndroidRuntime(24981): 
D/AndroidRuntime(24981): >>>>>> AndroidRuntime START com.android.internal.os.RuntimeInit <<<<<<
D/AndroidRuntime(24981): CheckJNI is OFF
D/dalvikvm(24981): Trying to load lib libjavacore.so 0x0
D/dalvikvm(24981): Added shared lib libjavacore.so 0x0
D/dalvikvm(24981): Trying to load lib libnativehelper.so 0x0
D/dalvikvm(24981): Added shared lib libnativehelper.so 0x0
D/AndroidRuntime(24981): Calling main entry com.android.commands.pm.Pm
W/ActivityManager(  443): No content provider found for permission revoke: file:///data/local/tmp/Fluidz-debug.apk
W/ActivityManager(  443): No content provider found for permission revoke: file:///data/local/tmp/Fluidz-debug.apk
I/PackageManager(  443): Copying native libraries to /data/app-lib/vmdl-994379023
I/PackageParser(  443): com.tstine.fluidapp: compat added android.permission.WRITE_EXTERNAL_STORAGE android.permission.READ_PHONE_STATE
I/PackageManager(  443): Removing non-system package:com.tstine.fluidapp
I/ActivityManager(  443): Force stopping package com.tstine.fluidapp appid=10080 user=-1
I/ActivityManager(  443): Killing proc 24919:com.tstine.fluidapp/u0a10080: force stop com.tstine.fluidapp
W/InputMethodManagerService(  443): Got RemoteException sending setActive(false) notification to pid 24919 uid 10080
D/dalvikvm(  443): GC_CONCURRENT freed 3401K, 33% free 22882K/33792K, paused 4ms+17ms, total 137ms
D/dalvikvm(  443): WAIT_FOR_CONCURRENT_GC blocked 78ms
I/PackageManager(  443): Package com.tstine.fluidapp codePath changed from /data/app/com.tstine.fluidapp-2.apk to /data/app/com.tstine.fluidapp-1.apk; Retaining data and using new
I/PackageManager(  443): Running dexopt on: com.tstine.fluidapp
D/dalvikvm(25001): DexOpt: load 11ms, verify+opt 11ms, 240612 bytes
I/ActivityManager(  443): Force stopping package com.tstine.fluidapp appid=10080 user=-1
W/PackageManager(  443): Code path for pkg : com.tstine.fluidapp changing from /data/app/com.tstine.fluidapp-2.apk to /data/app/com.tstine.fluidapp-1.apk
W/PackageManager(  443): Resource path for pkg : com.tstine.fluidapp changing from /data/app/com.tstine.fluidapp-2.apk to /data/app/com.tstine.fluidapp-1.apk
D/PackageManager(  443): New package installed in /data/app/com.tstine.fluidapp-1.apk
I/ActivityManager(  443): Force stopping package com.tstine.fluidapp appid=10080 user=0
I/InputReader(  443): Reconfiguring input devices.  changes=0x00000010
D/dalvikvm(24283): GC_EXPLICIT freed 188K, 7% free 7573K/8128K, paused 3ms+3ms, total 33ms
D/dalvikvm(20790): GC_EXPLICIT freed 3143K, 39% free 15484K/25160K, paused 4ms+14ms, total 60ms
D/dalvikvm(14949): GC_EXPLICIT freed 191K, 24% free 10291K/13472K, paused 3ms+5ms, total 75ms
I/InputReader(  443): Reconfiguring input devices.  changes=0x00000010
W/ContextImpl(24838): Calling a method in the system process without a qualified user: android.app.ContextImpl.startService:1352 android.content.ContextWrapper.startService:450 android.content.ContextWrapper.startService:450 com.android.keychain.KeyChainBroadcastReceiver.onReceive:12 android.app.ActivityThread.handleReceiver:2376 
D/dalvikvm(  443): GC_EXPLICIT freed 1569K, 33% free 22669K/33792K, paused 19ms+18ms, total 358ms
D/AndroidRuntime(24981): Shutting down VM
D/dalvikvm(20790): GC_FOR_ALLOC freed 5351K, 51% free 12530K/25160K, paused 28ms, total 28ms
D/dalvikvm(24981): GC_CONCURRENT freed 91K, 17% free 459K/552K, paused 0ms+1ms, total 3ms
D/dalvikvm(20790): GC_FOR_ALLOC freed 392K, 47% free 13478K/25160K, paused 32ms, total 32ms
D/dalvikvm(20790): GC_FOR_ALLOC freed 1764K, 49% free 13049K/25160K, paused 43ms, total 47ms
W/GCoreUlr( 6300): sending intent to update reporting state
I/GCoreUlr( 6300): Ensuring that reporting is stopped because of reasons: {account#1#=[InactiveReason{mVersionCode=0, mIdentifier=2, mName='DeferringToGmm'}]}
D/GCoreFlp( 6300): Unknown pending intent to remove.
I/GCoreUlr( 6300): Unbound from all location providers
I/dalvikvm(24034): Total arena pages for JIT: 11
I/dalvikvm(24034): Total arena pages for JIT: 12
I/dalvikvm(24034): Total arena pages for JIT: 13
I/dalvikvm(24034): Total arena pages for JIT: 14
I/dalvikvm(24034): Total arena pages for JIT: 15
I/dalvikvm(24034): Total arena pages for JIT: 16
I/dalvikvm(24034): Total arena pages for JIT: 17
D/dalvikvm(20790): GC_CONCURRENT freed 782K, 44% free 14110K/25160K, paused 2ms+14ms, total 68ms
D/dalvikvm( 6300): GC_FOR_ALLOC freed 274K, 10% free 9145K/10112K, paused 32ms, total 32ms
I/Choreographer(20790): Skipped 32 frames!  The application may be doing too much work on its main thread.
I/GCoreUlr( 6300): Ensuring that reporting is stopped because of reasons: {account#1#=[InactiveReason{mVersionCode=0, mIdentifier=2, mName='DeferringToGmm'}]}
D/GCoreFlp( 6300): Unknown pending intent to remove.
I/GCoreUlr( 6300): Unbound from all location providers
D/dalvikvm(20790): GC_CONCURRENT freed 3729K, 50% free 12585K/25160K, paused 2ms+5ms, total 33ms
D/dalvikvm(20790): WAIT_FOR_CONCURRENT_GC blocked 11ms
D/dalvikvm(20790): GC_FOR_ALLOC freed 427K, 47% free 13357K/25160K, paused 26ms, total 26ms
D/dalvikvm(20790): GC_FOR_ALLOC freed 1623K, 49% free 12938K/25160K, paused 28ms, total 28ms
D/dalvikvm(20790): GC_FOR_ALLOC freed 240K, 43% free 14410K/25160K, paused 23ms, total 23ms
D/dalvikvm(24283): GC_CONCURRENT freed 225K, 5% free 7739K/8128K, paused 2ms+2ms, total 22ms
D/dalvikvm(20790): GC_FOR_ALLOC freed 768K, 42% free 14599K/25160K, paused 24ms, total 24ms
D/dalvikvm(20790): GC_FOR_ALLOC freed 1660K, 40% free 15245K/25160K, paused 22ms, total 22ms
D/dalvikvm(20790): GC_FOR_ALLOC freed 271K, 34% free 16714K/25160K, paused 22ms, total 22ms
I/dalvikvm-heap(20790): Grow heap (frag case) to 19.023MB for 2683424-byte allocation
D/dalvikvm(20790): GC_FOR_ALLOC freed 26K, 31% free 19308K/27784K, paused 25ms, total 25ms
D/dalvikvm(20790): GC_CONCURRENT freed 5692K, 31% free 17501K/25160K, paused 1ms+3ms, total 44ms
D/dalvikvm(20790): WAIT_FOR_CONCURRENT_GC blocked 43ms
W/ActivityManager(  443): Permission denied: checkComponentPermission() owningUid=10053
W/ActivityManager(  443): Permission denied: checkComponentPermission() owningUid=10053
W/ActivityManager(  443): Permission denied: checkComponentPermission() owningUid=10053
W/ActivityManager(  443): Permission denied: checkComponentPermission() owningUid=10053
W/ActivityManager(  443): Permission denied: checkComponentPermission() owningUid=10053
W/ActivityManager(  443): Permission denied: checkComponentPermission() owningUid=10053
W/ActivityManager(  443): Permission denied: checkComponentPermission() owningUid=10053
W/ActivityManager(  443): Permission denied: checkComponentPermission() owningUid=10053
W/ActivityManager(  443): Permission denied: checkComponentPermission() owningUid=10053
W/ActivityManager(  443): Permission denied: checkComponentPermission() owningUid=10053
I/ActivityManager(  443): START u0 {act=android.intent.action.MAIN cat=[android.intent.category.LAUNCHER] flg=0x10200000 cmp=com.tstine.fluidapp/.MainActivity} from pid 20790
D/dalvikvm(25030): Late-enabling CheckJNI
I/ActivityManager(  443): Start proc com.tstine.fluidapp for activity com.tstine.fluidapp/.MainActivity: pid=25030 uid=10080 gids={50080, 1015, 1028}
D/dalvikvm(25030): GC_FOR_ALLOC freed 42K, 3% free 7320K/7508K, paused 23ms, total 23ms
I/dalvikvm-heap(25030): Grow heap (frag case) to 8.288MB for 1048592-byte allocation
D/dalvikvm(25030): GC_FOR_ALLOC freed <1K, 3% free 8343K/8536K, paused 22ms, total 22ms
D/dalvikvm(25030): GC_CONCURRENT freed <1K, 3% free 8351K/8536K, paused 5ms+2ms, total 30ms
V/PhoneStatusBar(  566): setLightsOn(true)
D/libEGL  (25030): loaded /system/lib/egl/libEGL_tegra.so
D/libEGL  (25030): loaded /system/lib/egl/libGLESv1_CM_tegra.so
D/libEGL  (25030): loaded /system/lib/egl/libGLESv2_tegra.so
I/ActivityManager(  443): Displayed com.tstine.fluidapp/.MainActivity: +249ms
D/FluidRenderer(25030): Program for simulate_vertex_shader.glsl advect_frag_shader.glsl loaded!
D/FluidRenderer(25030): Program for simulate_vertex_shader.glsl jacobi_frag_shader.glsl loaded!
D/FluidRenderer(25030): Program for simulate_vertex_shader.glsl force_frag_shader.glsl loaded!
D/FluidRenderer(25030): Program for simulate_vertex_shader.glsl div_frag_shader.glsl loaded!
D/FluidRenderer(25030): Program for simulate_vertex_shader.glsl grad_frag_shader.glsl loaded!
D/FluidRenderer(25030): Program for simulate_vertex_shader.glsl boundary_frag_shader.glsl loaded!
D/dalvikvm(25030): GC_CONCURRENT freed 409K, 7% free 8369K/8932K, paused 4ms+4ms, total 33ms
D/FluidRenderer(25030): Program for simulate_vertex_shader.glsl add_color_frag_shader.glsl loaded!
D/FluidRenderer(25030): Program for render_vertex_shader.glsl render_frag_shader.glsl loaded!
D/FluidRenderer(25030): Program for simulate_vertex_shader.glsl clear_frag_shader.glsl loaded!
D/FluidRenderer(25030): 1 frame in 1.3738131E9 seconds = 7.27901E-10 FPS
D/FluidRenderer(25030): 302 frame in 5.005 seconds = 60.33966 FPS
D/FluidRenderer(25030): cell: (1, 64)
D/FluidRenderer(25030): Force: (409, -684)
E/libEGL  (25030): call to OpenGL ES API with no current context (logged once per thread)
D/FluidRenderer(25030): cell: (40, 17)
D/FluidRenderer(25030): Force: (-3, 1)
D/FluidRenderer(25030): cell: (40, 18)
D/FluidRenderer(25030): Force: (-6, 5)
D/FluidRenderer(25030): cell: (39, 18)
D/FluidRenderer(25030): Force: (-8, 10)
D/FluidRenderer(25030): cell: (39, 19)
D/FluidRenderer(25030): Force: (-13, 18)
D/FluidRenderer(25030): cell: (37, 20)
D/FluidRenderer(25030): Force: (-12, 14)
D/FluidRenderer(25030): cell: (36, 21)
D/FluidRenderer(25030): Force: (-7, 9)
D/FluidRenderer(25030): cell: (35, 22)
D/FluidRenderer(25030): Force: (-8, 9)
D/FluidRenderer(25030): cell: (35, 22)
D/FluidRenderer(25030): Force: (-8, 9)
D/FluidRenderer(25030): cell: (34, 23)
D/FluidRenderer(25030): Force: (-13, 16)
D/FluidRenderer(25030): cell: (33, 24)
D/FluidRenderer(25030): Force: (-13, 17)
D/FluidRenderer(25030): cell: (31, 26)
D/FluidRenderer(25030): Force: (-14, 13)
D/FluidRenderer(25030): cell: (30, 27)
D/FluidRenderer(25030): Force: (-11, 11)
D/FluidRenderer(25030): cell: (29, 27)
D/FluidRenderer(25030): Force: (-9, 11)
D/FluidRenderer(25030): cell: (28, 28)
D/FluidRenderer(25030): Force: (-13, 13)
D/FluidRenderer(25030): cell: (27, 29)
D/FluidRenderer(25030): Force: (-7, 6)
D/FluidRenderer(25030): cell: (26, 30)
D/FluidRenderer(25030): Force: (-8, 9)
D/FluidRenderer(25030): cell: (25, 30)
D/FluidRenderer(25030): Force: (-17, 17)
D/FluidRenderer(25030): cell: (24, 32)
D/FluidRenderer(25030): Force: (-11, 16)
D/FluidRenderer(25030): cell: (23, 33)
D/FluidRenderer(25030): Force: (-8, 10)
D/FluidRenderer(25030): cell: (22, 34)
D/FluidRenderer(25030): Force: (-6, 7)
D/FluidRenderer(25030): cell: (21, 34)
D/FluidRenderer(25030): Force: (-10, 10)
D/FluidRenderer(25030): cell: (20, 35)
D/FluidRenderer(25030): Force: (-9, 8)
D/FluidRenderer(25030): cell: (19, 36)
D/FluidRenderer(25030): Force: (-6, 7)
D/FluidRenderer(25030): cell: (19, 36)
D/FluidRenderer(25030): Force: (-6, 7)
D/FluidRenderer(25030): cell: (18, 37)
D/FluidRenderer(25030): Force: (-8, 7)
D/FluidRenderer(25030): cell: (18, 37)
D/FluidRenderer(25030): Force: (-6, 6)
D/FluidRenderer(25030): cell: (17, 38)
D/FluidRenderer(25030): Force: (-4, 4)
D/FluidRenderer(25030): cell: (17, 38)
D/FluidRenderer(25030): Force: (-4, 3)
D/FluidRenderer(25030): cell: (16, 38)
D/FluidRenderer(25030): Force: (-4, 4)
D/FluidRenderer(25030): cell: (16, 39)
D/FluidRenderer(25030): Force: (-2, 2)
D/FluidRenderer(25030): cell: (16, 39)
D/FluidRenderer(25030): Force: (-2, 1)
D/FluidRenderer(25030): cell: (16, 39)
D/FluidRenderer(25030): Force: (24, 38)
D/FluidRenderer(25030): cell: (18, 42)
D/FluidRenderer(25030): Force: (-1, -4)
D/FluidRenderer(25030): cell: (18, 42)
D/FluidRenderer(25030): Force: (-2, -12)
D/FluidRenderer(25030): cell: (18, 41)
D/FluidRenderer(25030): Force: (-2, -18)
D/FluidRenderer(25030): cell: (18, 40)
D/FluidRenderer(25030): Force: (-1, -21)
D/FluidRenderer(25030): cell: (18, 38)
D/FluidRenderer(25030): Force: (-3, -20)
D/FluidRenderer(25030): cell: (18, 37)
D/FluidRenderer(25030): Force: (-2, -21)
D/FluidRenderer(25030): cell: (17, 36)
D/FluidRenderer(25030): Force: (-3, -21)
D/FluidRenderer(25030): cell: (17, 34)
D/FluidRenderer(25030): Force: (-3, -23)
D/FluidRenderer(25030): cell: (17, 33)
D/FluidRenderer(25030): Force: (-3, -23)
D/FluidRenderer(25030): cell: (17, 31)
D/FluidRenderer(25030): Force: (-3, -21)
D/FluidRenderer(25030): cell: (16, 30)
D/FluidRenderer(25030): Force: (-4, -22)
D/FluidRenderer(25030): cell: (16, 28)
D/FluidRenderer(25030): Force: (-2, -18)
D/FluidRenderer(25030): cell: (16, 27)
D/FluidRenderer(25030): Force: (-3, -13)
D/FluidRenderer(25030): cell: (16, 26)
D/FluidRenderer(25030): Force: (-4, -15)
D/FluidRenderer(25030): cell: (15, 25)
D/FluidRenderer(25030): Force: (-4, -10)
D/FluidRenderer(25030): cell: (15, 25)
D/FluidRenderer(25030): Force: (-3, -6)
D/FluidRenderer(25030): cell: (15, 24)
D/FluidRenderer(25030): Force: (-4, -8)
D/FluidRenderer(25030): cell: (14, 24)
D/FluidRenderer(25030): Force: (-5, -12)
D/FluidRenderer(25030): cell: (14, 23)
D/FluidRenderer(25030): Force: (-7, -15)
D/FluidRenderer(25030): cell: (13, 22)
D/FluidRenderer(25030): Force: (-5, -12)
D/FluidRenderer(25030): cell: (13, 21)
D/FluidRenderer(25030): Force: (-4, -8)
D/FluidRenderer(25030): cell: (12, 21)
D/FluidRenderer(25030): Force: (-4, -9)
D/FluidRenderer(25030): cell: (12, 20)
D/FluidRenderer(25030): Force: (-6, -16)
D/FluidRenderer(25030): cell: (12, 19)
D/FluidRenderer(25030): Force: (-3, -6)
D/FluidRenderer(25030): cell: (11, 19)
D/FluidRenderer(25030): Force: (-5, -9)
D/FluidRenderer(25030): cell: (11, 18)
D/FluidRenderer(25030): Force: (-5, -9)
D/FluidRenderer(25030): cell: (10, 18)
D/FluidRenderer(25030): Force: (-4, -9)
D/FluidRenderer(25030): cell: (10, 17)
D/FluidRenderer(25030): Force: (-4, -8)
D/FluidRenderer(25030): cell: (10, 17)
D/FluidRenderer(25030): Force: (-3, -7)
D/FluidRenderer(25030): cell: (9, 16)
D/FluidRenderer(25030): Force: (-4, -11)
D/FluidRenderer(25030): cell: (9, 15)
D/FluidRenderer(25030): Force: (-4, -9)
D/FluidRenderer(25030): cell: (9, 15)
D/FluidRenderer(25030): Force: (-4, -9)
D/FluidRenderer(25030): cell: (8, 14)
D/FluidRenderer(25030): Force: (-6, -12)
D/FluidRenderer(25030): cell: (8, 13)
D/FluidRenderer(25030): Force: (-6, -13)
D/FluidRenderer(25030): cell: (7, 13)
D/FluidRenderer(25030): Force: (-6, -15)
D/FluidRenderer(25030): cell: (7, 12)
D/FluidRenderer(25030): Force: (-6, -19)
D/FluidRenderer(25030): cell: (6, 10)
D/FluidRenderer(25030): Force: (-5, -18)
D/FluidRenderer(25030): cell: (6, 9)
D/FluidRenderer(25030): Force: (-5, -20)
D/FluidRenderer(25030): cell: (5, 8)
D/FluidRenderer(25030): Force: (-3, -13)
D/FluidRenderer(25030): cell: (5, 7)
D/FluidRenderer(25030): Force: (-2, -7)
D/FluidRenderer(25030): 300 frame in 5.005 seconds = 59.94006 FPS
D/dalvikvm(24354): GC_CONCURRENT freed 456K, 8% free 7998K/8604K, paused 3ms+2ms, total 26ms
D/Finsky  (24354): [1] 5.onFinished: Installation state replication succeeded.
D/FluidRenderer(25030): cell: (5, 7)
D/FluidRenderer(25030): Force: (220, 366)
D/FluidRenderer(25030): cell: (27, 31)
D/FluidRenderer(25030): Force: (-3, -3)
D/FluidRenderer(25030): cell: (27, 31)
D/FluidRenderer(25030): Force: (-9, -14)
D/FluidRenderer(25030): cell: (26, 30)
D/FluidRenderer(25030): Force: (-12, -18)
D/FluidRenderer(25030): cell: (25, 29)
D/FluidRenderer(25030): Force: (-10, -14)
D/FluidRenderer(25030): cell: (24, 28)
D/FluidRenderer(25030): Force: (-9, -15)
D/FluidRenderer(25030): cell: (23, 27)
D/FluidRenderer(25030): Force: (-7, -12)
D/FluidRenderer(25030): cell: (23, 26)
D/FluidRenderer(25030): Force: (-8, -16)
D/FluidRenderer(25030): cell: (22, 25)
D/FluidRenderer(25030): Force: (-9, -17)
D/FluidRenderer(25030): cell: (21, 24)
D/FluidRenderer(25030): Force: (-11, -17)
D/FluidRenderer(25030): cell: (20, 23)
D/FluidRenderer(25030): Force: (-8, -11)
D/FluidRenderer(25030): cell: (19, 23)
D/FluidRenderer(25030): Force: (-7, -8)
D/FluidRenderer(25030): cell: (18, 22)
D/FluidRenderer(25030): Force: (-11, -12)
D/FluidRenderer(25030): cell: (17, 21)
D/FluidRenderer(25030): Force: (-8, -8)
D/FluidRenderer(25030): cell: (17, 21)
D/FluidRenderer(25030): Force: (-5, -5)
D/FluidRenderer(25030): cell: (16, 20)
D/FluidRenderer(25030): Force: (-7, -7)
D/FluidRenderer(25030): cell: (16, 20)
D/FluidRenderer(25030): Force: (-6, -6)
D/FluidRenderer(25030): cell: (15, 20)
D/FluidRenderer(25030): Force: (-6, -4)
D/FluidRenderer(25030): cell: (14, 19)
D/FluidRenderer(25030): Force: (-7, -7)
D/FluidRenderer(25030): cell: (14, 19)
D/FluidRenderer(25030): Force: (-5, -5)
D/FluidRenderer(25030): cell: (13, 19)
D/FluidRenderer(25030): Force: (-3, -2)
D/FluidRenderer(25030): cell: (13, 18)
D/FluidRenderer(25030): Force: (-3, -3)
D/FluidRenderer(25030): cell: (13, 18)
D/FluidRenderer(25030): Force: (-4, -3)
D/FluidRenderer(25030): cell: (12, 18)
D/FluidRenderer(25030): Force: (-3, -3)
D/FluidRenderer(25030): cell: (12, 18)
D/FluidRenderer(25030): Force: (-2, -3)
D/FluidRenderer(25030): cell: (12, 18)
D/FluidRenderer(25030): Force: (-3, -4)
D/dalvikvm(25030): GC_CONCURRENT freed 394K, 7% free 8363K/8924K, paused 13ms+1ms, total 27ms
D/FluidRenderer(25030): cell: (12, 18)
D/FluidRenderer(25030): Force: (-5, -4)
D/FluidRenderer(25030): cell: (11, 17)
D/FluidRenderer(25030): Force: (-2, -3)
D/FluidRenderer(25030): cell: (11, 17)
D/FluidRenderer(25030): Force: (-2, -3)
D/FluidRenderer(25030): cell: (11, 17)
D/FluidRenderer(25030): Force: (-2, -3)
D/FluidRenderer(25030): cell: (11, 17)
D/FluidRenderer(25030): Force: (-3, -3)
D/FluidRenderer(25030): cell: (10, 17)
D/FluidRenderer(25030): Force: (-2, -3)
D/FluidRenderer(25030): cell: (10, 17)
D/FluidRenderer(25030): Force: (-3, -3)
D/FluidRenderer(25030): cell: (10, 16)
D/FluidRenderer(25030): Force: (-3, -3)
D/FluidRenderer(25030): cell: (10, 16)
D/FluidRenderer(25030): Force: (-3, -4)
D/FluidRenderer(25030): cell: (10, 16)
D/FluidRenderer(25030): Force: (-2, -3)
D/FluidRenderer(25030): cell: (9, 16)
D/FluidRenderer(25030): Force: (-3, -3)
D/FluidRenderer(25030): cell: (9, 16)
D/FluidRenderer(25030): Force: (-2, -3)
D/FluidRenderer(25030): cell: (9, 15)
D/FluidRenderer(25030): Force: (-1, -2)
D/FluidRenderer(25030): cell: (9, 15)
D/FluidRenderer(25030): Force: (-2, -3)
D/FluidRenderer(25030): cell: (9, 15)
D/FluidRenderer(25030): Force: (-2, -4)
D/FluidRenderer(25030): cell: (8, 15)
D/FluidRenderer(25030): Force: (-2, -3)
D/FluidRenderer(25030): cell: (8, 15)
D/FluidRenderer(25030): Force: (-3, -2)
D/FluidRenderer(25030): cell: (8, 15)
D/FluidRenderer(25030): Force: (-3, -3)
D/FluidRenderer(25030): cell: (8, 15)
D/FluidRenderer(25030): Force: (-2, -3)
D/FluidRenderer(25030): cell: (8, 14)
D/FluidRenderer(25030): Force: (-1, -3)
D/FluidRenderer(25030): cell: (8, 14)
D/FluidRenderer(25030): Force: (-1, 1)
D/FluidRenderer(25030): cell: (8, 14)
D/FluidRenderer(25030): Force: (0, 1)
D/FluidRenderer(25030): cell: (8, 15)
D/FluidRenderer(25030): Force: (1, 6)
D/FluidRenderer(25030): cell: (8, 15)
D/FluidRenderer(25030): Force: (1, 8)
D/FluidRenderer(25030): cell: (8, 16)
D/FluidRenderer(25030): Force: (0, 3)
D/FluidRenderer(25030): cell: (8, 16)
D/FluidRenderer(25030): Force: (2, 7)
D/FluidRenderer(25030): cell: (9, 17)
D/FluidRenderer(25030): Force: (9, 22)
D/FluidRenderer(25030): cell: (10, 18)
D/FluidRenderer(25030): Force: (8, 19)
D/FluidRenderer(25030): cell: (11, 20)
D/FluidRenderer(25030): Force: (4, 12)
D/FluidRenderer(25030): cell: (11, 20)
D/FluidRenderer(25030): Force: (7, 23)
D/FluidRenderer(25030): cell: (12, 22)
D/FluidRenderer(25030): Force: (7, 22)
D/FluidRenderer(25030): cell: (13, 24)
D/FluidRenderer(25030): Force: (8, 27)
D/FluidRenderer(25030): cell: (14, 26)
D/FluidRenderer(25030): Force: (5, 18)
D/FluidRenderer(25030): cell: (15, 27)
D/FluidRenderer(25030): Force: (4, 16)
D/FluidRenderer(25030): cell: (15, 28)
D/FluidRenderer(25030): Force: (7, 17)
D/FluidRenderer(25030): cell: (16, 29)
D/FluidRenderer(25030): Force: (6, 22)
D/FluidRenderer(25030): cell: (17, 31)
D/FluidRenderer(25030): Force: (8, 38)
D/FluidRenderer(25030): cell: (18, 34)
D/FluidRenderer(25030): Force: (8, 37)
D/FluidRenderer(25030): cell: (19, 36)
D/FluidRenderer(25030): Force: (5, 17)
D/FluidRenderer(25030): cell: (19, 38)
D/FluidRenderer(25030): Force: (3, 12)
D/FluidRenderer(25030): cell: (20, 38)
D/FluidRenderer(25030): Force: (3, 13)
D/FluidRenderer(25030): cell: (20, 39)
D/FluidRenderer(25030): Force: (3, 10)
D/FluidRenderer(25030): cell: (21, 40)
D/FluidRenderer(25030): Force: (3, 8)
D/FluidRenderer(25030): cell: (21, 41)
D/FluidRenderer(25030): Force: (3, 8)
D/FluidRenderer(25030): cell: (22, 41)
D/FluidRenderer(25030): Force: (3, 12)
D/FluidRenderer(25030): cell: (22, 42)
D/FluidRenderer(25030): Force: (6, 12)
D/FluidRenderer(25030): cell: (23, 43)
D/FluidRenderer(25030): Force: (6, 18)
D/FluidRenderer(25030): cell: (24, 45)
D/FluidRenderer(25030): Force: (13, 39)
D/FluidRenderer(25030): cell: (25, 47)
D/FluidRenderer(25030): Force: (13, 34)
D/FluidRenderer(25030): cell: (27, 50)
D/FluidRenderer(25030): Force: (9, 20)
D/FluidRenderer(25030): cell: (28, 51)
D/FluidRenderer(25030): Force: (7, 16)
D/FluidRenderer(25030): cell: (29, 52)
D/FluidRenderer(25030): Force: (9, 17)
D/FluidRenderer(25030): cell: (30, 53)
D/FluidRenderer(25030): Force: (9, 11)
D/FluidRenderer(25030): cell: (31, 54)
D/FluidRenderer(25030): Force: (4, 5)
D/FluidRenderer(25030): cell: (31, 55)
D/FluidRenderer(25030): Force: (3, 3)
D/FluidRenderer(25030): cell: (32, 55)
D/FluidRenderer(25030): Force: (5, 5)
D/FluidRenderer(25030): cell: (32, 55)
D/FluidRenderer(25030): Force: (1, 2)
D/FluidRenderer(25030): cell: (33, 56)
D/FluidRenderer(25030): Force: (1, 1)
D/FluidRenderer(25030): cell: (33, 56)
D/FluidRenderer(25030): Force: (0, 1)
D/FluidRenderer(25030): cell: (33, 56)
D/FluidRenderer(25030): Force: (0, 1)
D/FluidRenderer(25030): cell: (33, 56)
D/FluidRenderer(25030): Force: (-1, -4)
D/FluidRenderer(25030): cell: (33, 56)
D/FluidRenderer(25030): Force: (-2, -3)
D/FluidRenderer(25030): cell: (33, 56)
D/FluidRenderer(25030): Force: (-2, -3)
D/FluidRenderer(25030): cell: (33, 56)
D/FluidRenderer(25030): Force: (-2, -4)
D/FluidRenderer(25030): cell: (33, 55)
D/FluidRenderer(25030): Force: (0, -3)
D/FluidRenderer(25030): cell: (33, 55)
D/FluidRenderer(25030): Force: (-1, -3)
D/FluidRenderer(25030): cell: (33, 55)
D/FluidRenderer(25030): Force: (-1, -3)
D/FluidRenderer(25030): cell: (33, 55)
D/FluidRenderer(25030): Force: (-1, -3)
D/FluidRenderer(25030): cell: (33, 55)
D/FluidRenderer(25030): Force: (-1, -3)
D/FluidRenderer(25030): cell: (33, 55)
D/FluidRenderer(25030): Force: (-1, -7)
D/FluidRenderer(25030): cell: (33, 54)
D/FluidRenderer(25030): Force: (-1, -4)
D/FluidRenderer(25030): cell: (33, 54)
D/FluidRenderer(25030): Force: (-1, -4)
D/FluidRenderer(25030): cell: (33, 54)
D/FluidRenderer(25030): Force: (-1, -4)
D/FluidRenderer(25030): cell: (33, 53)
D/FluidRenderer(25030): Force: (-2, -9)
D/FluidRenderer(25030): cell: (33, 53)
D/FluidRenderer(25030): Force: (-1, -5)
D/FluidRenderer(25030): cell: (33, 52)
D/FluidRenderer(25030): Force: (-1, -6)
D/FluidRenderer(25030): cell: (33, 52)
D/FluidRenderer(25030): Force: (-1, -6)
D/FluidRenderer(25030): cell: (32, 52)
D/FluidRenderer(25030): Force: (-1, -6)
D/FluidRenderer(25030): cell: (32, 51)
D/FluidRenderer(25030): Force: (-1, -6)
D/FluidRenderer(25030): cell: (32, 51)
D/FluidRenderer(25030): Force: (-1, -6)
D/FluidRenderer(25030): cell: (32, 51)
D/FluidRenderer(25030): Force: (-1, -4)
D/FluidRenderer(25030): cell: (32, 50)
D/FluidRenderer(25030): Force: (-2, -6)
D/FluidRenderer(25030): cell: (32, 50)
D/FluidRenderer(25030): Force: (-2, -5)
D/FluidRenderer(25030): cell: (32, 50)
D/FluidRenderer(25030): Force: (-1, -3)
D/FluidRenderer(25030): cell: (32, 50)
D/FluidRenderer(25030): Force: (-2, -5)
D/FluidRenderer(25030): cell: (32, 49)
D/FluidRenderer(25030): Force: (-2, -6)
D/FluidRenderer(25030): cell: (32, 49)
D/FluidRenderer(25030): Force: (-1, -5)
D/FluidRenderer(25030): cell: (32, 49)
D/FluidRenderer(25030): Force: (-1, -4)
D/FluidRenderer(25030): cell: (31, 48)
D/FluidRenderer(25030): Force: (-1, -4)
D/FluidRenderer(25030): cell: (31, 48)
D/FluidRenderer(25030): Force: (-1, -6)
D/FluidRenderer(25030): cell: (31, 48)
D/FluidRenderer(25030): Force: (-1, -5)
D/FluidRenderer(25030): 301 frame in 5.012 seconds = 60.055866 FPS
D/FluidRenderer(25030): cell: (31, 48)
D/FluidRenderer(25030): Force: (-1, -3)
D/FluidRenderer(25030): cell: (31, 47)
D/FluidRenderer(25030): Force: (-1, -6)
D/FluidRenderer(25030): cell: (31, 47)
D/FluidRenderer(25030): Force: (-1, -5)
D/FluidRenderer(25030): cell: (31, 47)
D/FluidRenderer(25030): Force: (-1, -2)
D/FluidRenderer(25030): cell: (31, 47)
D/FluidRenderer(25030): Force: (-1, -7)
D/FluidRenderer(25030): cell: (31, 46)
D/FluidRenderer(25030): Force: (-1, -7)
D/FluidRenderer(25030): cell: (31, 46)
D/FluidRenderer(25030): Force: (-1, -7)
D/FluidRenderer(25030): cell: (31, 45)
D/FluidRenderer(25030): Force: (-1, -8)
D/FluidRenderer(25030): cell: (31, 45)
D/FluidRenderer(25030): Force: (0, -7)
D/FluidRenderer(25030): cell: (31, 44)
D/FluidRenderer(25030): Force: (-1, -6)
D/FluidRenderer(25030): cell: (31, 44)
D/FluidRenderer(25030): Force: (-1, -5)
D/FluidRenderer(25030): cell: (31, 44)
D/FluidRenderer(25030): Force: (-1, -5)
D/FluidRenderer(25030): cell: (31, 43)
D/FluidRenderer(25030): Force: (-1, -5)
D/FluidRenderer(25030): cell: (31, 43)
D/FluidRenderer(25030): Force: (-1, -4)
D/FluidRenderer(25030): cell: (31, 43)
D/FluidRenderer(25030): Force: (-1, -5)
D/FluidRenderer(25030): cell: (31, 43)
D/FluidRenderer(25030): Force: (0, -4)
D/FluidRenderer(25030): cell: (31, 42)
D/FluidRenderer(25030): Force: (-2, -4)
D/FluidRenderer(25030): cell: (31, 42)
D/FluidRenderer(25030): Force: (-1, -3)
D/FluidRenderer(25030): cell: (31, 42)
D/FluidRenderer(25030): Force: (0, -2)
D/FluidRenderer(25030): cell: (31, 42)
D/FluidRenderer(25030): Force: (-1, -3)
D/FluidRenderer(25030): cell: (31, 42)
D/FluidRenderer(25030): Force: (0, -5)
D/FluidRenderer(25030): cell: (31, 41)
D/FluidRenderer(25030): Force: (-1, -2)
D/FluidRenderer(25030): cell: (31, 41)
D/FluidRenderer(25030): Force: (0, -3)
D/FluidRenderer(25030): cell: (31, 41)
D/FluidRenderer(25030): Force: (-1, -3)
D/FluidRenderer(25030): cell: (31, 41)
D/FluidRenderer(25030): Force: (-1, -4)
D/FluidRenderer(25030): cell: (31, 41)
D/FluidRenderer(25030): Force: (-1, -3)
D/FluidRenderer(25030): cell: (31, 41)
D/FluidRenderer(25030): Force: (-1, -3)
D/FluidRenderer(25030): cell: (31, 40)
D/FluidRenderer(25030): Force: (0, -4)
D/FluidRenderer(25030): cell: (31, 40)
D/FluidRenderer(25030): Force: (-1, -4)
D/FluidRenderer(25030): cell: (31, 40)
D/FluidRenderer(25030): Force: (-1, -2)
D/FluidRenderer(25030): cell: (31, 40)
D/FluidRenderer(25030): Force: (0, -3)
D/FluidRenderer(25030): cell: (31, 40)
D/FluidRenderer(25030): Force: (-1, -4)
D/FluidRenderer(25030): cell: (31, 39)
D/FluidRenderer(25030): Force: (-1, -4)
D/FluidRenderer(25030): cell: (31, 39)
D/FluidRenderer(25030): Force: (-1, -2)
D/FluidRenderer(25030): cell: (31, 39)
D/FluidRenderer(25030): Force: (-1, -4)
D/FluidRenderer(25030): cell: (31, 39)
D/FluidRenderer(25030): Force: (0, -3)
D/FluidRenderer(25030): cell: (31, 39)
D/FluidRenderer(25030): Force: (-1, -3)
D/FluidRenderer(25030): cell: (31, 39)
D/FluidRenderer(25030): Force: (-1, -3)
D/FluidRenderer(25030): cell: (31, 38)
D/FluidRenderer(25030): Force: (0, -3)
D/FluidRenderer(25030): cell: (31, 38)
D/FluidRenderer(25030): Force: (-1, -3)
D/FluidRenderer(25030): cell: (31, 38)
D/FluidRenderer(25030): Force: (-1, -3)
D/FluidRenderer(25030): cell: (31, 38)
D/FluidRenderer(25030): Force: (-1, -2)
D/FluidRenderer(25030): cell: (31, 38)
D/FluidRenderer(25030): Force: (-1, -5)
D/FluidRenderer(25030): cell: (31, 37)
D/FluidRenderer(25030): Force: (-1, -3)
D/FluidRenderer(25030): cell: (31, 37)
D/FluidRenderer(25030): Force: (-1, -3)
D/FluidRenderer(25030): cell: (31, 37)
D/FluidRenderer(25030): Force: (-1, -3)
D/FluidRenderer(25030): cell: (30, 37)
D/FluidRenderer(25030): Force: (-2, -4)
D/FluidRenderer(25030): cell: (30, 37)
D/FluidRenderer(25030): Force: (-1, -5)
D/FluidRenderer(25030): cell: (30, 36)
D/FluidRenderer(25030): Force: (-1, -5)
D/FluidRenderer(25030): cell: (30, 36)
D/FluidRenderer(25030): Force: (-2, -7)
D/FluidRenderer(25030): cell: (30, 36)
D/FluidRenderer(25030): Force: (-1, -10)
D/FluidRenderer(25030): cell: (30, 35)
D/FluidRenderer(25030): Force: (-1, -10)
D/FluidRenderer(25030): cell: (30, 34)
D/FluidRenderer(25030): Force: (-3, -16)
D/FluidRenderer(25030): cell: (30, 33)
D/FluidRenderer(25030): Force: (-1, -16)
D/FluidRenderer(25030): cell: (29, 32)
D/FluidRenderer(25030): Force: (-1, -15)
D/FluidRenderer(25030): cell: (29, 31)
D/FluidRenderer(25030): Force: (-1, -21)
D/FluidRenderer(25030): cell: (29, 30)
D/FluidRenderer(25030): Force: (-1, -20)
D/FluidRenderer(25030): cell: (29, 28)
D/FluidRenderer(25030): Force: (0, -19)
D/FluidRenderer(25030): cell: (29, 27)
D/FluidRenderer(25030): Force: (0, -21)
D/FluidRenderer(25030): cell: (29, 26)
D/FluidRenderer(25030): Force: (-1, -21)
D/FluidRenderer(25030): cell: (29, 24)
D/FluidRenderer(25030): Force: (-1, -15)
D/FluidRenderer(25030): cell: (29, 23)
D/FluidRenderer(25030): Force: (-1, -13)
D/FluidRenderer(25030): cell: (29, 23)
D/FluidRenderer(25030): Force: (-1, -10)
D/FluidRenderer(25030): cell: (29, 22)
D/FluidRenderer(25030): Force: (-2, -8)
D/FluidRenderer(25030): cell: (29, 21)
D/FluidRenderer(25030): Force: (-2, -9)
D/FluidRenderer(25030): cell: (29, 21)
D/FluidRenderer(25030): Force: (-1, -7)
D/FluidRenderer(25030): cell: (29, 20)
D/FluidRenderer(25030): Force: (-1, -3)
D/FluidRenderer(25030): cell: (29, 20)
D/FluidRenderer(25030): Force: (-1, -3)
D/FluidRenderer(25030): cell: (29, 20)
D/FluidRenderer(25030): Force: (-1, -6)
D/FluidRenderer(25030): cell: (29, 20)
D/FluidRenderer(25030): Force: (-1, -7)
D/FluidRenderer(25030): cell: (29, 19)
D/FluidRenderer(25030): Force: (-1, -5)
D/FluidRenderer(25030): cell: (29, 19)
D/FluidRenderer(25030): Force: (-1, -4)
D/FluidRenderer(25030): cell: (29, 19)
D/FluidRenderer(25030): Force: (-1, -5)
D/FluidRenderer(25030): cell: (29, 18)
D/FluidRenderer(25030): Force: (-1, -4)
D/FluidRenderer(25030): cell: (29, 18)
D/FluidRenderer(25030): Force: (0, -4)
D/FluidRenderer(25030): cell: (29, 18)
D/FluidRenderer(25030): Force: (-1, -7)
D/FluidRenderer(25030): cell: (29, 17)
D/FluidRenderer(25030): Force: (-1, -7)
D/FluidRenderer(25030): cell: (29, 17)
D/FluidRenderer(25030): Force: (-1, -6)
D/FluidRenderer(25030): cell: (29, 17)
D/FluidRenderer(25030): Force: (-1, -5)
D/FluidRenderer(25030): cell: (29, 16)
D/FluidRenderer(25030): Force: (-1, -6)
D/FluidRenderer(25030): cell: (29, 16)
D/FluidRenderer(25030): Force: (-1, -7)
D/FluidRenderer(25030): cell: (29, 15)
D/FluidRenderer(25030): Force: (-1, -7)
D/FluidRenderer(25030): cell: (29, 15)
D/FluidRenderer(25030): Force: (-1, -6)
D/FluidRenderer(25030): cell: (29, 15)
D/FluidRenderer(25030): Force: (0, -9)
D/FluidRenderer(25030): cell: (29, 14)
D/FluidRenderer(25030): Force: (-1, -17)
D/FluidRenderer(25030): cell: (29, 13)
D/FluidRenderer(25030): Force: (-2, -30)
D/FluidRenderer(25030): cell: (29, 11)
D/FluidRenderer(25030): Force: (-1, -18)
D/FluidRenderer(25030): cell: (28, 10)
D/FluidRenderer(25030): Force: (-1, -4)
D/FluidRenderer(25030): cell: (28, 10)
D/FluidRenderer(25030): Force: (306, 243)
D/FluidRenderer(25030): cell: (60, 26)
D/FluidRenderer(25030): Force: (-5, -1)
D/FluidRenderer(25030): cell: (59, 26)
D/FluidRenderer(25030): Force: (-2, -1)
D/FluidRenderer(25030): cell: (59, 26)
D/FluidRenderer(25030): Force: (-9, 0)
D/FluidRenderer(25030): cell: (58, 26)
D/FluidRenderer(25030): Force: (-9, 0)
D/FluidRenderer(25030): cell: (57, 26)
D/FluidRenderer(25030): Force: (-14, 0)
D/FluidRenderer(25030): cell: (56, 26)
D/FluidRenderer(25030): Force: (-16, 1)
D/FluidRenderer(25030): cell: (54, 26)
D/FluidRenderer(25030): Force: (-16, 1)
D/FluidRenderer(25030): cell: (53, 27)
D/FluidRenderer(25030): Force: (-13, 0)
D/FluidRenderer(25030): cell: (52, 27)
D/FluidRenderer(25030): Force: (-17, 2)
D/FluidRenderer(25030): cell: (50, 27)
D/FluidRenderer(25030): Force: (-18, 1)
D/FluidRenderer(25030): cell: (48, 27)
D/FluidRenderer(25030): Force: (-14, 1)
D/FluidRenderer(25030): cell: (47, 27)
D/FluidRenderer(25030): Force: (-19, 2)
D/FluidRenderer(25030): cell: (45, 27)
D/FluidRenderer(25030): Force: (-13, 0)
D/FluidRenderer(25030): cell: (44, 28)
D/FluidRenderer(25030): Force: (-14, 0)
D/FluidRenderer(25030): cell: (42, 28)
D/FluidRenderer(25030): Force: (-20, 0)
D/FluidRenderer(25030): cell: (40, 28)
D/FluidRenderer(25030): Force: (-11, 0)
D/FluidRenderer(25030): cell: (39, 28)
D/FluidRenderer(25030): Force: (-14, 0)
D/FluidRenderer(25030): cell: (38, 28)
D/FluidRenderer(25030): Force: (-14, 0)
D/FluidRenderer(25030): cell: (37, 28)
D/FluidRenderer(25030): Force: (-14, -1)
D/FluidRenderer(25030): cell: (35, 28)
D/FluidRenderer(25030): Force: (-10, -1)
D/FluidRenderer(25030): cell: (34, 28)
D/FluidRenderer(25030): Force: (-4, -1)
D/FluidRenderer(25030): cell: (34, 28)
D/FluidRenderer(25030): Force: (-16, -1)
D/FluidRenderer(25030): cell: (32, 28)
D/FluidRenderer(25030): Force: (-18, 0)
D/FluidRenderer(25030): cell: (30, 28)
D/FluidRenderer(25030): Force: (-10, 0)
D/FluidRenderer(25030): cell: (29, 28)
D/FluidRenderer(25030): Force: (-9, -1)
D/FluidRenderer(25030): cell: (29, 28)
D/FluidRenderer(25030): Force: (-11, 0)
D/FluidRenderer(25030): cell: (27, 28)
D/FluidRenderer(25030): Force: (-8, -1)
D/FluidRenderer(25030): cell: (27, 28)
D/FluidRenderer(25030): Force: (-8, 0)
D/FluidRenderer(25030): cell: (26, 28)
D/FluidRenderer(25030): Force: (-8, -1)
D/FluidRenderer(25030): cell: (25, 28)
D/FluidRenderer(25030): Force: (-9, 0)
D/FluidRenderer(25030): cell: (24, 28)
D/FluidRenderer(25030): Force: (-7, 0)
D/FluidRenderer(25030): cell: (24, 28)
D/FluidRenderer(25030): Force: (-7, 0)
D/FluidRenderer(25030): cell: (23, 28)
D/FluidRenderer(25030): Force: (-7, 0)
D/FluidRenderer(25030): cell: (22, 28)
D/FluidRenderer(25030): Force: (-5, 0)
D/FluidRenderer(25030): cell: (22, 28)
D/FluidRenderer(25030): Force: (-6, -1)
D/FluidRenderer(25030): cell: (21, 28)
D/FluidRenderer(25030): Force: (-7, 0)
D/FluidRenderer(25030): cell: (21, 28)
D/FluidRenderer(25030): Force: (-6, 0)
D/FluidRenderer(25030): cell: (20, 28)
D/FluidRenderer(25030): Force: (-6, 0)
D/FluidRenderer(25030): cell: (20, 28)
D/FluidRenderer(25030): Force: (-5, 0)
D/FluidRenderer(25030): cell: (19, 28)
D/FluidRenderer(25030): Force: (-5, 0)
D/FluidRenderer(25030): cell: (19, 28)
D/FluidRenderer(25030): Force: (-7, -1)
D/FluidRenderer(25030): cell: (18, 28)
D/FluidRenderer(25030): Force: (-8, -1)
D/FluidRenderer(25030): cell: (17, 28)
D/FluidRenderer(25030): Force: (-6, 0)
D/FluidRenderer(25030): cell: (17, 28)
D/FluidRenderer(25030): Force: (-7, 0)
D/FluidRenderer(25030): cell: (16, 28)
D/FluidRenderer(25030): Force: (-7, 0)
D/FluidRenderer(25030): cell: (15, 28)
D/FluidRenderer(25030): Force: (-9, 0)
D/FluidRenderer(25030): cell: (15, 28)
D/FluidRenderer(25030): Force: (-7, 0)
D/FluidRenderer(25030): cell: (14, 28)
D/FluidRenderer(25030): Force: (-6, -1)
D/FluidRenderer(25030): cell: (13, 28)
D/FluidRenderer(25030): Force: (-8, -1)
D/FluidRenderer(25030): cell: (13, 28)
D/FluidRenderer(25030): Force: (-6, -1)
D/FluidRenderer(25030): cell: (12, 28)
D/FluidRenderer(25030): Force: (-7, -1)
D/FluidRenderer(25030): cell: (11, 28)
D/FluidRenderer(25030): Force: (-7, -1)
D/FluidRenderer(25030): cell: (11, 28)
D/FluidRenderer(25030): Force: (-5, -1)
D/FluidRenderer(25030): cell: (10, 28)
D/FluidRenderer(25030): Force: (-5, -1)
D/FluidRenderer(25030): cell: (10, 28)
D/FluidRenderer(25030): Force: (-5, -1)
D/FluidRenderer(25030): cell: (9, 28)
D/FluidRenderer(25030): Force: (-3, -1)
D/FluidRenderer(25030): cell: (9, 28)
D/FluidRenderer(25030): Force: (-4, 0)
D/FluidRenderer(25030): cell: (9, 28)
D/FluidRenderer(25030): Force: (-6, -1)
D/FluidRenderer(25030): cell: (8, 28)
D/FluidRenderer(25030): Force: (-4, -1)
D/FluidRenderer(25030): cell: (8, 28)
D/FluidRenderer(25030): Force: (-4, -1)
D/FluidRenderer(25030): cell: (7, 28)
D/FluidRenderer(25030): Force: (-3, -1)
D/FluidRenderer(25030): cell: (7, 28)
D/FluidRenderer(25030): Force: (-3, -1)
D/FluidRenderer(25030): cell: (7, 28)
D/FluidRenderer(25030): Force: (-4, -1)
D/FluidRenderer(25030): cell: (7, 28)
D/FluidRenderer(25030): Force: (-3, -1)
D/FluidRenderer(25030): cell: (6, 28)
D/FluidRenderer(25030): Force: (-4, 0)
D/FluidRenderer(25030): cell: (6, 28)
D/FluidRenderer(25030): Force: (-14, 30)
D/FluidRenderer(25030): cell: (5, 30)
D/FluidRenderer(25030): Force: (10, -1)
D/FluidRenderer(25030): cell: (6, 30)
D/FluidRenderer(25030): Force: (17, 0)
D/FluidRenderer(25030): cell: (8, 30)
D/FluidRenderer(25030): Force: (20, -1)
D/FluidRenderer(25030): cell: (10, 30)
D/FluidRenderer(25030): Force: (23, -1)
D/FluidRenderer(25030): cell: (12, 30)
D/FluidRenderer(25030): Force: (23, 0)
D/FluidRenderer(25030): cell: (15, 30)
D/FluidRenderer(25030): Force: (24, 0)
D/FluidRenderer(25030): cell: (18, 30)
D/FluidRenderer(25030): Force: (29, 0)
D/FluidRenderer(25030): cell: (21, 30)
D/FluidRenderer(25030): Force: (22, 1)
D/FluidRenderer(25030): cell: (23, 30)
D/FluidRenderer(25030): Force: (24, 0)
D/FluidRenderer(25030): cell: (26, 31)
D/FluidRenderer(25030): Force: (22, 0)
D/FluidRenderer(25030): cell: (28, 31)
D/FluidRenderer(25030): Force: (22, -1)
D/FluidRenderer(25030): cell: (30, 31)
D/FluidRenderer(25030): Force: (18, -1)
D/FluidRenderer(25030): cell: (32, 31)
D/FluidRenderer(25030): Force: (18, -1)
D/FluidRenderer(25030): 300 frame in 5.001 seconds = 59.988003 FPS
D/FluidRenderer(25030): cell: (34, 31)
D/FluidRenderer(25030): Force: (11, -1)
D/FluidRenderer(25030): cell: (36, 31)
D/FluidRenderer(25030): Force: (10, -1)
D/FluidRenderer(25030): cell: (37, 31)
D/FluidRenderer(25030): Force: (15, -3)
D/FluidRenderer(25030): cell: (39, 30)
D/FluidRenderer(25030): Force: (12, -2)
D/FluidRenderer(25030): cell: (40, 30)
D/FluidRenderer(25030): Force: (8, -2)
D/FluidRenderer(25030): cell: (41, 30)
D/FluidRenderer(25030): Force: (10, -2)
D/FluidRenderer(25030): cell: (42, 30)
D/FluidRenderer(25030): Force: (8, -1)
D/FluidRenderer(25030): cell: (43, 30)
D/FluidRenderer(25030): Force: (6, -2)
D/FluidRenderer(25030): cell: (44, 30)
D/FluidRenderer(25030): Force: (5, -1)
D/FluidRenderer(25030): cell: (45, 30)
D/FluidRenderer(25030): Force: (4, -1)
D/FluidRenderer(25030): cell: (45, 30)
D/FluidRenderer(25030): Force: (4, -1)
D/FluidRenderer(25030): cell: (46, 30)
D/FluidRenderer(25030): Force: (2, -1)
D/FluidRenderer(25030): cell: (46, 30)
D/FluidRenderer(25030): Force: (0, 0)
D/FluidRenderer(25030): cell: (46, 30)
D/FluidRenderer(25030): Force: (5, -1)
D/FluidRenderer(25030): cell: (47, 30)
D/FluidRenderer(25030): Force: (5, -1)
D/FluidRenderer(25030): cell: (47, 30)
D/FluidRenderer(25030): Force: (2, -1)
D/FluidRenderer(25030): cell: (48, 30)
D/FluidRenderer(25030): Force: (2, 0)
D/FluidRenderer(25030): cell: (48, 30)
D/FluidRenderer(25030): Force: (1, -1)
D/FluidRenderer(25030): cell: (48, 30)
D/FluidRenderer(25030): Force: (-347, -153)
D/FluidRenderer(25030): cell: (13, 19)
D/FluidRenderer(25030): Force: (8, 1)
D/FluidRenderer(25030): cell: (14, 19)
D/FluidRenderer(25030): Force: (22, 12)
D/FluidRenderer(25030): cell: (17, 20)
D/FluidRenderer(25030): Force: (33, 25)
D/FluidRenderer(25030): cell: (20, 22)
D/FluidRenderer(25030): Force: (17, 15)
D/FluidRenderer(25030): cell: (22, 23)
D/FluidRenderer(25030): Force: (15, 17)
D/FluidRenderer(25030): cell: (24, 25)
D/FluidRenderer(25030): Force: (19, 24)
D/FluidRenderer(25030): cell: (26, 26)
D/FluidRenderer(25030): Force: (16, 22)
D/FluidRenderer(25030): cell: (28, 28)
D/FluidRenderer(25030): Force: (10, 13)
D/FluidRenderer(25030): cell: (29, 29)
D/FluidRenderer(25030): Force: (26, 30)
D/FluidRenderer(25030): cell: (32, 31)
D/FluidRenderer(25030): Force: (21, 24)
D/FluidRenderer(25030): cell: (34, 33)
D/FluidRenderer(25030): Force: (10, 8)
D/FluidRenderer(25030): cell: (35, 33)
D/FluidRenderer(25030): Force: (5, 6)
D/FluidRenderer(25030): cell: (36, 34)
D/FluidRenderer(25030): Force: (9, 12)
D/FluidRenderer(25030): cell: (37, 35)
D/FluidRenderer(25030): Force: (12, 11)
D/FluidRenderer(25030): cell: (38, 36)
D/FluidRenderer(25030): Force: (10, 10)
D/FluidRenderer(25030): cell: (39, 36)
D/FluidRenderer(25030): Force: (12, 14)
D/FluidRenderer(25030): cell: (41, 37)
D/FluidRenderer(25030): Force: (12, 14)
D/FluidRenderer(25030): cell: (42, 38)
D/FluidRenderer(25030): Force: (10, 13)
D/FluidRenderer(25030): cell: (43, 39)
D/FluidRenderer(25030): Force: (7, 9)
D/FluidRenderer(25030): cell: (44, 40)
D/FluidRenderer(25030): Force: (8, 8)
D/FluidRenderer(25030): cell: (45, 41)
D/FluidRenderer(25030): Force: (9, 12)
D/FluidRenderer(25030): cell: (46, 42)
D/FluidRenderer(25030): Force: (19, 25)
D/FluidRenderer(25030): cell: (48, 43)
D/FluidRenderer(25030): Force: (11, 17)
D/FluidRenderer(25030): cell: (50, 45)
D/FluidRenderer(25030): Force: (10, 13)
D/FluidRenderer(25030): cell: (51, 46)
D/FluidRenderer(25030): Force: (10, 15)
D/FluidRenderer(25030): cell: (52, 47)
D/FluidRenderer(25030): Force: (6, 9)
D/FluidRenderer(25030): cell: (53, 48)
D/FluidRenderer(25030): Force: (4, 6)
D/FluidRenderer(25030): cell: (53, 48)
D/FluidRenderer(25030): Force: (2, 3)
D/FluidRenderer(25030): cell: (54, 48)
D/FluidRenderer(25030): Force: (2, 2)
D/FluidRenderer(25030): cell: (54, 49)
D/FluidRenderer(25030): Force: (1, 1)
D/FluidRenderer(25030): cell: (54, 49)
D/FluidRenderer(25030): Force: (2, 3)
D/FluidRenderer(25030): cell: (55, 49)
D/FluidRenderer(25030): Force: (-390, -493)
D/FluidRenderer(25030): cell: (15, 16)
D/FluidRenderer(25030): Force: (0, 1)
D/FluidRenderer(25030): cell: (15, 16)
D/FluidRenderer(25030): Force: (9, 14)
D/FluidRenderer(25030): cell: (16, 17)
D/FluidRenderer(25030): Force: (10, 18)
D/FluidRenderer(25030): cell: (17, 18)
D/FluidRenderer(25030): Force: (10, 14)
D/FluidRenderer(25030): cell: (19, 19)
D/FluidRenderer(25030): Force: (9, 15)
D/FluidRenderer(25030): cell: (20, 20)
D/FluidRenderer(25030): Force: (6, 10)
D/FluidRenderer(25030): cell: (20, 21)
D/FluidRenderer(25030): Force: (4, 10)
D/FluidRenderer(25030): cell: (21, 22)
D/FluidRenderer(25030): Force: (11, 17)
D/FluidRenderer(25030): cell: (22, 23)
D/FluidRenderer(25030): Force: (9, 18)
D/FluidRenderer(25030): cell: (23, 24)
D/FluidRenderer(25030): Force: (12, 24)
D/FluidRenderer(25030): cell: (25, 26)
D/FluidRenderer(25030): Force: (11, 21)
D/FluidRenderer(25030): cell: (26, 28)
D/FluidRenderer(25030): Force: (12, 21)
D/FluidRenderer(25030): cell: (27, 29)
D/FluidRenderer(25030): Force: (15, 27)
D/FluidRenderer(25030): cell: (29, 31)
D/FluidRenderer(25030): Force: (11, 15)
D/FluidRenderer(25030): cell: (30, 32)
D/FluidRenderer(25030): Force: (10, 14)
D/FluidRenderer(25030): cell: (31, 33)
D/FluidRenderer(25030): Force: (9, 12)
D/FluidRenderer(25030): cell: (32, 34)
D/FluidRenderer(25030): Force: (6, 6)
D/FluidRenderer(25030): cell: (33, 35)
D/FluidRenderer(25030): Force: (11, 12)
D/FluidRenderer(25030): cell: (34, 36)
D/FluidRenderer(25030): Force: (7, 9)
D/FluidRenderer(25030): cell: (35, 36)
D/FluidRenderer(25030): Force: (1, 3)
D/FluidRenderer(25030): cell: (35, 37)
D/FluidRenderer(25030): Force: (7, 11)
D/FluidRenderer(25030): cell: (36, 37)
D/FluidRenderer(25030): Force: (9, 17)
D/FluidRenderer(25030): cell: (37, 39)
D/FluidRenderer(25030): Force: (5, 10)
D/FluidRenderer(25030): cell: (38, 39)
D/FluidRenderer(25030): Force: (1, 4)
D/FluidRenderer(25030): cell: (38, 40)
D/FluidRenderer(25030): Force: (1, 4)
D/FluidRenderer(25030): cell: (39, 40)
D/FluidRenderer(25030): Force: (2, 6)
D/FluidRenderer(25030): cell: (39, 41)
D/FluidRenderer(25030): Force: (1, 5)
D/FluidRenderer(25030): cell: (39, 41)
D/FluidRenderer(25030): Force: (3, 11)
D/FluidRenderer(25030): cell: (40, 42)
D/FluidRenderer(25030): Force: (3, 12)
D/FluidRenderer(25030): cell: (40, 43)
D/FluidRenderer(25030): Force: (6, 15)
D/FluidRenderer(25030): cell: (41, 44)
D/FluidRenderer(25030): Force: (7, 22)
D/FluidRenderer(25030): cell: (42, 46)
D/FluidRenderer(25030): Force: (11, 36)
D/FluidRenderer(25030): cell: (43, 48)
D/FluidRenderer(25030): Force: (11, 34)
D/FluidRenderer(25030): cell: (44, 51)
D/FluidRenderer(25030): Force: (4, 22)
D/FluidRenderer(25030): cell: (45, 52)
D/FluidRenderer(25030): Force: (2, 24)
D/FluidRenderer(25030): cell: (45, 54)
D/FluidRenderer(25030): Force: (1, 53)
D/FluidRenderer(25030): cell: (45, 58)
D/FluidRenderer(25030): Force: (-10, 42)
D/FluidRenderer(25030): cell: (45, 61)
D/FluidRenderer(25030): Force: (-4, 34)
D/FluidRenderer(25030): cell: (44, 63)
D/FluidRenderer(25030): Force: (-1, 7)
D/FluidRenderer(25030): cell: (44, 64)
D/FluidRenderer(25030): Force: (-63, -718)
D/FluidRenderer(25030): cell: (38, 15)
D/FluidRenderer(25030): Force: (-5, -1)
D/FluidRenderer(25030): cell: (37, 15)
D/FluidRenderer(25030): Force: (-11, 1)
D/FluidRenderer(25030): cell: (36, 15)
D/FluidRenderer(25030): Force: (-16, 2)
D/FluidRenderer(25030): cell: (35, 16)
D/FluidRenderer(25030): Force: (-21, 5)
D/FluidRenderer(25030): cell: (33, 16)
D/FluidRenderer(25030): Force: (-15, 7)
D/FluidRenderer(25030): cell: (31, 17)
D/FluidRenderer(25030): Force: (-19, 8)
D/FluidRenderer(25030): cell: (29, 17)
D/FluidRenderer(25030): Force: (-21, 12)
D/FluidRenderer(25030): cell: (27, 18)
D/FluidRenderer(25030): Force: (-31, 19)
D/FluidRenderer(25030): cell: (24, 19)
D/FluidRenderer(25030): Force: (-16, 11)
D/FluidRenderer(25030): cell: (23, 20)
D/FluidRenderer(25030): Force: (-16, 9)
D/FluidRenderer(25030): cell: (21, 21)
D/FluidRenderer(25030): Force: (-20, 14)
D/FluidRenderer(25030): cell: (19, 22)
D/FluidRenderer(25030): Force: (-20, 16)
D/FluidRenderer(25030): cell: (17, 23)
D/FluidRenderer(25030): Force: (-16, 16)
D/FluidRenderer(25030): cell: (15, 24)
D/FluidRenderer(25030): Force: (-15, 14)
D/FluidRenderer(25030): cell: (14, 25)
D/FluidRenderer(25030): Force: (-11, 17)
D/FluidRenderer(25030): cell: (13, 27)
D/FluidRenderer(25030): Force: (-9, 22)
D/FluidRenderer(25030): cell: (12, 28)
D/FluidRenderer(25030): Force: (-8, 35)
D/FluidRenderer(25030): cell: (11, 31)
D/FluidRenderer(25030): Force: (-4, 25)
D/FluidRenderer(25030): cell: (11, 32)
D/FluidRenderer(25030): Force: (-2, 24)
D/FluidRenderer(25030): cell: (11, 34)
D/FluidRenderer(25030): Force: (-1, 40)
D/FluidRenderer(25030): cell: (11, 37)
D/FluidRenderer(25030): Force: (0, 28)
D/FluidRenderer(25030): cell: (11, 39)
D/FluidRenderer(25030): Force: (0, 40)
D/FluidRenderer(25030): cell: (11, 42)
D/FluidRenderer(25030): Force: (0, 34)
D/FluidRenderer(25030): 300 frame in 5.0 seconds = 60.0 FPS
D/FluidRenderer(25030): cell: (11, 44)
